Archive member included to satisfy reference by file (symbol)

c:/users/85953/desktop/env-windows/tools/gnu_gcc/arm_gcc/mingw/bin/../lib/gcc/arm-none-eabi/10.3.1/../../../../arm-none-eabi/lib/thumb/v7e-m+fp/hard\libc.a(lib_a-atoi.o)
                              build\libraries\Board_Drivers\lcd\drv_lcd.o (atoi)
c:/users/85953/desktop/env-windows/tools/gnu_gcc/arm_gcc/mingw/bin/../lib/gcc/arm-none-eabi/10.3.1/../../../../arm-none-eabi/lib/thumb/v7e-m+fp/hard\libc.a(lib_a-ctype_.o)
                              build\kernel\components\drivers\misc\pin.o (_ctype_)
c:/users/85953/desktop/env-windows/tools/gnu_gcc/arm_gcc/mingw/bin/../lib/gcc/arm-none-eabi/10.3.1/../../../../arm-none-eabi/lib/thumb/v7e-m+fp/hard\libc.a(lib_a-exit.o)
                              c:/users/85953/desktop/env-windows/tools/gnu_gcc/arm_gcc/mingw/bin/../lib/gcc/arm-none-eabi/10.3.1/../../../../arm-none-eabi/lib/thumb/v7e-m+fp/hard/crt0.o (exit)
c:/users/85953/desktop/env-windows/tools/gnu_gcc/arm_gcc/mingw/bin/../lib/gcc/arm-none-eabi/10.3.1/../../../../arm-none-eabi/lib/thumb/v7e-m+fp/hard\libc.a(lib_a-impure.o)
                              c:/users/85953/desktop/env-windows/tools/gnu_gcc/arm_gcc/mingw/bin/../lib/gcc/arm-none-eabi/10.3.1/../../../../arm-none-eabi/lib/thumb/v7e-m+fp/hard\libc.a(lib_a-exit.o) (_global_impure_ptr)
c:/users/85953/desktop/env-windows/tools/gnu_gcc/arm_gcc/mingw/bin/../lib/gcc/arm-none-eabi/10.3.1/../../../../arm-none-eabi/lib/thumb/v7e-m+fp/hard\libc.a(lib_a-malloc.o)
                              build\kernel\components\libc\compilers\common\cstring.o (malloc)
c:/users/85953/desktop/env-windows/tools/gnu_gcc/arm_gcc/mingw/bin/../lib/gcc/arm-none-eabi/10.3.1/../../../../arm-none-eabi/lib/thumb/v7e-m+fp/hard\libc.a(lib_a-memcmp.o)
                              build\kernel\components\finsh\shell.o (memcmp)
c:/users/85953/desktop/env-windows/tools/gnu_gcc/arm_gcc/mingw/bin/../lib/gcc/arm-none-eabi/10.3.1/../../../../arm-none-eabi/lib/thumb/v7e-m+fp/hard\libc.a(lib_a-memset.o)
                              c:/users/85953/desktop/env-windows/tools/gnu_gcc/arm_gcc/mingw/bin/../lib/gcc/arm-none-eabi/10.3.1/../../../../arm-none-eabi/lib/thumb/v7e-m+fp/hard/crt0.o (memset)
c:/users/85953/desktop/env-windows/tools/gnu_gcc/arm_gcc/mingw/bin/../lib/gcc/arm-none-eabi/10.3.1/../../../../arm-none-eabi/lib/thumb/v7e-m+fp/hard\libc.a(lib_a-sprintf.o)
                              build\applications\screen.o (sprintf)
c:/users/85953/desktop/env-windows/tools/gnu_gcc/arm_gcc/mingw/bin/../lib/gcc/arm-none-eabi/10.3.1/../../../../arm-none-eabi/lib/thumb/v7e-m+fp/hard\libc.a(lib_a-strchr.o)
                              build\kernel\components\libc\compilers\common\cstring.o (strchr)
c:/users/85953/desktop/env-windows/tools/gnu_gcc/arm_gcc/mingw/bin/../lib/gcc/arm-none-eabi/10.3.1/../../../../arm-none-eabi/lib/thumb/v7e-m+fp/hard\libc.a(lib_a-strcmp.o)
                              build\kernel\components\drivers\misc\rt_drv_pwm.o (strcmp)
c:/users/85953/desktop/env-windows/tools/gnu_gcc/arm_gcc/mingw/bin/../lib/gcc/arm-none-eabi/10.3.1/../../../../arm-none-eabi/lib/thumb/v7e-m+fp/hard\libc.a(lib_a-strcpy.o)
                              build\kernel\components\finsh\shell.o (strcpy)
c:/users/85953/desktop/env-windows/tools/gnu_gcc/arm_gcc/mingw/bin/../lib/gcc/arm-none-eabi/10.3.1/../../../../arm-none-eabi/lib/thumb/v7e-m+fp/hard\libc.a(lib_a-strlen.o)
                              build\kernel\components\finsh\msh.o (strlen)
c:/users/85953/desktop/env-windows/tools/gnu_gcc/arm_gcc/mingw/bin/../lib/gcc/arm-none-eabi/10.3.1/../../../../arm-none-eabi/lib/thumb/v7e-m+fp/hard\libc.a(lib_a-strncat.o)
                              build\kernel\components\drivers\misc\pin.o (strncat)
c:/users/85953/desktop/env-windows/tools/gnu_gcc/arm_gcc/mingw/bin/../lib/gcc/arm-none-eabi/10.3.1/../../../../arm-none-eabi/lib/thumb/v7e-m+fp/hard\libc.a(lib_a-strncmp.o)
                              build\kernel\components\finsh\msh.o (strncmp)
c:/users/85953/desktop/env-windows/tools/gnu_gcc/arm_gcc/mingw/bin/../lib/gcc/arm-none-eabi/10.3.1/../../../../arm-none-eabi/lib/thumb/v7e-m+fp/hard\libc.a(lib_a-strncpy.o)
                              build\kernel\components\finsh\shell.o (strncpy)
c:/users/85953/desktop/env-windows/tools/gnu_gcc/arm_gcc/mingw/bin/../lib/gcc/arm-none-eabi/10.3.1/../../../../arm-none-eabi/lib/thumb/v7e-m+fp/hard\libc.a(lib_a-strrchr.o)
                              build\kernel\components\libc\compilers\common\cstring.o (strrchr)
c:/users/85953/desktop/env-windows/tools/gnu_gcc/arm_gcc/mingw/bin/../lib/gcc/arm-none-eabi/10.3.1/../../../../arm-none-eabi/lib/thumb/v7e-m+fp/hard\libc.a(lib_a-strtol.o)
                              c:/users/85953/desktop/env-windows/tools/gnu_gcc/arm_gcc/mingw/bin/../lib/gcc/arm-none-eabi/10.3.1/../../../../arm-none-eabi/lib/thumb/v7e-m+fp/hard\libc.a(lib_a-atoi.o) (_strtol_r)
[...]
Memory Configuration

Name             Origin             Length             Attributes
CODE             0x08000000         0x00100000         xr
RAM1             0x20000000         0x00020000         rw
RAM2             0x10000000         0x00010000         rw
MCUlcdgrambysram 0x68000000         0x00100000         rw
*default*        0x00000000         0xffffffff

Linker script and memory map

LOAD c:/users/85953/desktop/env-windows/tools/gnu_gcc/arm_gcc/mingw/bin/../lib/gcc/arm-none-eabi/10.3.1/thumb/v7e-m+fp/hard/crti.o
LOAD c:/users/85953/desktop/env-windows/tools/gnu_gcc/arm_gcc/mingw/bin/../lib/gcc/arm-none-eabi/10.3.1/thumb/v7e-m+fp/hard/crtbegin.o
LOAD c:/users/85953/desktop/env-windows/tools/gnu_gcc/arm_gcc/mingw/bin/../lib/gcc/arm-none-eabi/10.3.1/../../../../arm-none-eabi/lib/thumb/v7e-m+fp/hard/crt0.o
LOAD build\applications\main.o
LOAD build\applications\screen.o
LOAD build\board\board.o
LOAD build\board\CubeMX_Config\Src\stm32f4xx_hal_msp.o
LOAD build\libraries\Board_Drivers\lcd\drv_lcd.o
LOAD build\libraries\HAL_Drivers\drv_gpio.o
LOAD build\libraries\HAL_Drivers\drv_usart.o
LOAD build\libraries\HAL_Drivers\drv_common.o
LOAD build\libraries\HAL_Drivers\drv_rtc.o
LOAD build\libraries\HAL_Drivers\drv_pwm.o
LOAD build\libraries\STM32F4xx_HAL\STM32F4xx_HAL_Driver\Src\stm32f4xx_hal_crc.o
LOAD build\libraries\STM32F4xx_HAL\STM32F4xx_HAL_Driver\Src\stm32f4xx_hal_cortex.o
LOAD build\libraries\STM32F4xx_HAL\STM32F4xx_HAL_Driver\Src\stm32f4xx_hal_rng.o
LOAD build\libraries\STM32F4xx_HAL\STM32F4xx_HAL_Driver\Src\stm32f4xx_hal.o
LOAD build\libraries\STM32F4xx_HAL\STM32F4xx_HAL_Driver\Src\stm32f4xx_hal_rtc_ex.o
LOAD build\libraries\STM32F4xx_HAL\STM32F4xx_HAL_Driver\Src\stm32f4xx_hal_cryp.o
LOAD build\libraries\STM32F4xx_HAL\STM32F4xx_HAL_Driver\Src\stm32f4xx_hal_dma_ex.o
LOAD build\libraries\STM32F4xx_HAL\STM32F4xx_HAL_Driver\Src\stm32f4xx_hal_gpio.o
LOAD build\libraries\STM32F4xx_HAL\STM32F4xx_HAL_Driver\Src\stm32f4xx_hal_tim.o
LOAD build\libraries\STM32F4xx_HAL\STM32F4xx_HAL_Driver\Src\stm32f4xx_hal_pwr.o
LOAD build\libraries\STM32F4xx_HAL\STM32F4xx_HAL_Driver\Src\stm32f4xx_hal_sram.o
LOAD build\libraries\STM32F4xx_HAL\STM32F4xx_HAL_Driver\Src\stm32f4xx_hal_lptim.o
LOAD build\libraries\STM32F4xx_HAL\STM32F4xx_HAL_Driver\Src\stm32f4xx_hal_rcc_ex.o
LOAD build\libraries\STM32F4xx_HAL\STM32F4xx_HAL_Driver\Src\stm32f4xx_hal_pwr_ex.o
LOAD build\libraries\STM32F4xx_HAL\STM32F4xx_HAL_Driver\Src\stm32f4xx_hal_i2c.o
LOAD build\libraries\STM32F4xx_HAL\CMSIS\Device\ST\STM32F4xx\Source\Templates\system_stm32f4xx.o
LOAD build\libraries\STM32F4xx_HAL\STM32F4xx_HAL_Driver\Src\stm32f4xx_hal_cryp_ex.o
LOAD build\libraries\STM32F4xx_HAL\STM32F4xx_HAL_Driver\Src\stm32f4xx_hal_i2c_ex.o
LOAD build\libraries\STM32F4xx_HAL\STM32F4xx_HAL_Driver\Src\stm32f4xx_hal_uart.o
LOAD build\libraries\STM32F4xx_HAL\STM32F4xx_HAL_Driver\Src\stm32f4xx_hal_rtc.o
LOAD build\libraries\STM32F4xx_HAL\STM32F4xx_HAL_Driver\Src\stm32f4xx_ll_fsmc.o
LOAD build\libraries\STM32F4xx_HAL\STM32F4xx_HAL_Driver\Src\stm32f4xx_ll_fmc.o
LOAD build\libraries\STM32F4xx_HAL\STM32F4xx_HAL_Driver\Src\stm32f4xx_hal_rcc.o
LOAD build\libraries\STM32F4xx_HAL\STM32F4xx_HAL_Driver\Src\stm32f4xx_hal_usart.o
LOAD build\libraries\STM32F4xx_HAL\STM32F4xx_HAL_Driver\Src\stm32f4xx_hal_tim_ex.o
LOAD build\libraries\STM32F4xx_HAL\STM32F4xx_HAL_Driver\Src\stm32f4xx_hal_cec.o
LOAD build\libraries\STM32F4xx_HAL\CMSIS\Device\ST\STM32F4xx\Source\Templates\gcc\startup_stm32f407xx.o
LOAD build\libraries\STM32F4xx_HAL\STM32F4xx_HAL_Driver\Src\stm32f4xx_hal_dma.o
LOAD build\kernel\src\ipc.o
LOAD build\kernel\src\mem.o
LOAD build\kernel\src\clock.o
LOAD build\kernel\src\timer.o
LOAD build\kernel\src\kservice.o
LOAD build\kernel\src\object.o
LOAD build\kernel\src\device.o
LOAD build\kernel\src\components.o
LOAD build\kernel\src\idle.o
LOAD build\kernel\src\scheduler.o
LOAD build\kernel\src\mempool.o
LOAD build\kernel\src\irq.o
LOAD build\kernel\src\thread.o
LOAD build\kernel\libcpu\arm\common\div0.o
LOAD build\kernel\libcpu\arm\common\showmem.o
LOAD build\kernel\libcpu\arm\common\backtrace.o
LOAD build\kernel\libcpu\arm\cortex-m4\context_gcc.o
LOAD build\kernel\libcpu\arm\cortex-m4\cpuport.o
LOAD build\kernel\components\drivers\i2c\i2c_dev.o
LOAD build\kernel\components\drivers\i2c\i2c-bit-ops.o
LOAD build\kernel\components\drivers\i2c\i2c_core.o
LOAD build\kernel\components\drivers\ipc\completion.o
LOAD build\kernel\components\drivers\ipc\dataqueue.o
LOAD build\kernel\components\drivers\ipc\ringblk_buf.o
LOAD build\kernel\components\drivers\ipc\ringbuffer.o
LOAD build\kernel\components\drivers\ipc\waitqueue.o
LOAD build\kernel\components\drivers\ipc\pipe.o
LOAD build\kernel\components\drivers\ipc\workqueue.o
LOAD build\kernel\components\drivers\misc\pin.o
LOAD build\kernel\components\drivers\misc\rt_drv_pwm.o
LOAD build\kernel\components\drivers\rtc\rtc.o
LOAD build\kernel\components\drivers\serial\serial.o
LOAD build\kernel\components\finsh\cmd.o
LOAD build\kernel\components\finsh\msh.o
LOAD build\kernel\components\finsh\shell.o
LOAD build\kernel\components\finsh\msh_parse.o
LOAD build\kernel\components\libc\compilers\common\cstdio.o
LOAD build\kernel\components\libc\compilers\common\cwchar.o
LOAD build\kernel\components\libc\compilers\common\cstring.o
LOAD build\kernel\components\libc\compilers\common\cctype.o
LOAD build\kernel\components\libc\compilers\common\ctime.o
LOAD build\kernel\components\libc\compilers\common\cstdlib.o
LOAD build\kernel\components\libc\compilers\newlib\syscalls.o
LOAD c:/users/85953/desktop/env-windows/tools/gnu_gcc/arm_gcc/mingw/bin/../lib/gcc/arm-none-eabi/10.3.1/../../../../arm-none-eabi/lib/thumb/v7e-m+fp/hard\libc.a
LOAD c:/users/85953/desktop/env-windows/tools/gnu_gcc/arm_gcc/mingw/bin/../lib/gcc/arm-none-eabi/10.3.1/../../../../arm-none-eabi/lib/thumb/v7e-m+fp/hard\libm.a
START GROUP
LOAD c:/users/85953/desktop/env-windows/tools/gnu_gcc/arm_gcc/mingw/bin/../lib/gcc/arm-none-eabi/10.3.1/thumb/v7e-m+fp/hard\libgcc.a
LOAD c:/users/85953/desktop/env-windows/tools/gnu_gcc/arm_gcc/mingw/bin/../lib/gcc/arm-none-eabi/10.3.1/../../../../arm-none-eabi/lib/thumb/v7e-m+fp/hard\libc.a
END GROUP
LOAD c:/users/85953/desktop/env-windows/tools/gnu_gcc/arm_gcc/mingw/bin/../lib/gcc/arm-none-eabi/10.3.1/thumb/v7e-m+fp/hard/crtend.o
LOAD c:/users/85953/desktop/env-windows/tools/gnu_gcc/arm_gcc/mingw/bin/../lib/gcc/arm-none-eabi/10.3.1/thumb/v7e-m+fp/hard/crtn.o
                0x00000400                _system_stack_size = 0x400

.text           0x08000000    0x20518
                0x08000000                . = ALIGN (0x4)
                0x08000000                _stext = .
 *(.isr_vector)
 .isr_vector    0x08000000      0x188 build\libraries\STM32F4xx_HAL\CMSIS\Device\ST\STM32F4xx\Source\Templates\gcc\startup_stm32f407xx.o
                0x08000000                g_pfnVectors
                0x08000188                . = ALIGN (0x4)
 *(.text)
 .text          0x08000188       0x40 c:/users/85953/desktop/env-windows/tools/gnu_gcc/arm_gcc/mingw/bin/../lib/gcc/arm-none-eabi/10.3.1/thumb/v7e-m+fp/hard/crtbegin.o
 .text          0x080001c8      0x144 build\kernel\libcpu\arm\cortex-m4\context_gcc.o
                0x080001c8                rt_hw_interrupt_disable
                0x080001d0                rt_hw_interrupt_enable
                0x080001d6                rt_hw_context_switch_interrupt
                0x080001d6                rt_hw_context_switch
                0x080001f6                PendSV_Handler
                0x08000262                rt_hw_context_switch_to
                0x080002b0                rt_hw_interrupt_thread_switch
                0x080002b4                HardFault_Handler
 *fill*         0x0800030c       0x14 00000000
 .text          0x08000320      0x2dc c:/users/85953/desktop/env-windows/tools/gnu_gcc/arm_gcc/mingw/bin/../lib/gcc/arm-none-eabi/10.3.1/../../../../arm-none-eabi/lib/thumb/v7e-m+fp/hard\libc.a(lib_a-strcmp.o)
                0x08000328                strcmp
 *fill*         0x080005fc        0x4 00000000
 .text          0x08000600       0xdc c:/users/85953/desktop/env-windows/tools/gnu_gcc/arm_gcc/mingw/bin/../lib/gcc/arm-none-eabi/10.3.1/../../../../arm-none-eabi/lib/thumb/v7e-m+fp/hard\libc.a(lib_a-strlen.o)
                0x08000600                strlen
 *fill*         0x080006dc        0x4 00000000
 .text          0x080006e0       0xa0 c:/users/85953/desktop/env-windows/tools/gnu_gcc/arm_gcc/mingw/bin/../lib/gcc/arm-none-eabi/10.3.1/../../../../arm-none-eabi/lib/thumb/v7e-m+fp/hard\libc.a(lib_a-memchr.o)
                0x080006e0                memchr
 .text          0x08000780      0x134 c:/users/85953/desktop/env-windows/tools/gnu_gcc/arm_gcc/mingw/bin/../lib/gcc/arm-none-eabi/10.3.1/../../../../arm-none-eabi/lib/thumb/v7e-m+fp/hard\libc.a(lib_a-memcpy.o)
                0x08000780                memcpy
 .text          0x080008b4      0x378 c:/users/85953/desktop/env-windows/tools/gnu_gcc/arm_gcc/mingw/bin/../lib/gcc/arm-none-eabi/10.3.1/thumb/v7e-m+fp/hard\libgcc.a(_arm_addsubdf3.o)
                0x080008b4                __aeabi_drsub
                0x080008bc                __aeabi_dsub
                0x080008bc                __subdf3
                0x080008c0                __aeabi_dadd
                0x080008c0                __adddf3
                0x08000b38                __floatunsidf
                0x08000b38                __aeabi_ui2d
                0x08000b58                __floatsidf
                0x08000b58                __aeabi_i2d
                0x08000b7c                __aeabi_f2d
                0x08000b7c                __extendsfdf2
                0x08000bc0                __floatundidf
                0x08000bc0                __aeabi_ul2d
                0x08000bd0                __floatdidf
                0x08000bd0                __aeabi_l2d
 .text          0x08000c2c      0x424 c:/users/85953/desktop/env-windows/tools/gnu_gcc/arm_gcc/mingw/bin/../lib/gcc/arm-none-eabi/10.3.1/thumb/v7e-m+fp/hard\libgcc.a(_arm_muldivdf3.o)
                0x08000c2c                __aeabi_dmul
                0x08000c2c                __muldf3
                0x08000e80                __divdf3
                0x08000e80                __aeabi_ddiv
 .text          0x08001050      0x110 c:/users/85953/desktop/env-windows/tools/gnu_gcc/arm_gcc/mingw/bin/../lib/gcc/arm-none-eabi/10.3.1/thumb/v7e-m+fp/hard\libgcc.a(_arm_cmpdf2.o)
                0x08001050                __gtdf2
                0x08001050                __gedf2
                0x08001058                __ltdf2
                0x08001058                __ledf2
                0x08001060                __nedf2
                0x08001060                __eqdf2
                0x08001060                __cmpdf2
                0x080010dc                __aeabi_cdrcmple
                0x080010ec                __aeabi_cdcmpeq
                0x080010ec                __aeabi_cdcmple
                0x080010fc                __aeabi_dcmpeq
                0x08001110                __aeabi_dcmplt
                0x08001124                __aeabi_dcmple
                0x08001138                __aeabi_dcmpge
                0x0800114c                __aeabi_dcmpgt
 .text          0x08001160       0x2c c:/users/85953/desktop/env-windows/tools/gnu_gcc/arm_gcc/mingw/bin/../lib/gcc/arm-none-eabi/10.3.1/thumb/v7e-m+fp/hard\libgcc.a(_arm_unorddf2.o)
                0x08001160                __unorddf2
                0x08001160                __aeabi_dcmpun
 .text          0x0800118c       0x50 c:/users/85953/desktop/env-windows/tools/gnu_gcc/arm_gcc/mingw/bin/../lib/gcc/arm-none-eabi/10.3.1/thumb/v7e-m+fp/hard\libgcc.a(_arm_fixdfsi.o)
                0x0800118c                __aeabi_d2iz
                0x0800118c                __fixdfsi
 .text          0x080011dc       0xa0 c:/users/85953/desktop/env-windows/tools/gnu_gcc/arm_gcc/mingw/bin/../lib/gcc/arm-none-eabi/10.3.1/thumb/v7e-m+fp/hard\libgcc.a(_aeabi_ldivmod.o)
                0x080011dc                __aeabi_ldivmod
 .text          0x0800127c       0x30 c:/users/85953/desktop/env-windows/tools/gnu_gcc/arm_gcc/mingw/bin/../lib/gcc/arm-none-eabi/10.3.1/thumb/v7e-m+fp/hard\libgcc.a(_aeabi_uldivmod.o)
                0x0800127c                __aeabi_uldivmod
 .text          0x080012ac      0x2d0 c:/users/85953/desktop/env-windows/tools/gnu_gcc/arm_gcc/mingw/bin/../lib/gcc/arm-none-eabi/10.3.1/thumb/v7e-m+fp/hard\libgcc.a(_udivmoddi4.o)
                0x080012ac                __udivmoddi4
 .text          0x0800157c        0x4 c:/users/85953/desktop/env-windows/tools/gnu_gcc/arm_gcc/mingw/bin/../lib/gcc/arm-none-eabi/10.3.1/thumb/v7e-m+fp/hard\libgcc.a(_dvmd_tls.o)
                0x0800157c                __aeabi_idiv0
                0x0800157c                __aeabi_ldiv0
 *(.text.*)
 .text.main     0x08001580        0xe build\applications\main.o
                0x08001580                main
 *fill*         0x0800158e        0x2 00000000
 .text.rtc_init
                0x08001590       0xa4 build\applications\main.o
                0x08001590                rtc_init
 .text.screen_entry
                0x08001634       0xc0 build\applications\screen.o
 .text.thread_screen
                0x080016f4       0x48 build\applications\screen.o
                0x080016f4                thread_screen
 .text.SystemClock_Config
                0x0800173c      0x118 build\board\board.o
                0x0800173c                SystemClock_Config
 .text.HAL_MspInit
                0x08001854       0x50 build\board\CubeMX_Config\Src\stm32f4xx_hal_msp.o
                0x08001854                HAL_MspInit
 .text.HAL_RTC_MspInit
                0x080018a4       0x2c build\board\CubeMX_Config\Src\stm32f4xx_hal_msp.o
                0x080018a4                HAL_RTC_MspInit
 .text.HAL_TIM_Base_MspInit
                0x080018d0       0xf0 build\board\CubeMX_Config\Src\stm32f4xx_hal_msp.o
                0x080018d0                HAL_TIM_Base_MspInit
 .text.HAL_TIM_MspPostInit
                0x080019c0      0x110 build\board\CubeMX_Config\Src\stm32f4xx_hal_msp.o
                0x080019c0                HAL_TIM_MspPostInit
 .text.HAL_UART_MspInit
                0x08001ad0      0x110 build\board\CubeMX_Config\Src\stm32f4xx_hal_msp.o
                0x08001ad0                HAL_UART_MspInit
 .text.HAL_UART_MspDeInit
                0x08001be0       0x6c build\board\CubeMX_Config\Src\stm32f4xx_hal_msp.o
                0x08001be0                HAL_UART_MspDeInit
 .text.HAL_FSMC_MspInit
                0x08001c4c       0xbc build\board\CubeMX_Config\Src\stm32f4xx_hal_msp.o
 .text.HAL_SRAM_MspInit
                0x08001d08       0x14 build\board\CubeMX_Config\Src\stm32f4xx_hal_msp.o
                0x08001d08                HAL_SRAM_MspInit
 .text.LCD_WR_REG
                0x08001d1c       0x20 build\libraries\Board_Drivers\lcd\drv_lcd.o
                0x08001d1c                LCD_WR_REG
 .text.LCD_WR_DATA16
                0x08001d3c       0x20 build\libraries\Board_Drivers\lcd\drv_lcd.o
                0x08001d3c                LCD_WR_DATA16
 .text.LCD_WR_DATA8
                0x08001d5c       0x20 build\libraries\Board_Drivers\lcd\drv_lcd.o
                0x08001d5c                LCD_WR_DATA8
 .text.LCD_RD_DATA8
                0x08001d7c       0x18 build\libraries\Board_Drivers\lcd\drv_lcd.o
                0x08001d7c                LCD_RD_DATA8
 .text.LCD_WriteRAM_Prepare
                0x08001d94       0x20 build\libraries\Board_Drivers\lcd\drv_lcd.o
                0x08001d94                LCD_WriteRAM_Prepare
 .text.LCD_SetCursor
                0x08001db4       0x64 build\libraries\Board_Drivers\lcd\drv_lcd.o
                0x08001db4                LCD_SetCursor
 .text.LCD_ReadPoint
                0x08001e18       0xac build\libraries\Board_Drivers\lcd\drv_lcd.o
                0x08001e18                LCD_ReadPoint
 .text.LCD_PWM_BackLightInit
                0x08001ec4       0x54 build\libraries\Board_Drivers\lcd\drv_lcd.o
                0x08001ec4                LCD_PWM_BackLightInit
 .text.LCD_BackLightSet
                0x08001f18       0x8c build\libraries\Board_Drivers\lcd\drv_lcd.o
                0x08001f18                LCD_BackLightSet
 .text.LCD_Fast_DrawPoint
                0x08001fa4       0x80 build\libraries\Board_Drivers\lcd\drv_lcd.o
 .text.LCD_Display_Dir
                0x08002024       0x64 build\libraries\Board_Drivers\lcd\drv_lcd.o
                0x08002024                LCD_Display_Dir
 .text.lcd_write_half_word
                0x08002088       0x32 build\libraries\Board_Drivers\lcd\drv_lcd.o
 .text.lcd_write_data_buffer
                0x080020ba       0x46 build\libraries\Board_Drivers\lcd\drv_lcd.o
 .text.lcd_set_color
                0x08002100       0x30 build\libraries\Board_Drivers\lcd\drv_lcd.o
                0x08002100                lcd_set_color
 .text.lcd_address_set
                0x08002130       0xa8 build\libraries\Board_Drivers\lcd\drv_lcd.o
                0x08002130                lcd_address_set
 .text.lcd_clear
                0x080021d8       0x64 build\libraries\Board_Drivers\lcd\drv_lcd.o
                0x080021d8                lcd_clear
 .text.lcd_show_char
                0x0800223c      0x544 build\libraries\Board_Drivers\lcd\drv_lcd.o
 .text.lcd_show_string
                0x08002780      0x100 build\libraries\Board_Drivers\lcd\drv_lcd.o
                0x08002780                lcd_show_string
 .text.LCD_DrawLine
                0x08002880      0x100 build\libraries\Board_Drivers\lcd\drv_lcd.o
                0x08002880                LCD_DrawLine
 .text.LCD_HLine
                0x08002980       0x30 build\libraries\Board_Drivers\lcd\drv_lcd.o
                0x08002980                LCD_HLine
 .text.LCD_VLine
                0x080029b0       0x30 build\libraries\Board_Drivers\lcd\drv_lcd.o
                0x080029b0                LCD_VLine
 .text.LCD_BlitLine
                0x080029e0       0x50 build\libraries\Board_Drivers\lcd\drv_lcd.o
                0x080029e0                LCD_BlitLine
 .text.drv_lcd_init
                0x08002a30      0x348 build\libraries\Board_Drivers\lcd\drv_lcd.o
                0x08002a30                drv_lcd_init
 .text.drv_lcd_control
                0x08002d78       0x6c build\libraries\Board_Drivers\lcd\drv_lcd.o
 .text.drv_lcd_hw_init
                0x08002de4       0x68 build\libraries\Board_Drivers\lcd\drv_lcd.o
                0x08002de4                drv_lcd_hw_init
 .text.lcd_auto_fill
                0x08002e4c       0x4c build\libraries\Board_Drivers\lcd\drv_lcd.o
                0x08002e4c                lcd_auto_fill
 .text.lcd_fill_test
                0x08002e98       0xa0 build\libraries\Board_Drivers\lcd\drv_lcd.o
                0x08002e98                lcd_fill_test
 .text.stm32_pin_get
                0x08002f38       0xb2 build\libraries\HAL_Drivers\drv_gpio.o
 .text.stm32_pin_write
                0x08002fea       0x54 build\libraries\HAL_Drivers\drv_gpio.o
 .text.stm32_pin_read
                0x0800303e       0x58 build\libraries\HAL_Drivers\drv_gpio.o
 .text.stm32_pin_mode
                0x08003096       0xb0 build\libraries\HAL_Drivers\drv_gpio.o
 .text.bit2bitno
                0x08003146       0x3c build\libraries\HAL_Drivers\drv_gpio.o
 *fill*         0x08003182        0x2 00000000
 .text.get_pin_irq_map
                0x08003184       0x34 build\libraries\HAL_Drivers\drv_gpio.o
 .text.stm32_pin_attach_irq
                0x080031b8      0x154 build\libraries\HAL_Drivers\drv_gpio.o
 .text.stm32_pin_dettach_irq
                0x0800330c       0xdc build\libraries\HAL_Drivers\drv_gpio.o
 .text.stm32_pin_irq_enable
                0x080033e8      0x234 build\libraries\HAL_Drivers\drv_gpio.o
 .text.pin_irq_hdr
                0x0800361c       0x54 build\libraries\HAL_Drivers\drv_gpio.o
 .text.HAL_GPIO_EXTI_Callback
                0x08003670       0x22 build\libraries\HAL_Drivers\drv_gpio.o
                0x08003670                HAL_GPIO_EXTI_Callback
 .text.EXTI0_IRQHandler
                0x08003692       0x16 build\libraries\HAL_Drivers\drv_gpio.o
                0x08003692                EXTI0_IRQHandler
 .text.EXTI1_IRQHandler
                0x080036a8       0x16 build\libraries\HAL_Drivers\drv_gpio.o
                0x080036a8                EXTI1_IRQHandler
 .text.EXTI2_IRQHandler
                0x080036be       0x16 build\libraries\HAL_Drivers\drv_gpio.o
                0x080036be                EXTI2_IRQHandler
 .text.EXTI3_IRQHandler
                0x080036d4       0x16 build\libraries\HAL_Drivers\drv_gpio.o
                0x080036d4                EXTI3_IRQHandler
 .text.EXTI4_IRQHandler
                0x080036ea       0x16 build\libraries\HAL_Drivers\drv_gpio.o
                0x080036ea                EXTI4_IRQHandler
 .text.EXTI9_5_IRQHandler
                0x08003700       0x32 build\libraries\HAL_Drivers\drv_gpio.o
                0x08003700                EXTI9_5_IRQHandler
 .text.EXTI15_10_IRQHandler
                0x08003732       0x40 build\libraries\HAL_Drivers\drv_gpio.o
                0x08003732                EXTI15_10_IRQHandler
 *fill*         0x08003772        0x2 00000000
 .text.rt_hw_pin_init
                0x08003774      0x124 build\libraries\HAL_Drivers\drv_gpio.o
                0x08003774                rt_hw_pin_init
 .text.__NVIC_DisableIRQ
                0x08003898       0x48 build\libraries\HAL_Drivers\drv_usart.o
 .text.stm32_configure
                0x080038e0      0x180 build\libraries\HAL_Drivers\drv_usart.o
 .text.stm32_control
                0x08003a60      0x188 build\libraries\HAL_Drivers\drv_usart.o
 .text.stm32_uart_get_mask
                0x08003be8       0x4a build\libraries\HAL_Drivers\drv_usart.o
                0x08003be8                stm32_uart_get_mask
 *fill*         0x08003c32        0x2 00000000
 .text.stm32_putc
                0x08003c34       0x5c build\libraries\HAL_Drivers\drv_usart.o
 .text.stm32_getc
                0x08003c90       0x64 build\libraries\HAL_Drivers\drv_usart.o
 .text.stm32_dma_transmit
                0x08003cf4       0x7c build\libraries\HAL_Drivers\drv_usart.o
 .text.uart_isr
                0x08003d70      0x22c build\libraries\HAL_Drivers\drv_usart.o
 .text.dma_isr  0x08003f9c       0xc8 build\libraries\HAL_Drivers\drv_usart.o
 .text.USART1_IRQHandler
                0x08004064       0x1c build\libraries\HAL_Drivers\drv_usart.o
                0x08004064                USART1_IRQHandler
 .text.stm32_uart_get_dma_config
                0x08004080       0x1c build\libraries\HAL_Drivers\drv_usart.o
 .text.stm32_dma_config
                0x0800409c      0x1fc build\libraries\HAL_Drivers\drv_usart.o
 .text.HAL_UART_ErrorCallback
                0x08004298       0x30 build\libraries\HAL_Drivers\drv_usart.o
                0x08004298                HAL_UART_ErrorCallback
 .text.HAL_UART_RxCpltCallback
                0x080042c8       0x3c build\libraries\HAL_Drivers\drv_usart.o
                0x080042c8                HAL_UART_RxCpltCallback
 .text.HAL_UART_RxHalfCpltCallback
                0x08004304       0x3c build\libraries\HAL_Drivers\drv_usart.o
                0x08004304                HAL_UART_RxHalfCpltCallback
 .text._dma_tx_complete
                0x08004340       0x58 build\libraries\HAL_Drivers\drv_usart.o
 .text.HAL_UART_TxCpltCallback
                0x08004398       0x3c build\libraries\HAL_Drivers\drv_usart.o
                0x08004398                HAL_UART_TxCpltCallback
 .text.rt_hw_usart_init
                0x080043d4      0x104 build\libraries\HAL_Drivers\drv_usart.o
                0x080043d4                rt_hw_usart_init
 .text.__NVIC_SetPriority
                0x080044d8       0x54 build\libraries\HAL_Drivers\drv_common.o
 .text.reboot   0x0800452c       0x18 build\libraries\HAL_Drivers\drv_common.o
 .text.rt_hw_systick_init
                0x08004544       0x44 build\libraries\HAL_Drivers\drv_common.o
                0x08004544                rt_hw_systick_init
 .text.SysTick_Handler
                0x08004588       0x28 build\libraries\HAL_Drivers\drv_common.o
                0x08004588                SysTick_Handler
 .text.HAL_GetTick
                0x080045b0       0x24 build\libraries\HAL_Drivers\drv_common.o
                0x080045b0                HAL_GetTick
 .text.HAL_IncTick
                0x080045d4       0x24 build\libraries\HAL_Drivers\drv_common.o
                0x080045d4                HAL_IncTick
 .text.HAL_InitTick
                0x080045f8       0x16 build\libraries\HAL_Drivers\drv_common.o
                0x080045f8                HAL_InitTick
 *fill*         0x0800460e        0x2 00000000
 .text._Error_Handler
                0x08004610       0x30 build\libraries\HAL_Drivers\drv_common.o
                0x08004610                _Error_Handler
 .text.rt_hw_board_init
                0x08004640       0x38 build\libraries\HAL_Drivers\drv_common.o
                0x08004640                rt_hw_board_init
 .text.stm32_rtc_get_timeval
                0x08004678       0x90 build\libraries\HAL_Drivers\drv_rtc.o
 .text.set_rtc_time_stamp
                0x08004708       0xd8 build\libraries\HAL_Drivers\drv_rtc.o
 .text.rt_rtc_config
                0x080047e0       0xb0 build\libraries\HAL_Drivers\drv_rtc.o
 .text.stm32_rtc_init
                0x08004890       0x88 build\libraries\HAL_Drivers\drv_rtc.o
 .text.stm32_rtc_get_secs
                0x08004918       0x26 build\libraries\HAL_Drivers\drv_rtc.o
 .text.stm32_rtc_set_secs
                0x0800493e       0x30 build\libraries\HAL_Drivers\drv_rtc.o
 .text.stm32_rtc_get_alarm
                0x0800496e       0x18 build\libraries\HAL_Drivers\drv_rtc.o
 .text.stm32_rtc_set_alarm
                0x08004986       0x18 build\libraries\HAL_Drivers\drv_rtc.o
 *fill*         0x0800499e        0x2 00000000
 .text.rt_hw_rtc_init
                0x080049a0       0x5c build\libraries\HAL_Drivers\drv_rtc.o
 .text.pclkx_doubler_get
                0x080049fc       0x84 build\libraries\HAL_Drivers\drv_pwm.o
 .text.tim_clock_get
                0x08004a80       0x84 build\libraries\HAL_Drivers\drv_pwm.o
 .text.drv_pwm_enable
                0x08004b04       0x62 build\libraries\HAL_Drivers\drv_pwm.o
 *fill*         0x08004b66        0x2 00000000
 .text.drv_pwm_get
                0x08004b68      0x134 build\libraries\HAL_Drivers\drv_pwm.o
 .text.drv_pwm_set
                0x08004c9c      0x1c8 build\libraries\HAL_Drivers\drv_pwm.o
 .text.drv_pwm_set_period
                0x08004e64       0xd4 build\libraries\HAL_Drivers\drv_pwm.o
 .text.drv_pwm_set_pulse
                0x08004f38      0x11c build\libraries\HAL_Drivers\drv_pwm.o
 .text.drv_pwm_control
                0x08005054       0xac build\libraries\HAL_Drivers\drv_pwm.o
 .text.stm32_hw_pwm_init
                0x08005100      0x2b4 build\libraries\HAL_Drivers\drv_pwm.o
 .text.pwm_get_channel
                0x080053b4       0x24 build\libraries\HAL_Drivers\drv_pwm.o
 .text.stm32_pwm_init
                0x080053d8       0xf0 build\libraries\HAL_Drivers\drv_pwm.o
 .text.__NVIC_SetPriorityGrouping
                0x080054c8       0x48 build\libraries\STM32F4xx_HAL\STM32F4xx_HAL_Driver\Src\stm32f4xx_hal_cortex.o
 .text.__NVIC_GetPriorityGrouping
                0x08005510       0x1c build\libraries\STM32F4xx_HAL\STM32F4xx_HAL_Driver\Src\stm32f4xx_hal_cortex.o
 .text.__NVIC_EnableIRQ
                0x0800552c       0x3c build\libraries\STM32F4xx_HAL\STM32F4xx_HAL_Driver\Src\stm32f4xx_hal_cortex.o
 .text.__NVIC_DisableIRQ
                0x08005568       0x48 build\libraries\STM32F4xx_HAL\STM32F4xx_HAL_Driver\Src\stm32f4xx_hal_cortex.o
 .text.__NVIC_SetPriority
                0x080055b0       0x54 build\libraries\STM32F4xx_HAL\STM32F4xx_HAL_Driver\Src\stm32f4xx_hal_cortex.o
 .text.NVIC_EncodePriority
                0x08005604       0x66 build\libraries\STM32F4xx_HAL\STM32F4xx_HAL_Driver\Src\stm32f4xx_hal_cortex.o
 *fill*         0x0800566a        0x2 00000000
 .text.SysTick_Config
                0x0800566c       0x44 build\libraries\STM32F4xx_HAL\STM32F4xx_HAL_Driver\Src\stm32f4xx_hal_cortex.o
 .text.HAL_NVIC_SetPriorityGrouping
                0x080056b0       0x16 build\libraries\STM32F4xx_HAL\STM32F4xx_HAL_Driver\Src\stm32f4xx_hal_cortex.o
                0x080056b0                HAL_NVIC_SetPriorityGrouping
 .text.HAL_NVIC_SetPriority
                0x080056c6       0x38 build\libraries\STM32F4xx_HAL\STM32F4xx_HAL_Driver\Src\stm32f4xx_hal_cortex.o
                0x080056c6                HAL_NVIC_SetPriority
 .text.HAL_NVIC_EnableIRQ
                0x080056fe       0x1c build\libraries\STM32F4xx_HAL\STM32F4xx_HAL_Driver\Src\stm32f4xx_hal_cortex.o
                0x080056fe                HAL_NVIC_EnableIRQ
 .text.HAL_NVIC_DisableIRQ
                0x0800571a       0x1c build\libraries\STM32F4xx_HAL\STM32F4xx_HAL_Driver\Src\stm32f4xx_hal_cortex.o
                0x0800571a                HAL_NVIC_DisableIRQ
 .text.HAL_SYSTICK_Config
                0x08005736       0x18 build\libraries\STM32F4xx_HAL\STM32F4xx_HAL_Driver\Src\stm32f4xx_hal_cortex.o
                0x08005736                HAL_SYSTICK_Config
 *fill*         0x0800574e        0x2 00000000
 .text.HAL_Init
                0x08005750       0x44 build\libraries\STM32F4xx_HAL\STM32F4xx_HAL_Driver\Src\stm32f4xx_hal.o
                0x08005750                HAL_Init
 .text.HAL_RTCEx_BKUPWrite
                0x08005794       0x34 build\libraries\STM32F4xx_HAL\STM32F4xx_HAL_Driver\Src\stm32f4xx_hal_rtc_ex.o
                0x08005794                HAL_RTCEx_BKUPWrite
 .text.HAL_RTCEx_BKUPRead
                0x080057c8       0x30 build\libraries\STM32F4xx_HAL\STM32F4xx_HAL_Driver\Src\stm32f4xx_hal_rtc_ex.o
                0x080057c8                HAL_RTCEx_BKUPRead
 .text.HAL_GPIO_Init
                0x080057f8      0x338 build\libraries\STM32F4xx_HAL\STM32F4xx_HAL_Driver\Src\stm32f4xx_hal_gpio.o
                0x080057f8                HAL_GPIO_Init
 .text.HAL_GPIO_DeInit
                0x08005b30      0x1f8 build\libraries\STM32F4xx_HAL\STM32F4xx_HAL_Driver\Src\stm32f4xx_hal_gpio.o
                0x08005b30                HAL_GPIO_DeInit
 .text.HAL_GPIO_ReadPin
                0x08005d28       0x30 build\libraries\STM32F4xx_HAL\STM32F4xx_HAL_Driver\Src\stm32f4xx_hal_gpio.o
                0x08005d28                HAL_GPIO_ReadPin
 .text.HAL_GPIO_WritePin
                0x08005d58       0x32 build\libraries\STM32F4xx_HAL\STM32F4xx_HAL_Driver\Src\stm32f4xx_hal_gpio.o
                0x08005d58                HAL_GPIO_WritePin
 *fill*         0x08005d8a        0x2 00000000
 .text.HAL_GPIO_EXTI_IRQHandler
                0x08005d8c       0x30 build\libraries\STM32F4xx_HAL\STM32F4xx_HAL_Driver\Src\stm32f4xx_hal_gpio.o
                0x08005d8c                HAL_GPIO_EXTI_IRQHandler
 .text.HAL_TIM_Base_Init
                0x08005dbc       0x9e build\libraries\STM32F4xx_HAL\STM32F4xx_HAL_Driver\Src\stm32f4xx_hal_tim.o
                0x08005dbc                HAL_TIM_Base_Init
 .text.HAL_TIM_PWM_Init
                0x08005e5a       0x9e build\libraries\STM32F4xx_HAL\STM32F4xx_HAL_Driver\Src\stm32f4xx_hal_tim.o
                0x08005e5a                HAL_TIM_PWM_Init
 .text.HAL_TIM_PWM_MspInit
                0x08005ef8       0x14 build\libraries\STM32F4xx_HAL\STM32F4xx_HAL_Driver\Src\stm32f4xx_hal_tim.o
                0x08005ef8                HAL_TIM_PWM_MspInit
 .text.HAL_TIM_PWM_Start
                0x08005f0c      0x190 build\libraries\STM32F4xx_HAL\STM32F4xx_HAL_Driver\Src\stm32f4xx_hal_tim.o
                0x08005f0c                HAL_TIM_PWM_Start
 .text.HAL_TIM_PWM_Stop
                0x0800609c       0xe0 build\libraries\STM32F4xx_HAL\STM32F4xx_HAL_Driver\Src\stm32f4xx_hal_tim.o
                0x0800609c                HAL_TIM_PWM_Stop
 .text.HAL_TIM_PWM_ConfigChannel
                0x0800617c      0x184 build\libraries\STM32F4xx_HAL\STM32F4xx_HAL_Driver\Src\stm32f4xx_hal_tim.o
                0x0800617c                HAL_TIM_PWM_ConfigChannel
 .text.HAL_TIM_ConfigClockSource
                0x08006300      0x18e build\libraries\STM32F4xx_HAL\STM32F4xx_HAL_Driver\Src\stm32f4xx_hal_tim.o
                0x08006300                HAL_TIM_ConfigClockSource
 *fill*         0x0800648e        0x2 00000000
 .text.TIM_Base_SetConfig
                0x08006490      0x140 build\libraries\STM32F4xx_HAL\STM32F4xx_HAL_Driver\Src\stm32f4xx_hal_tim.o
                0x08006490                TIM_Base_SetConfig
 .text.TIM_OC1_SetConfig
                0x080065d0       0xe0 build\libraries\STM32F4xx_HAL\STM32F4xx_HAL_Driver\Src\stm32f4xx_hal_tim.o
 .text.TIM_OC2_SetConfig
                0x080066b0       0xec build\libraries\STM32F4xx_HAL\STM32F4xx_HAL_Driver\Src\stm32f4xx_hal_tim.o
                0x080066b0                TIM_OC2_SetConfig
 .text.TIM_OC3_SetConfig
                0x0800679c       0xe8 build\libraries\STM32F4xx_HAL\STM32F4xx_HAL_Driver\Src\stm32f4xx_hal_tim.o
 .text.TIM_OC4_SetConfig
                0x08006884       0xac build\libraries\STM32F4xx_HAL\STM32F4xx_HAL_Driver\Src\stm32f4xx_hal_tim.o
 .text.TIM_TI1_ConfigInputStage
                0x08006930       0x5e build\libraries\STM32F4xx_HAL\STM32F4xx_HAL_Driver\Src\stm32f4xx_hal_tim.o
 .text.TIM_TI2_ConfigInputStage
                0x0800698e       0x60 build\libraries\STM32F4xx_HAL\STM32F4xx_HAL_Driver\Src\stm32f4xx_hal_tim.o
 .text.TIM_ITRx_SetConfig
                0x080069ee       0x36 build\libraries\STM32F4xx_HAL\STM32F4xx_HAL_Driver\Src\stm32f4xx_hal_tim.o
 .text.TIM_ETR_SetConfig
                0x08006a24       0x40 build\libraries\STM32F4xx_HAL\STM32F4xx_HAL_Driver\Src\stm32f4xx_hal_tim.o
                0x08006a24                TIM_ETR_SetConfig
 .text.TIM_CCxChannelCmd
                0x08006a64       0x4a build\libraries\STM32F4xx_HAL\STM32F4xx_HAL_Driver\Src\stm32f4xx_hal_tim.o
                0x08006a64                TIM_CCxChannelCmd
 *fill*         0x08006aae        0x2 00000000
 .text.HAL_PWR_EnableBkUpAccess
                0x08006ab0       0x28 build\libraries\STM32F4xx_HAL\STM32F4xx_HAL_Driver\Src\stm32f4xx_hal_pwr.o
                0x08006ab0                HAL_PWR_EnableBkUpAccess
 .text.HAL_SRAM_Init
                0x08006ad8       0x88 build\libraries\STM32F4xx_HAL\STM32F4xx_HAL_Driver\Src\stm32f4xx_hal_sram.o
                0x08006ad8                HAL_SRAM_Init
 .text.HAL_RCCEx_PeriphCLKConfig
                0x08006b60      0x1c4 build\libraries\STM32F4xx_HAL\STM32F4xx_HAL_Driver\Src\stm32f4xx_hal_rcc_ex.o
                0x08006b60                HAL_RCCEx_PeriphCLKConfig
 .text.SystemInit
                0x08006d24       0x24 build\libraries\STM32F4xx_HAL\CMSIS\Device\ST\STM32F4xx\Source\Templates\system_stm32f4xx.o
                0x08006d24                SystemInit
 .text.HAL_UART_Init
                0x08006d48       0x9a build\libraries\STM32F4xx_HAL\STM32F4xx_HAL_Driver\Src\stm32f4xx_hal_uart.o
                0x08006d48                HAL_UART_Init
 .text.HAL_UART_DeInit
                0x08006de2       0x5e build\libraries\STM32F4xx_HAL\STM32F4xx_HAL_Driver\Src\stm32f4xx_hal_uart.o
                0x08006de2                HAL_UART_DeInit
 .text.HAL_UART_Transmit_DMA
                0x08006e40       0xfc build\libraries\STM32F4xx_HAL\STM32F4xx_HAL_Driver\Src\stm32f4xx_hal_uart.o
                0x08006e40                HAL_UART_Transmit_DMA
 .text.HAL_UART_Receive_DMA
                0x08006f3c       0x60 build\libraries\STM32F4xx_HAL\STM32F4xx_HAL_Driver\Src\stm32f4xx_hal_uart.o
                0x08006f3c                HAL_UART_Receive_DMA
 .text.HAL_UART_IRQHandler
                0x08006f9c      0x51c build\libraries\STM32F4xx_HAL\STM32F4xx_HAL_Driver\Src\stm32f4xx_hal_uart.o
                0x08006f9c                HAL_UART_IRQHandler
 .text.HAL_UART_TxHalfCpltCallback
                0x080074b8       0x14 build\libraries\STM32F4xx_HAL\STM32F4xx_HAL_Driver\Src\stm32f4xx_hal_uart.o
                0x080074b8                HAL_UART_TxHalfCpltCallback
 .text.HAL_UARTEx_RxEventCallback
                0x080074cc       0x18 build\libraries\STM32F4xx_HAL\STM32F4xx_HAL_Driver\Src\stm32f4xx_hal_uart.o
                0x080074cc                HAL_UARTEx_RxEventCallback
 .text.UART_DMATransmitCplt
                0x080074e4       0x9a build\libraries\STM32F4xx_HAL\STM32F4xx_HAL_Driver\Src\stm32f4xx_hal_uart.o
 .text.UART_DMATxHalfCplt
                0x0800757e       0x1c build\libraries\STM32F4xx_HAL\STM32F4xx_HAL_Driver\Src\stm32f4xx_hal_uart.o
 .text.UART_DMAReceiveCplt
                0x0800759a      0x126 build\libraries\STM32F4xx_HAL\STM32F4xx_HAL_Driver\Src\stm32f4xx_hal_uart.o
 .text.UART_DMARxHalfCplt
                0x080076c0       0x36 build\libraries\STM32F4xx_HAL\STM32F4xx_HAL_Driver\Src\stm32f4xx_hal_uart.o
 .text.UART_DMAError
                0x080076f6       0x94 build\libraries\STM32F4xx_HAL\STM32F4xx_HAL_Driver\Src\stm32f4xx_hal_uart.o
 *fill*         0x0800778a        0x2 00000000
 .text.UART_Start_Receive_DMA
                0x0800778c      0x134 build\libraries\STM32F4xx_HAL\STM32F4xx_HAL_Driver\Src\stm32f4xx_hal_uart.o
                0x0800778c                UART_Start_Receive_DMA
 .text.UART_EndTxTransfer
                0x080078c0       0x50 build\libraries\STM32F4xx_HAL\STM32F4xx_HAL_Driver\Src\stm32f4xx_hal_uart.o
 .text.UART_EndRxTransfer
                0x08007910       0xc6 build\libraries\STM32F4xx_HAL\STM32F4xx_HAL_Driver\Src\stm32f4xx_hal_uart.o
 .text.UART_DMAAbortOnError
                0x080079d6       0x28 build\libraries\STM32F4xx_HAL\STM32F4xx_HAL_Driver\Src\stm32f4xx_hal_uart.o
 .text.UART_Transmit_IT
                0x080079fe       0xa0 build\libraries\STM32F4xx_HAL\STM32F4xx_HAL_Driver\Src\stm32f4xx_hal_uart.o
 .text.UART_EndTransmit_IT
                0x08007a9e       0x30 build\libraries\STM32F4xx_HAL\STM32F4xx_HAL_Driver\Src\stm32f4xx_hal_uart.o
 .text.UART_Receive_IT
                0x08007ace      0x176 build\libraries\STM32F4xx_HAL\STM32F4xx_HAL_Driver\Src\stm32f4xx_hal_uart.o
 .text.UART_SetConfig
                0x08007c44      0x4e8 build\libraries\STM32F4xx_HAL\STM32F4xx_HAL_Driver\Src\stm32f4xx_hal_uart.o
 .text.HAL_RTC_Init
                0x0800812c      0x122 build\libraries\STM32F4xx_HAL\STM32F4xx_HAL_Driver\Src\stm32f4xx_hal_rtc.o
                0x0800812c                HAL_RTC_Init
 .text.HAL_RTC_SetTime
                0x0800824e      0x17a build\libraries\STM32F4xx_HAL\STM32F4xx_HAL_Driver\Src\stm32f4xx_hal_rtc.o
                0x0800824e                HAL_RTC_SetTime
 .text.HAL_RTC_GetTime
                0x080083c8       0xbc build\libraries\STM32F4xx_HAL\STM32F4xx_HAL_Driver\Src\stm32f4xx_hal_rtc.o
                0x080083c8                HAL_RTC_GetTime
 .text.HAL_RTC_SetDate
                0x08008484      0x14e build\libraries\STM32F4xx_HAL\STM32F4xx_HAL_Driver\Src\stm32f4xx_hal_rtc.o
                0x08008484                HAL_RTC_SetDate
 .text.HAL_RTC_GetDate
                0x080085d2       0x9e build\libraries\STM32F4xx_HAL\STM32F4xx_HAL_Driver\Src\stm32f4xx_hal_rtc.o
                0x080085d2                HAL_RTC_GetDate
 .text.HAL_RTC_WaitForSynchro
                0x08008670       0x50 build\libraries\STM32F4xx_HAL\STM32F4xx_HAL_Driver\Src\stm32f4xx_hal_rtc.o
                0x08008670                HAL_RTC_WaitForSynchro
 .text.RTC_EnterInitMode
                0x080086c0       0x58 build\libraries\STM32F4xx_HAL\STM32F4xx_HAL_Driver\Src\stm32f4xx_hal_rtc.o
                0x080086c0                RTC_EnterInitMode
 .text.RTC_ByteToBcd2
                0x08008718       0x3c build\libraries\STM32F4xx_HAL\STM32F4xx_HAL_Driver\Src\stm32f4xx_hal_rtc.o
                0x08008718                RTC_ByteToBcd2
 .text.RTC_Bcd2ToByte
                0x08008754       0x3c build\libraries\STM32F4xx_HAL\STM32F4xx_HAL_Driver\Src\stm32f4xx_hal_rtc.o
                0x08008754                RTC_Bcd2ToByte
 .text.FSMC_NORSRAM_Init
                0x08008790       0xa4 build\libraries\STM32F4xx_HAL\STM32F4xx_HAL_Driver\Src\stm32f4xx_ll_fsmc.o
                0x08008790                FSMC_NORSRAM_Init
 .text.FSMC_NORSRAM_Timing_Init
                0x08008834       0x7a build\libraries\STM32F4xx_HAL\STM32F4xx_HAL_Driver\Src\stm32f4xx_ll_fsmc.o
                0x08008834                FSMC_NORSRAM_Timing_Init
 *fill*         0x080088ae        0x2 00000000
 .text.FSMC_NORSRAM_Extended_Timing_Init
                0x080088b0       0x80 build\libraries\STM32F4xx_HAL\STM32F4xx_HAL_Driver\Src\stm32f4xx_ll_fsmc.o
                0x080088b0                FSMC_NORSRAM_Extended_Timing_Init
 .text.HAL_RCC_OscConfig
                0x08008930      0x4f0 build\libraries\STM32F4xx_HAL\STM32F4xx_HAL_Driver\Src\stm32f4xx_hal_rcc.o
                0x08008930                HAL_RCC_OscConfig
 .text.HAL_RCC_ClockConfig
                0x08008e20      0x1cc build\libraries\STM32F4xx_HAL\STM32F4xx_HAL_Driver\Src\stm32f4xx_hal_rcc.o
                0x08008e20                HAL_RCC_ClockConfig
 .text.HAL_RCC_GetSysClockFreq
                0x08008fec      0x20c build\libraries\STM32F4xx_HAL\STM32F4xx_HAL_Driver\Src\stm32f4xx_hal_rcc.o
                0x08008fec                HAL_RCC_GetSysClockFreq
 .text.HAL_RCC_GetHCLKFreq
                0x080091f8       0x18 build\libraries\STM32F4xx_HAL\STM32F4xx_HAL_Driver\Src\stm32f4xx_hal_rcc.o
                0x080091f8                HAL_RCC_GetHCLKFreq
 .text.HAL_RCC_GetPCLK1Freq
                0x08009210       0x28 build\libraries\STM32F4xx_HAL\STM32F4xx_HAL_Driver\Src\stm32f4xx_hal_rcc.o
                0x08009210                HAL_RCC_GetPCLK1Freq
 .text.HAL_RCC_GetPCLK2Freq
                0x08009238       0x28 build\libraries\STM32F4xx_HAL\STM32F4xx_HAL_Driver\Src\stm32f4xx_hal_rcc.o
                0x08009238                HAL_RCC_GetPCLK2Freq
 .text.HAL_RCC_GetClockConfig
                0x08009260       0x64 build\libraries\STM32F4xx_HAL\STM32F4xx_HAL_Driver\Src\stm32f4xx_hal_rcc.o
                0x08009260                HAL_RCC_GetClockConfig
 .text.HAL_TIMEx_PWMN_Start
                0x080092c4      0x174 build\libraries\STM32F4xx_HAL\STM32F4xx_HAL_Driver\Src\stm32f4xx_hal_tim_ex.o
                0x080092c4                HAL_TIMEx_PWMN_Start
 .text.HAL_TIMEx_PWMN_Stop
                0x08009438       0xba build\libraries\STM32F4xx_HAL\STM32F4xx_HAL_Driver\Src\stm32f4xx_hal_tim_ex.o
                0x08009438                HAL_TIMEx_PWMN_Stop
 *fill*         0x080094f2        0x2 00000000
 .text.HAL_TIMEx_MasterConfigSynchronization
                0x080094f4       0xf8 build\libraries\STM32F4xx_HAL\STM32F4xx_HAL_Driver\Src\stm32f4xx_hal_tim_ex.o
                0x080094f4                HAL_TIMEx_MasterConfigSynchronization
 .text.TIM_CCxNChannelCmd
                0x080095ec       0x4a build\libraries\STM32F4xx_HAL\STM32F4xx_HAL_Driver\Src\stm32f4xx_hal_tim_ex.o
 *fill*         0x08009636        0x2 00000000
 .text.Reset_Handler
                0x08009638       0x50 build\libraries\STM32F4xx_HAL\CMSIS\Device\ST\STM32F4xx\Source\Templates\gcc\startup_stm32f407xx.o
                0x08009638                Reset_Handler
 .text.Default_Handler
                0x08009688        0x2 build\libraries\STM32F4xx_HAL\CMSIS\Device\ST\STM32F4xx\Source\Templates\gcc\startup_stm32f407xx.o
                0x08009688                RTC_Alarm_IRQHandler
                0x08009688                HASH_RNG_IRQHandler
                0x08009688                TIM8_CC_IRQHandler
                0x08009688                DebugMon_Handler
                0x08009688                TIM1_CC_IRQHandler
                0x08009688                DMA2_Stream5_IRQHandler
                0x08009688                DMA1_Stream5_IRQHandler
                0x08009688                PVD_IRQHandler
                0x08009688                SDIO_IRQHandler
                0x08009688                TAMP_STAMP_IRQHandler
                0x08009688                NMI_Handler
                0x08009688                CAN2_RX1_IRQHandler
                0x08009688                TIM8_TRG_COM_TIM14_IRQHandler
                0x08009688                TIM1_UP_TIM10_IRQHandler
                0x08009688                TIM8_UP_TIM13_IRQHandler
                0x08009688                I2C3_ER_IRQHandler
                0x08009688                I2C2_EV_IRQHandler
                0x08009688                DMA1_Stream2_IRQHandler
                0x08009688                CAN1_RX0_IRQHandler
                0x08009688                FPU_IRQHandler
                0x08009688                OTG_HS_WKUP_IRQHandler
                0x08009688                UsageFault_Handler
                0x08009688                CAN2_SCE_IRQHandler
                0x08009688                DMA2_Stream2_IRQHandler
                0x08009688                SPI1_IRQHandler
                0x08009688                TIM6_DAC_IRQHandler
                0x08009688                TIM1_BRK_TIM9_IRQHandler
                0x08009688                DCMI_IRQHandler
                0x08009688                CAN2_RX0_IRQHandler
                0x08009688                DMA2_Stream3_IRQHandler
                0x08009688                USART6_IRQHandler
                0x08009688                USART3_IRQHandler
                0x08009688                CAN1_RX1_IRQHandler
                0x08009688                UART5_IRQHandler
                0x08009688                DMA2_Stream0_IRQHandler
                0x08009688                TIM4_IRQHandler
                0x08009688                I2C1_EV_IRQHandler
                0x08009688                DMA1_Stream6_IRQHandler
                0x08009688                DMA1_Stream1_IRQHandler
                0x08009688                UART4_IRQHandler
                0x08009688                TIM3_IRQHandler
                0x08009688                RCC_IRQHandler
                0x08009688                TIM8_BRK_TIM12_IRQHandler
                0x08009688                Default_Handler
                0x08009688                ADC_IRQHandler
                0x08009688                DMA1_Stream7_IRQHandler
                0x08009688                TIM7_IRQHandler
                0x08009688                CAN2_TX_IRQHandler
                0x08009688                TIM5_IRQHandler
                0x08009688                DMA2_Stream7_IRQHandler
                0x08009688                I2C3_EV_IRQHandler
                0x08009688                RTC_WKUP_IRQHandler
                0x08009688                ETH_WKUP_IRQHandler
                0x08009688                SPI2_IRQHandler
                0x08009688                OTG_HS_EP1_IN_IRQHandler
                0x08009688                MemManage_Handler
                0x08009688                DMA1_Stream0_IRQHandler
                0x08009688                CAN1_TX_IRQHandler
                0x08009688                SVC_Handler
                0x08009688                FSMC_IRQHandler
                0x08009688                ETH_IRQHandler
                0x08009688                OTG_HS_EP1_OUT_IRQHandler
                0x08009688                WWDG_IRQHandler
                0x08009688                TIM2_IRQHandler
                0x08009688                OTG_FS_WKUP_IRQHandler
                0x08009688                TIM1_TRG_COM_TIM11_IRQHandler
                0x08009688                OTG_HS_IRQHandler
                0x08009688                USART2_IRQHandler
                0x08009688                I2C2_ER_IRQHandler
                0x08009688                DMA2_Stream1_IRQHandler
                0x08009688                CAN1_SCE_IRQHandler
                0x08009688                FLASH_IRQHandler
                0x08009688                DMA2_Stream4_IRQHandler
                0x08009688                BusFault_Handler
                0x08009688                OTG_FS_IRQHandler
                0x08009688                SPI3_IRQHandler
                0x08009688                DMA1_Stream4_IRQHandler
                0x08009688                I2C1_ER_IRQHandler
                0x08009688                DMA2_Stream6_IRQHandler
                0x08009688                DMA1_Stream3_IRQHandler
 *fill*         0x0800968a        0x2 00000000
 .text.HAL_DMA_Init
                0x0800968c      0x15c build\libraries\STM32F4xx_HAL\STM32F4xx_HAL_Driver\Src\stm32f4xx_hal_dma.o
                0x0800968c                HAL_DMA_Init
 .text.HAL_DMA_DeInit
                0x080097e8       0xbc build\libraries\STM32F4xx_HAL\STM32F4xx_HAL_Driver\Src\stm32f4xx_hal_dma.o
                0x080097e8                HAL_DMA_DeInit
 .text.HAL_DMA_Start_IT
                0x080098a4       0xb0 build\libraries\STM32F4xx_HAL\STM32F4xx_HAL_Driver\Src\stm32f4xx_hal_dma.o
                0x080098a4                HAL_DMA_Start_IT
 .text.HAL_DMA_Abort
                0x08009954       0xe0 build\libraries\STM32F4xx_HAL\STM32F4xx_HAL_Driver\Src\stm32f4xx_hal_dma.o
                0x08009954                HAL_DMA_Abort
 .text.HAL_DMA_Abort_IT
                0x08009a34       0x44 build\libraries\STM32F4xx_HAL\STM32F4xx_HAL_Driver\Src\stm32f4xx_hal_dma.o
                0x08009a34                HAL_DMA_Abort_IT
 .text.DMA_SetConfig
                0x08009a78       0x5c build\libraries\STM32F4xx_HAL\STM32F4xx_HAL_Driver\Src\stm32f4xx_hal_dma.o
 .text.DMA_CalcBaseAndBitshift
                0x08009ad4       0x6c build\libraries\STM32F4xx_HAL\STM32F4xx_HAL_Driver\Src\stm32f4xx_hal_dma.o
 .text.DMA_CheckFifoParam
                0x08009b40       0xf8 build\libraries\STM32F4xx_HAL\STM32F4xx_HAL_Driver\Src\stm32f4xx_hal_dma.o
 .text.rt_list_init
                0x08009c38       0x22 build\kernel\src\ipc.o
 .text.rt_list_insert_before
                0x08009c5a       0x32 build\kernel\src\ipc.o
 .text.rt_list_isempty
                0x08009c8c       0x24 build\kernel\src\ipc.o
 .text._ipc_object_init
                0x08009cb0       0x1c build\kernel\src\ipc.o
 .text._ipc_list_suspend
                0x08009ccc       0xa4 build\kernel\src\ipc.o
 .text._ipc_list_resume
                0x08009d70       0x20 build\kernel\src\ipc.o
 .text.rt_sem_init
                0x08009d90       0x88 build\kernel\src\ipc.o
                0x08009d90                rt_sem_init
 .text.rt_sem_take
                0x08009e18      0x190 build\kernel\src\ipc.o
                0x08009e18                rt_sem_take
 .text.rt_sem_release
                0x08009fa8       0xc0 build\kernel\src\ipc.o
                0x08009fa8                rt_sem_release
 .text.rt_mutex_init
                0x0800a068       0x64 build\kernel\src\ipc.o
                0x0800a068                rt_mutex_init
 .text.rt_mutex_take
                0x0800a0cc      0x21c build\kernel\src\ipc.o
                0x0800a0cc                rt_mutex_take
 .text.rt_mutex_release
                0x0800a2e8      0x1bc build\kernel\src\ipc.o
                0x0800a2e8                rt_mutex_release
 .text.plug_holes
                0x0800a4a4       0xf8 build\kernel\src\mem.o
 .text.rt_smem_init
                0x0800a59c      0x104 build\kernel\src\mem.o
                0x0800a59c                rt_smem_init
 .text.rt_smem_alloc
                0x0800a6a0      0x268 build\kernel\src\mem.o
                0x0800a6a0                rt_smem_alloc
 .text.rt_smem_realloc
                0x0800a908      0x1d4 build\kernel\src\mem.o
                0x0800a908                rt_smem_realloc
 .text.rt_smem_free
                0x0800aadc      0x140 build\kernel\src\mem.o
                0x0800aadc                rt_smem_free
 .text.rt_tick_get
                0x0800ac1c       0x18 build\kernel\src\clock.o
                0x0800ac1c                rt_tick_get
 .text.rt_tick_increase
                0x0800ac34       0x7c build\kernel\src\clock.o
                0x0800ac34                rt_tick_increase
 .text.rt_tick_from_millisecond
                0x0800acb0       0x78 build\kernel\src\clock.o
                0x0800acb0                rt_tick_from_millisecond
 .text.rt_list_init
                0x0800ad28       0x22 build\kernel\src\timer.o
 .text.rt_list_insert_after
                0x0800ad4a       0x32 build\kernel\src\timer.o
 .text.rt_list_remove
                0x0800ad7c       0x36 build\kernel\src\timer.o
 .text.rt_list_isempty
                0x0800adb2       0x24 build\kernel\src\timer.o
 .text._timer_init
                0x0800add6       0x6a build\kernel\src\timer.o
 .text._timer_remove
                0x0800ae40       0x36 build\kernel\src\timer.o
 *fill*         0x0800ae76        0x2 00000000
 .text.rt_timer_init
                0x0800ae78       0x7c build\kernel\src\timer.o
                0x0800ae78                rt_timer_init
 .text.rt_timer_detach
                0x0800aef4       0x90 build\kernel\src\timer.o
                0x0800aef4                rt_timer_detach
 .text.rt_timer_start
                0x0800af84      0x1d4 build\kernel\src\timer.o
                0x0800af84                rt_timer_start
 .text.rt_timer_stop
                0x0800b158       0x94 build\kernel\src\timer.o
                0x0800b158                rt_timer_stop
 .text.rt_timer_control
                0x0800b1ec       0xf8 build\kernel\src\timer.o
                0x0800b1ec                rt_timer_control
 .text.rt_timer_check
                0x0800b2e4      0x108 build\kernel\src\timer.o
                0x0800b2e4                rt_timer_check
 .text.rt_system_timer_init
                0x0800b3ec       0x34 build\kernel\src\timer.o
                0x0800b3ec                rt_system_timer_init
 .text.rt_system_timer_thread_init
                0x0800b420        0xe build\kernel\src\timer.o
                0x0800b420                rt_system_timer_thread_init
 *fill*         0x0800b42e        0x2 00000000
 .text.rt_strerror
                0x0800b430       0x38 build\kernel\src\kservice.o
                0x0800b430                rt_strerror
 .text.rt_set_errno
                0x0800b468       0x40 build\kernel\src\kservice.o
                0x0800b468                rt_set_errno
 .text._rt_errno
                0x0800b4a8       0x34 build\kernel\src\kservice.o
                0x0800b4a8                _rt_errno
 .text.rt_memset
                0x0800b4dc       0xb6 build\kernel\src\kservice.o
                0x0800b4dc                rt_memset
 .text.rt_memcpy
                0x0800b592       0xd2 build\kernel\src\kservice.o
                0x0800b592                rt_memcpy
 .text.rt_memmove
                0x0800b664       0x82 build\kernel\src\kservice.o
                0x0800b664                rt_memmove
 .text.rt_strncpy
                0x0800b6e6       0x64 build\kernel\src\kservice.o
                0x0800b6e6                rt_strncpy
 .text.rt_strncmp
                0x0800b74a       0x54 build\kernel\src\kservice.o
                0x0800b74a                rt_strncmp
 .text.rt_strcmp
                0x0800b79e       0x44 build\kernel\src\kservice.o
                0x0800b79e                rt_strcmp
 .text.rt_strlen
                0x0800b7e2       0x2e build\kernel\src\kservice.o
                0x0800b7e2                rt_strlen
 .text.rt_show_version
                0x0800b810       0x4c build\kernel\src\kservice.o
                0x0800b810                rt_show_version
 .text.divide   0x0800b85c       0x68 build\kernel\src\kservice.o
 .text.skip_atoi
                0x0800b8c4       0x46 build\kernel\src\kservice.o
 *fill*         0x0800b90a        0x2 00000000
 .text.print_number
                0x0800b90c      0x1fc build\kernel\src\kservice.o
 .text.rt_vsnprintf
                0x0800bb08      0x4ac build\kernel\src\kservice.o
                0x0800bb08                rt_vsnprintf
 .text.rt_vsprintf
                0x0800bfb4       0x24 build\kernel\src\kservice.o
                0x0800bfb4                rt_vsprintf
 .text.rt_sprintf
                0x0800bfd8       0x2c build\kernel\src\kservice.o
                0x0800bfd8                rt_sprintf
 .text.rt_console_get_device
                0x0800c004       0x18 build\kernel\src\kservice.o
                0x0800c004                rt_console_get_device
 .text.rt_console_set_device
                0x0800c01c       0x58 build\kernel\src\kservice.o
                0x0800c01c                rt_console_set_device
 .text.rt_hw_console_output
                0x0800c074       0x14 build\kernel\src\kservice.o
                0x0800c074                rt_hw_console_output
 .text.rt_kprintf
                0x0800c088       0x60 build\kernel\src\kservice.o
                0x0800c088                rt_kprintf
 .text._heap_lock_init
                0x0800c0e8       0x1c build\kernel\src\kservice.o
 .text._heap_lock
                0x0800c104       0x28 build\kernel\src\kservice.o
 .text._heap_unlock
                0x0800c12c       0x40 build\kernel\src\kservice.o
 .text._smem_info
                0x0800c16c       0x4c build\kernel\src\kservice.o
 .text.rt_system_heap_init
                0x0800c1b8       0x64 build\kernel\src\kservice.o
                0x0800c1b8                rt_system_heap_init
 .text.rt_malloc
                0x0800c21c       0x48 build\kernel\src\kservice.o
                0x0800c21c                rt_malloc
 .text.rt_realloc
                0x0800c264       0x34 build\kernel\src\kservice.o
                0x0800c264                rt_realloc
 .text.rt_calloc
                0x0800c298       0x3c build\kernel\src\kservice.o
                0x0800c298                rt_calloc
 .text.rt_free  0x0800c2d4       0x40 build\kernel\src\kservice.o
                0x0800c2d4                rt_free
 .text.rt_memory_info
                0x0800c314       0x2a build\kernel\src\kservice.o
                0x0800c314                rt_memory_info
 *fill*         0x0800c33e        0x2 00000000
 .text.rt_assert_handler
                0x0800c340       0x4c build\kernel\src\kservice.o
                0x0800c340                rt_assert_handler
 .text.rt_list_insert_after
                0x0800c38c       0x32 build\kernel\src\object.o
 .text.rt_list_remove
                0x0800c3be       0x36 build\kernel\src\object.o
 .text.rt_object_get_information
                0x0800c3f4       0x48 build\kernel\src\object.o
                0x0800c3f4                rt_object_get_information
 .text.rt_object_init
                0x0800c43c       0xcc build\kernel\src\object.o
                0x0800c43c                rt_object_init
 .text.rt_object_detach
                0x0800c508       0x5c build\kernel\src\object.o
                0x0800c508                rt_object_detach
 .text.rt_object_allocate
                0x0800c564       0xd8 build\kernel\src\object.o
                0x0800c564                rt_object_allocate
 .text.rt_object_delete
                0x0800c63c       0x7c build\kernel\src\object.o
                0x0800c63c                rt_object_delete
 .text.rt_object_is_systemobject
                0x0800c6b8       0x3c build\kernel\src\object.o
                0x0800c6b8                rt_object_is_systemobject
 .text.rt_object_get_type
                0x0800c6f4       0x34 build\kernel\src\object.o
                0x0800c6f4                rt_object_get_type
 .text.rt_object_find
                0x0800c728       0xb4 build\kernel\src\object.o
                0x0800c728                rt_object_find
 .text.rt_device_register
                0x0800c7dc       0x54 build\kernel\src\device.o
                0x0800c7dc                rt_device_register
 .text.rt_device_find
                0x0800c830       0x1a build\kernel\src\device.o
                0x0800c830                rt_device_find
 *fill*         0x0800c84a        0x2 00000000
 .text.rt_device_init
                0x0800c84c       0x74 build\kernel\src\device.o
                0x0800c84c                rt_device_init
 .text.rt_device_open
                0x0800c8c0      0x118 build\kernel\src\device.o
                0x0800c8c0                rt_device_open
 .text.rt_device_close
                0x0800c9d8       0x9c build\kernel\src\device.o
                0x0800c9d8                rt_device_close
 .text.rt_device_read
                0x0800ca74       0x88 build\kernel\src\device.o
                0x0800ca74                rt_device_read
 .text.rt_device_write
                0x0800cafc       0x88 build\kernel\src\device.o
                0x0800cafc                rt_device_write
 .text.rt_device_control
                0x0800cb84       0x68 build\kernel\src\device.o
                0x0800cb84                rt_device_control
 .text.rt_device_set_rx_indicate
                0x0800cbec       0x54 build\kernel\src\device.o
                0x0800cbec                rt_device_set_rx_indicate
 .text.rti_start
                0x0800cc40       0x10 build\kernel\src\components.o
 .text.rti_board_start
                0x0800cc50       0x10 build\kernel\src\components.o
 .text.rti_board_end
                0x0800cc60       0x10 build\kernel\src\components.o
 .text.rti_end  0x0800cc70       0x10 build\kernel\src\components.o
 .text.rt_components_board_init
                0x0800cc80       0x34 build\kernel\src\components.o
                0x0800cc80                rt_components_board_init
 .text.rt_components_init
                0x0800ccb4       0x34 build\kernel\src\components.o
                0x0800ccb4                rt_components_init
 .text.entry    0x0800cce8        0xe build\kernel\src\components.o
                0x0800cce8                entry
 .text.main_thread_entry
                0x0800ccf6       0x18 build\kernel\src\components.o
                0x0800ccf6                main_thread_entry
 *fill*         0x0800cd0e        0x2 00000000
 .text.rt_application_init
                0x0800cd10       0x4c build\kernel\src\components.o
                0x0800cd10                rt_application_init
 .text.rtthread_startup
                0x0800cd5c       0x2e build\kernel\src\components.o
                0x0800cd5c                rtthread_startup
 .text.rt_list_insert_after
                0x0800cd8a       0x32 build\kernel\src\idle.o
 .text.rt_list_remove
                0x0800cdbc       0x36 build\kernel\src\idle.o
 *fill*         0x0800cdf2        0x2 00000000
 .text.rt_thread_defunct_enqueue
                0x0800cdf4       0x20 build\kernel\src\idle.o
                0x0800cdf4                rt_thread_defunct_enqueue
 .text.rt_thread_defunct_dequeue
                0x0800ce14       0x44 build\kernel\src\idle.o
                0x0800ce14                rt_thread_defunct_dequeue
 .text.rt_defunct_execute
                0x0800ce58       0x5a build\kernel\src\idle.o
 *fill*         0x0800ceb2        0x2 00000000
 .text.rt_thread_idle_entry
                0x0800ceb4       0x38 build\kernel\src\idle.o
 .text.rt_thread_idle_init
                0x0800ceec       0x78 build\kernel\src\idle.o
                0x0800ceec                rt_thread_idle_init
 .text.rt_list_init
                0x0800cf64       0x22 build\kernel\src\scheduler.o
 .text.rt_list_insert_after
                0x0800cf86       0x32 build\kernel\src\scheduler.o
 .text.rt_list_insert_before
                0x0800cfb8       0x32 build\kernel\src\scheduler.o
 .text.rt_list_remove
                0x0800cfea       0x36 build\kernel\src\scheduler.o
 .text.rt_list_isempty
                0x0800d020       0x24 build\kernel\src\scheduler.o
 .text._scheduler_stack_check
                0x0800d044       0x94 build\kernel\src\scheduler.o
 .text._scheduler_get_highest_priority_thread
                0x0800d0d8       0x3c build\kernel\src\scheduler.o
 .text.rt_system_scheduler_init
                0x0800d114       0x48 build\kernel\src\scheduler.o
                0x0800d114                rt_system_scheduler_init
 .text.rt_system_scheduler_start
                0x0800d15c       0x3c build\kernel\src\scheduler.o
                0x0800d15c                rt_system_scheduler_start
 .text.rt_schedule
                0x0800d198      0x19c build\kernel\src\scheduler.o
                0x0800d198                rt_schedule
 .text.rt_schedule_insert_thread
                0x0800d334       0xd4 build\kernel\src\scheduler.o
                0x0800d334                rt_schedule_insert_thread
 .text.rt_schedule_remove_thread
                0x0800d408       0x70 build\kernel\src\scheduler.o
                0x0800d408                rt_schedule_remove_thread
 .text.rt_enter_critical
                0x0800d478       0x30 build\kernel\src\scheduler.o
                0x0800d478                rt_enter_critical
 .text.rt_exit_critical
                0x0800d4a8       0x58 build\kernel\src\scheduler.o
                0x0800d4a8                rt_exit_critical
 .text.rt_critical_level
                0x0800d500       0x1c build\kernel\src\scheduler.o
                0x0800d500                rt_critical_level
 .text.rt_interrupt_enter
                0x0800d51c       0x40 build\kernel\src\irq.o
                0x0800d51c                rt_interrupt_enter
 .text.rt_interrupt_leave
                0x0800d55c       0x40 build\kernel\src\irq.o
                0x0800d55c                rt_interrupt_leave
 .text.rt_interrupt_get_nest
                0x0800d59c       0x28 build\kernel\src\irq.o
                0x0800d59c                rt_interrupt_get_nest
 .text.rt_list_init
                0x0800d5c4       0x22 build\kernel\src\thread.o
 .text.rt_list_remove
                0x0800d5e6       0x36 build\kernel\src\thread.o
 .text._thread_exit
                0x0800d61c       0x42 build\kernel\src\thread.o
 *fill*         0x0800d65e        0x2 00000000
 .text._thread_timeout
                0x0800d660       0x8c build\kernel\src\thread.o
 .text._thread_init
                0x0800d6ec       0xfc build\kernel\src\thread.o
 .text.rt_thread_init
                0x0800d7e8       0x70 build\kernel\src\thread.o
                0x0800d7e8                rt_thread_init
 .text.rt_thread_self
                0x0800d858       0x18 build\kernel\src\thread.o
                0x0800d858                rt_thread_self
 .text.rt_thread_startup
                0x0800d870       0x94 build\kernel\src\thread.o
                0x0800d870                rt_thread_startup
 .text.rt_thread_detach
                0x0800d904       0xb0 build\kernel\src\thread.o
                0x0800d904                rt_thread_detach
 .text.rt_thread_create
                0x0800d9b4       0x62 build\kernel\src\thread.o
                0x0800d9b4                rt_thread_create
 *fill*         0x0800da16        0x2 00000000
 .text.rt_thread_delete
                0x0800da18       0xb0 build\kernel\src\thread.o
                0x0800da18                rt_thread_delete
 .text.rt_thread_sleep
                0x0800dac8       0x94 build\kernel\src\thread.o
                0x0800dac8                rt_thread_sleep
 .text.rt_thread_mdelay
                0x0800db5c       0x20 build\kernel\src\thread.o
                0x0800db5c                rt_thread_mdelay
 .text.rt_thread_control
                0x0800db7c       0xfc build\kernel\src\thread.o
                0x0800db7c                rt_thread_control
 .text.rt_thread_suspend
                0x0800dc78       0xd0 build\kernel\src\thread.o
                0x0800dc78                rt_thread_suspend
 .text.rt_thread_resume
                0x0800dd48       0x98 build\kernel\src\thread.o
                0x0800dd48                rt_thread_resume
 .text.rt_hw_stack_init
                0x0800dde0       0x90 build\kernel\libcpu\arm\cortex-m4\cpuport.o
                0x0800dde0                rt_hw_stack_init
 .text.usage_fault_track
                0x0800de70       0xc4 build\kernel\libcpu\arm\cortex-m4\cpuport.o
 .text.bus_fault_track
                0x0800df34       0xcc build\kernel\libcpu\arm\cortex-m4\cpuport.o
 .text.mem_manage_fault_track
                0x0800e000       0xb4 build\kernel\libcpu\arm\cortex-m4\cpuport.o
 .text.hard_fault_track
                0x0800e0b4       0x78 build\kernel\libcpu\arm\cortex-m4\cpuport.o
 .text.rt_hw_hard_fault_exception
                0x0800e12c      0x184 build\kernel\libcpu\arm\cortex-m4\cpuport.o
                0x0800e12c                rt_hw_hard_fault_exception
 .text.rt_hw_cpu_reset
                0x0800e2b0       0x1c build\kernel\libcpu\arm\cortex-m4\cpuport.o
                0x0800e2b0                rt_hw_cpu_reset
 .text.__rt_ffs
                0x0800e2cc       0x2a build\kernel\libcpu\arm\cortex-m4\cpuport.o
                0x0800e2cc                __rt_ffs
 .text.rt_i2c_core_init
                0x0800e2f6       0x10 build\kernel\components\drivers\i2c\i2c_core.o
                0x0800e2f6                rt_i2c_core_init
 .text.rt_list_init
                0x0800e306       0x22 build\kernel\components\drivers\ipc\completion.o
 .text.rt_list_insert_before
                0x0800e328       0x32 build\kernel\components\drivers\ipc\completion.o
 .text.rt_list_isempty
                0x0800e35a       0x24 build\kernel\components\drivers\ipc\completion.o
 *fill*         0x0800e37e        0x2 00000000
 .text.rt_completion_init
                0x0800e380       0x44 build\kernel\components\drivers\ipc\completion.o
                0x0800e380                rt_completion_init
 .text.rt_completion_wait
                0x0800e3c4      0x15c build\kernel\components\drivers\ipc\completion.o
                0x0800e3c4                rt_completion_wait
 .text.rt_completion_done
                0x0800e520       0x70 build\kernel\components\drivers\ipc\completion.o
                0x0800e520                rt_completion_done
 .text.rt_list_init
                0x0800e590       0x22 build\kernel\components\drivers\ipc\dataqueue.o
 .text.rt_list_insert_before
                0x0800e5b2       0x32 build\kernel\components\drivers\ipc\dataqueue.o
 .text.rt_list_isempty
                0x0800e5e4       0x24 build\kernel\components\drivers\ipc\dataqueue.o
 .text.rt_data_queue_init
                0x0800e608       0xc0 build\kernel\components\drivers\ipc\dataqueue.o
                0x0800e608                rt_data_queue_init
 .text.rt_data_queue_push
                0x0800e6c8      0x244 build\kernel\components\drivers\ipc\dataqueue.o
                0x0800e6c8                rt_data_queue_push
 .text.rt_data_queue_pop
                0x0800e90c      0x29c build\kernel\components\drivers\ipc\dataqueue.o
                0x0800e90c                rt_data_queue_pop
 .text.rt_data_queue_peek
                0x0800eba8       0xa0 build\kernel\components\drivers\ipc\dataqueue.o
                0x0800eba8                rt_data_queue_peek
 .text.rt_data_queue_reset
                0x0800ec48       0xf0 build\kernel\components\drivers\ipc\dataqueue.o
                0x0800ec48                rt_data_queue_reset
 .text.rt_data_queue_deinit
                0x0800ed38       0x6c build\kernel\components\drivers\ipc\dataqueue.o
                0x0800ed38                rt_data_queue_deinit
 .text.rt_data_queue_len
                0x0800eda4       0xc0 build\kernel\components\drivers\ipc\dataqueue.o
                0x0800eda4                rt_data_queue_len
 .text._pin_read
                0x0800ee64       0x60 build\kernel\components\drivers\misc\pin.o
 .text._pin_write
                0x0800eec4       0x5c build\kernel\components\drivers\misc\pin.o
 .text._pin_control
                0x0800ef20       0x58 build\kernel\components\drivers\misc\pin.o
 .text.rt_device_pin_register
                0x0800ef78       0x74 build\kernel\components\drivers\misc\pin.o
                0x0800ef78                rt_device_pin_register
 .text.rt_pin_mode
                0x0800efec       0x40 build\kernel\components\drivers\misc\pin.o
                0x0800efec                rt_pin_mode
 .text.rt_pin_write
                0x0800f02c       0x40 build\kernel\components\drivers\misc\pin.o
                0x0800f02c                rt_pin_write
 .text.rt_pin_read
                0x0800f06c       0x3c build\kernel\components\drivers\misc\pin.o
                0x0800f06c                rt_pin_read
 .text.rt_pin_get
                0x0800f0a8       0x60 build\kernel\components\drivers\misc\pin.o
                0x0800f0a8                rt_pin_get
 .text._pin_cmd_conv
                0x0800f108       0xac build\kernel\components\drivers\misc\pin.o
 .text._pin_cmd_print_usage
                0x0800f1b4       0x58 build\kernel\components\drivers\misc\pin.o
 .text._pin_cmd_get
                0x0800f20c       0x5c build\kernel\components\drivers\misc\pin.o
 .text._pin_cmd_mode
                0x0800f268      0x10c build\kernel\components\drivers\misc\pin.o
 .text._pin_cmd_read
                0x0800f374       0x90 build\kernel\components\drivers\misc\pin.o
 .text._pin_cmd_write
                0x0800f404       0xe4 build\kernel\components\drivers\misc\pin.o
 .text._pin_cmd
                0x0800f4e8       0xac build\kernel\components\drivers\misc\pin.o
 .text._pwm_control
                0x0800f594       0x38 build\kernel\components\drivers\misc\rt_drv_pwm.o
 .text._pwm_read
                0x0800f5cc       0x6a build\kernel\components\drivers\misc\rt_drv_pwm.o
 .text._pwm_write
                0x0800f636       0x88 build\kernel\components\drivers\misc\rt_drv_pwm.o
 *fill*         0x0800f6be        0x2 00000000
 .text.rt_device_pwm_register
                0x0800f6c0       0x78 build\kernel\components\drivers\misc\rt_drv_pwm.o
                0x0800f6c0                rt_device_pwm_register
 .text.rt_pwm_enable
                0x0800f738       0x5c build\kernel\components\drivers\misc\rt_drv_pwm.o
                0x0800f738                rt_pwm_enable
 .text.rt_pwm_disable
                0x0800f794       0x5c build\kernel\components\drivers\misc\rt_drv_pwm.o
                0x0800f794                rt_pwm_disable
 .text.rt_pwm_set
                0x0800f7f0       0x5a build\kernel\components\drivers\misc\rt_drv_pwm.o
                0x0800f7f0                rt_pwm_set
 .text.rt_pwm_get
                0x0800f84a       0x34 build\kernel\components\drivers\misc\rt_drv_pwm.o
                0x0800f84a                rt_pwm_get
 *fill*         0x0800f87e        0x2 00000000
 .text.pwm      0x0800f880      0x34c build\kernel\components\drivers\misc\rt_drv_pwm.o
 .text.rt_rtc_init
                0x0800fbcc       0x48 build\kernel\components\drivers\rtc\rtc.o
 .text.rt_rtc_open
                0x0800fc14       0x1a build\kernel\components\drivers\rtc\rtc.o
 .text.rt_rtc_close
                0x0800fc2e       0x16 build\kernel\components\drivers\rtc\rtc.o
 .text.rt_rtc_control
                0x0800fc44      0x124 build\kernel\components\drivers\rtc\rtc.o
 .text.rt_hw_rtc_register
                0x0800fd68       0x90 build\kernel\components\drivers\rtc\rtc.o
                0x0800fd68                rt_hw_rtc_register
 .text.set_timestamp
                0x0800fdf8       0x50 build\kernel\components\drivers\rtc\rtc.o
                0x0800fdf8                set_timestamp
 .text.get_timestamp
                0x0800fe48       0x4c build\kernel\components\drivers\rtc\rtc.o
                0x0800fe48                get_timestamp
 .text.date     0x0800fe94      0x250 build\kernel\components\drivers\rtc\rtc.o
 .text._serial_poll_rx
                0x080100e4       0x80 build\kernel\components\drivers\serial\serial.o
 .text._serial_poll_tx
                0x08010164       0x7c build\kernel\components\drivers\serial\serial.o
 .text._serial_int_rx
                0x080101e0       0xd8 build\kernel\components\drivers\serial\serial.o
 .text._serial_int_tx
                0x080102b8       0xc4 build\kernel\components\drivers\serial\serial.o
 .text._serial_check_buffer_size
                0x0801037c       0x38 build\kernel\components\drivers\serial\serial.o
 .text._serial_fifo_calc_recved_len
                0x080103b4       0x88 build\kernel\components\drivers\serial\serial.o
 .text.rt_dma_calc_recved_len
                0x0801043c       0x18 build\kernel\components\drivers\serial\serial.o
 .text.rt_dma_recv_update_get_index
                0x08010454       0xa4 build\kernel\components\drivers\serial\serial.o
 .text.rt_dma_recv_update_put_index
                0x080104f8       0xf8 build\kernel\components\drivers\serial\serial.o
 .text._serial_dma_rx
                0x080105f0      0x198 build\kernel\components\drivers\serial\serial.o
 .text._serial_dma_tx
                0x08010788       0x70 build\kernel\components\drivers\serial\serial.o
 .text.rt_serial_init
                0x080107f8       0x5c build\kernel\components\drivers\serial\serial.o
 .text.rt_serial_open
                0x08010854      0x370 build\kernel\components\drivers\serial\serial.o
 .text.rt_serial_close
                0x08010bc4      0x1e0 build\kernel\components\drivers\serial\serial.o
 .text.rt_serial_read
                0x08010da4       0x84 build\kernel\components\drivers\serial\serial.o
 .text.rt_serial_write
                0x08010e28       0x84 build\kernel\components\drivers\serial\serial.o
 .text.rt_serial_control
                0x08010eac       0xd8 build\kernel\components\drivers\serial\serial.o
 .text.rt_hw_serial_register
                0x08010f84       0x9c build\kernel\components\drivers\serial\serial.o
                0x08010f84                rt_hw_serial_register
 .text.rt_hw_serial_isr
                0x08011020      0x260 build\kernel\components\drivers\serial\serial.o
                0x08011020                rt_hw_serial_isr
 .text.rt_list_isempty
                0x08011280       0x24 build\kernel\components\finsh\cmd.o
 .text.rt_list_len
                0x080112a4       0x36 build\kernel\components\finsh\cmd.o
 *fill*         0x080112da        0x2 00000000
 .text.clear    0x080112dc       0x14 build\kernel\components\finsh\cmd.o
 .text.version  0x080112f0        0xe build\kernel\components\finsh\cmd.o
                0x080112f0                version
 *fill*         0x080112fe        0x2 00000000
 .text.object_split
                0x08011300       0x28 build\kernel\components\finsh\cmd.o
 .text.list_find_init
                0x08011328       0x46 build\kernel\components\finsh\cmd.o
 .text.list_get_next
                0x0801136e       0xc0 build\kernel\components\finsh\cmd.o
 *fill*         0x0801142e        0x2 00000000
 .text.list_thread
                0x08011430      0x210 build\kernel\components\finsh\cmd.o
                0x08011430                list_thread
 .text.show_wait_queue
                0x08011640       0x54 build\kernel\components\finsh\cmd.o
 .text.list_sem
                0x08011694      0x124 build\kernel\components\finsh\cmd.o
                0x08011694                list_sem
 .text.list_event
                0x080117b8      0x110 build\kernel\components\finsh\cmd.o
                0x080117b8                list_event
 .text.list_mutex
                0x080118c8       0xe0 build\kernel\components\finsh\cmd.o
                0x080118c8                list_mutex
 .text.list_mailbox
                0x080119a8      0x134 build\kernel\components\finsh\cmd.o
                0x080119a8                list_mailbox
 .text.list_msgqueue
                0x08011adc      0x124 build\kernel\components\finsh\cmd.o
                0x08011adc                list_msgqueue
 .text.list_mempool
                0x08011c00      0x13c build\kernel\components\finsh\cmd.o
                0x08011c00                list_mempool
 .text.list_timer
                0x08011d3c      0x120 build\kernel\components\finsh\cmd.o
                0x08011d3c                list_timer
 .text.list_device
                0x08011e5c       0xfc build\kernel\components\finsh\cmd.o
                0x08011e5c                list_device
 .text.cmd_list
                0x08011f58      0x1a0 build\kernel\components\finsh\cmd.o
                0x08011f58                cmd_list
 .text.msh_help
                0x080120f8       0x5c build\kernel\components\finsh\msh.o
                0x080120f8                msh_help
 .text.cmd_ps   0x08012154       0x18 build\kernel\components\finsh\msh.o
                0x08012154                cmd_ps
 .text.cmd_free
                0x0801216c       0x70 build\kernel\components\finsh\msh.o
                0x0801216c                cmd_free
 .text.msh_split
                0x080121dc      0x170 build\kernel\components\finsh\msh.o
 .text.msh_get_cmd
                0x0801234c       0x64 build\kernel\components\finsh\msh.o
 .text._msh_exec_cmd
                0x080123b0       0xd4 build\kernel\components\finsh\msh.o
 .text.msh_exec
                0x08012484       0x8c build\kernel\components\finsh\msh.o
                0x08012484                msh_exec
 .text.str_common
                0x08012510       0x4a build\kernel\components\finsh\msh.o
 *fill*         0x0801255a        0x2 00000000
 .text.msh_auto_complete
                0x0801255c       0xb0 build\kernel\components\finsh\msh.o
                0x0801255c                msh_auto_complete
 .text.finsh_get_prompt
                0x0801260c       0x78 build\kernel\components\finsh\shell.o
                0x0801260c                finsh_get_prompt
 .text.finsh_set_prompt_mode
                0x08012684       0x48 build\kernel\components\finsh\shell.o
                0x08012684                finsh_set_prompt_mode
 .text.finsh_getchar
                0x080126cc       0x90 build\kernel\components\finsh\shell.o
                0x080126cc                finsh_getchar
 .text.finsh_rx_ind
                0x0801275c       0x3c build\kernel\components\finsh\shell.o
 .text.finsh_set_device
                0x08012798       0xd8 build\kernel\components\finsh\shell.o
                0x08012798                finsh_set_device
 .text.shell_auto_complete
                0x08012870       0x34 build\kernel\components\finsh\shell.o
 .text.shell_handle_history
                0x080128a4       0x34 build\kernel\components\finsh\shell.o
 .text.shell_push_history
                0x080128d8      0x15e build\kernel\components\finsh\shell.o
 *fill*         0x08012a36        0x2 00000000
 .text.finsh_thread_entry
                0x08012a38      0x5cc build\kernel\components\finsh\shell.o
                0x08012a38                finsh_thread_entry
 .text.finsh_system_function_init
                0x08013004       0x2c build\kernel\components\finsh\shell.o
                0x08013004                finsh_system_function_init
 .text.finsh_system_init
                0x08013030       0x9c build\kernel\components\finsh\shell.o
                0x08013030                finsh_system_init
 .text.msh_isint
                0x080130cc       0x6c build\kernel\components\finsh\msh_parse.o
                0x080130cc                msh_isint
 .text.__isleap
                0x08013138       0x60 build\kernel\components\libc\compilers\common\ctime.o
 .text.num2str  0x08013198       0x58 build\kernel\components\libc\compilers\common\ctime.o
 .text.get_timeval
                0x080131f0       0xc0 build\kernel\components\libc\compilers\common\ctime.o
 .text.gmtime_r
                0x080132b0      0x220 build\kernel\components\libc\compilers\common\ctime.o
                0x080132b0                gmtime_r
 .text.localtime_r
                0x080134d0       0xae build\kernel\components\libc\compilers\common\ctime.o
                0x080134d0                localtime_r
 *fill*         0x0801357e        0x2 00000000
 .text.localtime
                0x08013580       0x20 build\kernel\components\libc\compilers\common\ctime.o
                0x08013580                localtime
 .text.mktime   0x080135a0       0x9c build\kernel\components\libc\compilers\common\ctime.o
                0x080135a0                mktime
 .text.asctime_r
                0x0801363c      0x244 build\kernel\components\libc\compilers\common\ctime.o
                0x0801363c                asctime_r
 .text.asctime  0x08013880       0x20 build\kernel\components\libc\compilers\common\ctime.o
                0x08013880                asctime
 .text.ctime    0x080138a0       0x20 build\kernel\components\libc\compilers\common\ctime.o
                0x080138a0                ctime
 .text.time     0x080138c0       0x46 build\kernel\components\libc\compilers\common\ctime.o
                0x080138c0                time
 *fill*         0x08013906        0x2 00000000
 .text.timegm   0x08013908      0x5e0 build\kernel\components\libc\compilers\common\ctime.o
                0x08013908                timegm
 .text.gettimeofday
                0x08013ee8       0x54 build\kernel\components\libc\compilers\common\ctime.o
                0x08013ee8                gettimeofday
 .text.tz_get   0x08013f3c       0x18 build\kernel\components\libc\compilers\common\ctime.o
                0x08013f3c                tz_get
 .text.tz_is_dst
                0x08013f54       0x10 build\kernel\components\libc\compilers\common\ctime.o
                0x08013f54                tz_is_dst
 .text.__rt_libc_exit
                0x08013f64       0x4c build\kernel\components\libc\compilers\common\cstdlib.o
                0x08013f64                __rt_libc_exit
 .text._malloc_r
                0x08013fb0       0x28 build\kernel\components\libc\compilers\newlib\syscalls.o
                0x08013fb0                _malloc_r
 .text._realloc_r
                0x08013fd8       0x2c build\kernel\components\libc\compilers\newlib\syscalls.o
                0x08013fd8                _realloc_r
 .text._calloc_r
                0x08014004       0x2c build\kernel\components\libc\compilers\newlib\syscalls.o
                0x08014004                _calloc_r
 .text._free_r  0x08014030       0x18 build\kernel\components\libc\compilers\newlib\syscalls.o
                0x08014030                _free_r
 .text.__libc_init_array
                0x08014048        0xe build\kernel\components\libc\compilers\newlib\syscalls.o
                0x08014048                __libc_init_array
 .text.__errno  0x08014056        0xe build\kernel\components\libc\compilers\newlib\syscalls.o
                0x08014056                __errno
 .text._getpid_r
                0x08014064       0x16 build\kernel\components\libc\compilers\newlib\syscalls.o
                0x08014064                _getpid_r
 *fill*         0x0801407a        0x2 00000000
 .text._close_r
                0x0801407c       0x48 build\kernel\components\libc\compilers\newlib\syscalls.o
                0x0801407c                _close_r
 .text._fstat_r
                0x080140c4       0x22 build\kernel\components\libc\compilers\newlib\syscalls.o
                0x080140c4                _fstat_r
 .text._isatty_r
                0x080140e6       0x28 build\kernel\components\libc\compilers\newlib\syscalls.o
                0x080140e6                _isatty_r
 .text._kill_r  0x0801410e       0x22 build\kernel\components\libc\compilers\newlib\syscalls.o
                0x0801410e                _kill_r
 .text._lseek_r
                0x08014130       0x4c build\kernel\components\libc\compilers\newlib\syscalls.o
                0x08014130                _lseek_r
 .text._read_r  0x0801417c       0x4c build\kernel\components\libc\compilers\newlib\syscalls.o
                0x0801417c                _read_r
 .text._write_r
                0x080141c8       0x88 build\kernel\components\libc\compilers\newlib\syscalls.o
                0x080141c8                _write_r
 .text._exit    0x08014250       0x10 build\kernel\components\libc\compilers\newlib\syscalls.o
                0x08014250                _exit
 .text.atoi     0x08014260        0x8 c:/users/85953/desktop/env-windows/tools/gnu_gcc/arm_gcc/mingw/bin/../lib/gcc/arm-none-eabi/10.3.1/../../../../arm-none-eabi/lib/thumb/v7e-m+fp/hard\libc.a(lib_a-atoi.o)
                0x08014260                atoi
 .text.memcmp   0x08014268       0x64 c:/users/85953/desktop/env-windows/tools/gnu_gcc/arm_gcc/mingw/bin/../lib/gcc/arm-none-eabi/10.3.1/../../../../arm-none-eabi/lib/thumb/v7e-m+fp/hard\libc.a(lib_a-memcmp.o)
                0x08014268                memcmp
 .text.memset   0x080142cc       0xa4 c:/users/85953/desktop/env-windows/tools/gnu_gcc/arm_gcc/mingw/bin/../lib/gcc/arm-none-eabi/10.3.1/../../../../arm-none-eabi/lib/thumb/v7e-m+fp/hard\libc.a(lib_a-memset.o)
                0x080142cc                memset
 .text.sprintf  0x08014370       0x40 c:/users/85953/desktop/env-windows/tools/gnu_gcc/arm_gcc/mingw/bin/../lib/gcc/arm-none-eabi/10.3.1/../../../../arm-none-eabi/lib/thumb/v7e-m+fp/hard\libc.a(lib_a-sprintf.o)
                0x08014370                sprintf
 .text.strncat  0x080143b0       0x5c c:/users/85953/desktop/env-windows/tools/gnu_gcc/arm_gcc/mingw/bin/../lib/gcc/arm-none-eabi/10.3.1/../../../../arm-none-eabi/lib/thumb/v7e-m+fp/hard\libc.a(lib_a-strncat.o)
                0x080143b0                strncat
 .text.strncmp  0x0801440c       0x80 c:/users/85953/desktop/env-windows/tools/gnu_gcc/arm_gcc/mingw/bin/../lib/gcc/arm-none-eabi/10.3.1/../../../../arm-none-eabi/lib/thumb/v7e-m+fp/hard\libc.a(lib_a-strncmp.o)
                0x0801440c                strncmp
 .text.strncpy  0x0801448c       0x64 c:/users/85953/desktop/env-windows/tools/gnu_gcc/arm_gcc/mingw/bin/../lib/gcc/arm-none-eabi/10.3.1/../../../../arm-none-eabi/lib/thumb/v7e-m+fp/hard\libc.a(lib_a-strncpy.o)
                0x0801448c                strncpy
 .text._strtol_l.part.0
                0x080144f0      0x120 c:/users/85953/desktop/env-windows/tools/gnu_gcc/arm_gcc/mingw/bin/../lib/gcc/arm-none-eabi/10.3.1/../../../../arm-none-eabi/lib/thumb/v7e-m+fp/hard\libc.a(lib_a-strtol.o)
 .text.strtol   0x08014610       0x2c c:/users/85953/desktop/env-windows/tools/gnu_gcc/arm_gcc/mingw/bin/../lib/gcc/arm-none-eabi/10.3.1/../../../../arm-none-eabi/lib/thumb/v7e-m+fp/hard\libc.a(lib_a-strtol.o)
                0x08014610                strtol
 *fill*         0x0801463c        0x4 00000000
 .text._svfprintf_r
                0x08014640     0x1acc c:/users/85953/desktop/env-windows/tools/gnu_gcc/arm_gcc/mingw/bin/../lib/gcc/arm-none-eabi/10.3.1/../../../../arm-none-eabi/lib/thumb/v7e-m+fp/hard\libc.a(lib_a-svfprintf.o)
                0x08014640                _svfprintf_r
 .text.startup.register_fini
                0x0801610c       0x14 c:/users/85953/desktop/env-windows/tools/gnu_gcc/arm_gcc/mingw/bin/../lib/gcc/arm-none-eabi/10.3.1/../../../../arm-none-eabi/lib/thumb/v7e-m+fp/hard\libc.a(lib_a-__call_atexit.o)
 .text.atexit   0x08016120        0xc c:/users/85953/desktop/env-windows/tools/gnu_gcc/arm_gcc/mingw/bin/../lib/gcc/arm-none-eabi/10.3.1/../../../../arm-none-eabi/lib/thumb/v7e-m+fp/hard\libc.a(lib_a-atexit.o)
                0x08016120                atexit
 .text.quorem   0x0801612c      0x128 c:/users/85953/desktop/env-windows/tools/gnu_gcc/arm_gcc/mingw/bin/../lib/gcc/arm-none-eabi/10.3.1/../../../../arm-none-eabi/lib/thumb/v7e-m+fp/hard\libc.a(lib_a-dtoa.o)
 *fill*         0x08016254        0x4 00000000
 .text._dtoa_r  0x08016258      0xf3c c:/users/85953/desktop/env-windows/tools/gnu_gcc/arm_gcc/mingw/bin/../lib/gcc/arm-none-eabi/10.3.1/../../../../arm-none-eabi/lib/thumb/v7e-m+fp/hard\libc.a(lib_a-dtoa.o)
                0x08016258                _dtoa_r
 .text.__libc_fini_array
                0x08017194       0x2c c:/users/85953/desktop/env-windows/tools/gnu_gcc/arm_gcc/mingw/bin/../lib/gcc/arm-none-eabi/10.3.1/../../../../arm-none-eabi/lib/thumb/v7e-m+fp/hard\libc.a(lib_a-fini.o)
                0x08017194                __libc_fini_array
 .text._localeconv_r
                0x080171c0        0x8 c:/users/85953/desktop/env-windows/tools/gnu_gcc/arm_gcc/mingw/bin/../lib/gcc/arm-none-eabi/10.3.1/../../../../arm-none-eabi/lib/thumb/v7e-m+fp/hard\libc.a(lib_a-localeconv.o)
                0x080171c0                _localeconv_r
 .text.__retarget_lock_init_recursive
                0x080171c8        0x4 c:/users/85953/desktop/env-windows/tools/gnu_gcc/arm_gcc/mingw/bin/../lib/gcc/arm-none-eabi/10.3.1/../../../../arm-none-eabi/lib/thumb/v7e-m+fp/hard\libc.a(lib_a-lock.o)
                0x080171c8                __retarget_lock_init_recursive
 .text.__retarget_lock_close_recursive
                0x080171cc        0x4 c:/users/85953/desktop/env-windows/tools/gnu_gcc/arm_gcc/mingw/bin/../lib/gcc/arm-none-eabi/10.3.1/../../../../arm-none-eabi/lib/thumb/v7e-m+fp/hard\libc.a(lib_a-lock.o)
                0x080171cc                __retarget_lock_close_recursive
 .text.__retarget_lock_acquire_recursive
                0x080171d0        0x4 c:/users/85953/desktop/env-windows/tools/gnu_gcc/arm_gcc/mingw/bin/../lib/gcc/arm-none-eabi/10.3.1/../../../../arm-none-eabi/lib/thumb/v7e-m+fp/hard\libc.a(lib_a-lock.o)
                0x080171d0                __retarget_lock_acquire_recursive
 .text.__retarget_lock_release_recursive
                0x080171d4        0x4 c:/users/85953/desktop/env-windows/tools/gnu_gcc/arm_gcc/mingw/bin/../lib/gcc/arm-none-eabi/10.3.1/../../../../arm-none-eabi/lib/thumb/v7e-m+fp/hard\libc.a(lib_a-lock.o)
                0x080171d4                __retarget_lock_release_recursive
 .text._Balloc  0x080171d8       0x4c c:/users/85953/desktop/env-windows/tools/gnu_gcc/arm_gcc/mingw/bin/../lib/gcc/arm-none-eabi/10.3.1/../../../../arm-none-eabi/lib/thumb/v7e-m+fp/hard\libc.a(lib_a-mprec.o)
                0x080171d8                _Balloc
 .text._Bfree   0x08017224       0x14 c:/users/85953/desktop/env-windows/tools/gnu_gcc/arm_gcc/mingw/bin/../lib/gcc/arm-none-eabi/10.3.1/../../../../arm-none-eabi/lib/thumb/v7e-m+fp/hard\libc.a(lib_a-mprec.o)
                0x08017224                _Bfree
 .text.__multadd
                0x08017238       0xa8 c:/users/85953/desktop/env-windows/tools/gnu_gcc/arm_gcc/mingw/bin/../lib/gcc/arm-none-eabi/10.3.1/../../../../arm-none-eabi/lib/thumb/v7e-m+fp/hard\libc.a(lib_a-mprec.o)
                0x08017238                __multadd
 .text.__hi0bits
                0x080172e0       0x40 c:/users/85953/desktop/env-windows/tools/gnu_gcc/arm_gcc/mingw/bin/../lib/gcc/arm-none-eabi/10.3.1/../../../../arm-none-eabi/lib/thumb/v7e-m+fp/hard\libc.a(lib_a-mprec.o)
                0x080172e0                __hi0bits
 .text.__lo0bits
                0x08017320       0x60 c:/users/85953/desktop/env-windows/tools/gnu_gcc/arm_gcc/mingw/bin/../lib/gcc/arm-none-eabi/10.3.1/../../../../arm-none-eabi/lib/thumb/v7e-m+fp/hard\libc.a(lib_a-mprec.o)
                0x08017320                __lo0bits
 .text.__i2b    0x08017380       0x5c c:/users/85953/desktop/env-windows/tools/gnu_gcc/arm_gcc/mingw/bin/../lib/gcc/arm-none-eabi/10.3.1/../../../../arm-none-eabi/lib/thumb/v7e-m+fp/hard\libc.a(lib_a-mprec.o)
                0x08017380                __i2b
 .text.__multiply