Component: ARM Compiler 5.06 update 5 (build 528) Tool: armlink [4d35e2]

==============================================================================

Section Cross References

    screen.o(i.screen_entry) refers to _printf_percent.o(.ARM.Collect$$_printf_percent$$00000000) for _printf_percent
    screen.o(i.screen_entry) refers to _printf_d.o(.ARM.Collect$$_printf_percent$$00000009) for _printf_d
    screen.o(i.screen_entry) refers to _printf_dec.o(.text) for _printf_int_dec
    screen.o(i.screen_entry) refers to _printf_s.o(.ARM.Collect$$_printf_percent$$00000014) for _printf_s
    screen.o(i.screen_entry) refers to _printf_str.o(.text) for _printf_str
    screen.o(i.screen_entry) refers to drv_lcd.o(i.lcd_clear) for lcd_clear
    screen.o(i.screen_entry) refers to drv_lcd.o(i.lcd_set_color) for lcd_set_color
    screen.o(i.screen_entry) refers to drv_lcd.o(i.lcd_show_string) for lcd_show_string
    screen.o(i.screen_entry) refers to noretval__2sprintf.o(.text) for __2sprintf
    screen.o(i.screen_entry) refers to ctime.o(i.time) for time
    screen.o(i.screen_entry) refers to ctime.o(i.ctime) for ctime
    screen.o(i.thread_screen) refers to thread.o(i.rt_thread_create) for rt_thread_create
    screen.o(i.thread_screen) refers to thread.o(i.rt_thread_startup) for rt_thread_startup
    screen.o(i.thread_screen) refers to screen.o(i.screen_entry) for screen_entry
    screen.o(i.thread_screen) refers to screen.o(.data) for tid1
    screen.o(.rti_fn.6) refers to screen.o(i.thread_screen) for thread_screen
    main.o(i.main) refers to main.o(i.rtc_init) for rtc_init
    main.o(i.rtc_init) refers to device.o(i.rt_device_find) for rt_device_find
    main.o(i.rtc_init) refers to kservice.o(i.rt_kprintf) for rt_kprintf
    main.o(i.rtc_init) refers to device.o(i.rt_device_open) for rt_device_open
    main.o(i.rtc_init) refers to ctime.o(i.time) for time
    main.o(i.rtc_init) refers to ctime.o(i.ctime) for ctime
    main.o(i.rtc_init) refers to thread.o(i.rt_thread_mdelay) for rt_thread_mdelay
    syscall_mem.o(i.calloc) refers (Special) to hguard.o(.text) for __use_no_heap
    syscall_mem.o(i.calloc) refers to kservice.o(i.rt_calloc) for rt_calloc
    syscall_mem.o(i.free) refers (Special) to hguard.o(.text) for __use_no_heap
    syscall_mem.o(i.free) refers to kservice.o(i.rt_free) for rt_free
    syscall_mem.o(i.malloc) refers (Special) to hguard.o(.text) for __use_no_heap
    syscall_mem.o(i.malloc) refers to kservice.o(i.rt_malloc) for rt_malloc
    syscall_mem.o(i.realloc) refers (Special) to hguard.o(.text) for __use_no_heap
    syscall_mem.o(i.realloc) refers to kservice.o(i.rt_realloc) for rt_realloc
    syscalls.o(i._sys_close) refers (Special) to use_no_semi.o(.text) for __use_no_semihosting_swi
    syscalls.o(i._sys_close) refers to kservice.o(i.rt_kprintf) for rt_kprintf
    syscalls.o(i._sys_close) refers to syscalls.o(.constdata) for __func__
    syscalls.o(i._sys_command_string) refers (Special) to use_no_semi.o(.text) for __use_no_semihosting_swi
    syscalls.o(i._sys_ensure) refers (Special) to use_no_semi.o(.text) for __use_no_semihosting_swi
    syscalls.o(i._sys_ensure) refers to kservice.o(i.rt_kprintf) for rt_kprintf
    syscalls.o(i._sys_ensure) refers to syscalls.o(.constdata) for __func__
    syscalls.o(i._sys_exit) refers (Special) to use_no_semi.o(.text) for __use_no_semihosting_swi
    syscalls.o(i._sys_exit) refers to cstdlib.o(i.__rt_libc_exit) for __rt_libc_exit
    syscalls.o(i._sys_flen) refers (Special) to use_no_semi.o(.text) for __use_no_semihosting_swi
    syscalls.o(i._sys_flen) refers to kservice.o(i.rt_kprintf) for rt_kprintf
    syscalls.o(i._sys_flen) refers to syscalls.o(.constdata) for __func__
    syscalls.o(i._sys_istty) refers (Special) to use_no_semi.o(.text) for __use_no_semihosting_swi
    syscalls.o(i._sys_open) refers (Special) to use_no_semi.o(.text) for __use_no_semihosting_swi
    syscalls.o(i._sys_open) refers to strcmpv7m.o(.text) for strcmp
    syscalls.o(i._sys_open) refers to kservice.o(i.rt_kprintf) for rt_kprintf
    syscalls.o(i._sys_open) refers to syscalls.o(.constdata) for __stdin_name
    syscalls.o(i._sys_read) refers (Special) to use_no_semi.o(.text) for __use_no_semihosting_swi
    syscalls.o(i._sys_read) refers to kservice.o(i.rt_kprintf) for rt_kprintf
    syscalls.o(i._sys_read) refers to syscalls.o(.constdata) for __func__
    syscalls.o(i._sys_seek) refers (Special) to use_no_semi.o(.text) for __use_no_semihosting_swi
    syscalls.o(i._sys_seek) refers to kservice.o(i.rt_kprintf) for rt_kprintf
    syscalls.o(i._sys_seek) refers to syscalls.o(.constdata) for __func__
    syscalls.o(i._sys_tmpnam) refers (Special) to use_no_semi.o(.text) for __use_no_semihosting_swi
    syscalls.o(i._sys_tmpnam) refers to kservice.o(i.rt_snprintf) for rt_snprintf
    syscalls.o(i._sys_write) refers (Special) to use_no_semi.o(.text) for __use_no_semihosting_swi
[...]
    rt_thread_suspend                        0x0800d98d   Thumb Code   154  thread.o(i.rt_thread_suspend)
    rt_tick_from_millisecond                 0x0800da65   Thumb Code    56  clock.o(i.rt_tick_from_millisecond)
    rt_tick_get                              0x0800da9d   Thumb Code     6  clock.o(i.rt_tick_get)
    rt_tick_increase                         0x0800daa9   Thumb Code    90  clock.o(i.rt_tick_increase)
    rt_timer_check                           0x0800db0d   Thumb Code   208  timer.o(i.rt_timer_check)
    rt_timer_control                         0x0800dbe9   Thumb Code   162  timer.o(i.rt_timer_control)
    rt_timer_detach                          0x0800dd09   Thumb Code    96  timer.o(i.rt_timer_detach)
    rt_timer_init                            0x0800dde9   Thumb Code    94  timer.o(i.rt_timer_init)
    rt_timer_start                           0x0800de8d   Thumb Code   294  timer.o(i.rt_timer_start)
    rt_timer_stop                            0x0800e015   Thumb Code   102  timer.o(i.rt_timer_stop)
    rt_vsnprintf                             0x0800e0d5   Thumb Code   824  kservice.o(i.rt_vsnprintf)
    rt_vsprintf                              0x0800e415   Thumb Code    22  kservice.o(i.rt_vsprintf)
    rtc_init                                 0x0800e42d   Thumb Code   110  main.o(i.rtc_init)
    rtthread_startup                         0x0800e4d5   Thumb Code    42  components.o(i.rtthread_startup)
    set_timestamp                            0x0800e659   Thumb Code    46  rtc.o(i.set_timestamp)
    stm32_uart_get_mask                      0x0800f771   Thumb Code    32  drv_usart.o(i.stm32_uart_get_mask)
    thread_screen                            0x0800f7b1   Thumb Code    46  screen.o(i.thread_screen)
    time                                     0x0800f841   Thumb Code    34  ctime.o(i.time)
    timegm                                   0x0800f865   Thumb Code   390  ctime.o(i.timegm)
    tz_get                                   0x0800f9f1   Thumb Code     8  ctime.o(i.tz_get)
    tz_is_dst                                0x0800f9fd   Thumb Code     4  ctime.o(i.tz_is_dst)
    version                                  0x0800fca5   Thumb Code    10  cmd.o(i.version)
    _get_lc_ctype                            0x0800fcb1   Thumb Code    44  lc_ctype_c.o(locale$$code)
    __aeabi_ddiv                             0x0800fcdd   Thumb Code     0  ddiv.o(x$fpl$ddiv)
    _ddiv                                    0x0800fcdd   Thumb Code   552  ddiv.o(x$fpl$ddiv)
    __aeabi_d2iz                             0x0800ff8d   Thumb Code     0  dfix.o(x$fpl$dfix)
    _dfix                                    0x0800ff8d   Thumb Code    94  dfix.o(x$fpl$dfix)
    __aeabi_ui2d                             0x0800ffeb   Thumb Code     0  dflt_clz.o(x$fpl$dfltu)
    _dfltu                                   0x0800ffeb   Thumb Code    38  dflt_clz.o(x$fpl$dfltu)
    __aeabi_dmul                             0x08010011   Thumb Code     0  dmul.o(x$fpl$dmul)
    _dmul                                    0x08010011   Thumb Code   332  dmul.o(x$fpl$dmul)
    __fpl_dnaninf                            0x08010165   Thumb Code   156  dnaninf.o(x$fpl$dnaninf)
    __fpl_dretinf                            0x08010201   Thumb Code    12  dretinf.o(x$fpl$dretinf)
    _fp_init                                 0x0801020d   Thumb Code    10  fpinit.o(x$fpl$fpinit)
    __fplib_config_fpu_vfp                   0x08010215   Thumb Code     0  fpinit.o(x$fpl$fpinit)
    __fplib_config_pureend_doubles           0x08010215   Thumb Code     0  fpinit.o(x$fpl$fpinit)
    __I$use$fp                               0x08010216   Number         0  usenofp.o(x$fpl$usenofp)
    asc2_1608                                0x080104cf   Data        1504  drv_lcd.o(.constdata)
    asc2_2412                                0x08010aaf   Data        4512  drv_lcd.o(.constdata)
    asc2_3216                                0x08011c4f   Data        6016  drv_lcd.o(.constdata)
    AHBPrescTable                            0x08013c13   Data          16  system_stm32f4xx.o(.constdata)
    APBPrescTable                            0x08013c23   Data           8  system_stm32f4xx.o(.constdata)
    __fsym_pin_name                          0x080144b6   Data           4  pin.o(.rodata.name)
    __fsym_pin_desc                          0x080144ba   Data          13  pin.o(.rodata.name)
    __fsym_pwm_name                          0x080144c7   Data           4  rt_drv_pwm.o(.rodata.name)
    __fsym_pwm_desc                          0x080144cb   Data          13  rt_drv_pwm.o(.rodata.name)
    __fsym_date_name                         0x080144d8   Data           5  rtc.o(.rodata.name)
    __fsym_date_desc                         0x080144dd   Data          72  rtc.o(.rodata.name)
    __fsym_lcd_fill_test_name                0x08014525   Data          14  drv_lcd.o(.rodata.name)
    __fsym_lcd_fill_test_desc                0x08014533   Data          26  drv_lcd.o(.rodata.name)
    __fsym_reboot_name                       0x0801454d   Data           7  drv_common.o(.rodata.name)
    __fsym_reboot_desc                       0x08014554   Data          14  drv_common.o(.rodata.name)
    __fsym_help_name                         0x08014562   Data           5  msh.o(.rodata.name)
    __fsym_help_desc                         0x08014567   Data          22  msh.o(.rodata.name)
    __fsym_ps_name                           0x0801457d   Data           3  msh.o(.rodata.name)
    __fsym_ps_desc                           0x08014580   Data          28  msh.o(.rodata.name)
    __fsym_free_name                         0x0801459c   Data           5  msh.o(.rodata.name)
    __fsym_free_desc                         0x080145a1   Data          37  msh.o(.rodata.name)
    __fsym_clear_name                        0x080145c6   Data           6  cmd.o(.rodata.name)
    __fsym_clear_desc                        0x080145cc   Data          26  cmd.o(.rodata.name)
    __fsym_version_name                      0x080145e6   Data           8  cmd.o(.rodata.name)
    __fsym_version_desc                      0x080145ee   Data          35  cmd.o(.rodata.name)
    __fsym_list_thread_name                  0x08014611   Data          12  cmd.o(.rodata.name)
    __fsym_list_thread_desc                  0x0801461d   Data          12  cmd.o(.rodata.name)
    __fsym_list_sem_name                     0x08014629   Data           9  cmd.o(.rodata.name)
    __fsym_list_sem_desc                     0x08014632   Data          25  cmd.o(.rodata.name)
    __fsym_list_event_name                   0x0801464b   Data          11  cmd.o(.rodata.name)
    __fsym_list_event_desc                   0x08014656   Data          21  cmd.o(.rodata.name)
    __fsym_list_mutex_name                   0x0801466b   Data          11  cmd.o(.rodata.name)
    __fsym_list_mutex_desc                   0x08014676   Data          21  cmd.o(.rodata.name)
    __fsym_list_mailbox_name                 0x0801468b   Data          13  cmd.o(.rodata.name)
    __fsym_list_mailbox_desc                 0x08014698   Data          24  cmd.o(.rodata.name)
    __fsym_list_msgqueue_name                0x080146b0   Data          14  cmd.o(.rodata.name)
    __fsym_list_msgqueue_desc                0x080146be   Data          29  cmd.o(.rodata.name)
    __fsym_list_mempool_name                 0x080146db   Data          13  cmd.o(.rodata.name)
    __fsym_list_mempool_desc                 0x080146e8   Data          27  cmd.o(.rodata.name)
    __fsym_list_timer_name                   0x08014703   Data          11  cmd.o(.rodata.name)
    __fsym_list_timer_desc                   0x0801470e   Data          21  cmd.o(.rodata.name)
    __fsym_list_device_name                  0x08014723   Data          12  cmd.o(.rodata.name)
    __fsym_list_device_desc                  0x0801472f   Data          22  cmd.o(.rodata.name)
    __fsym_list_name                         0x08014745   Data           5  cmd.o(.rodata.name)
    __fsym_list_desc                         0x0801474a   Data          13  cmd.o(.rodata.name)
    __rt_init_rti_start                      0x08014758   Data           4  components.o(.rti_fn.0)
    __rt_init_rti_board_start                0x0801475c   Data           4  components.o(.rti_fn.0.end)
    __rt_init_rti_board_end                  0x08014760   Data           4  components.o(.rti_fn.1.end)
    __rt_init_drv_lcd_hw_init                0x08014764   Data           4  drv_lcd.o(.rti_fn.3)
    __rt_init_stm32_pwm_init                 0x08014768   Data           4  drv_pwm.o(.rti_fn.3)
    __rt_init_rt_hw_rtc_init                 0x0801476c   Data           4  drv_rtc.o(.rti_fn.3)
    __rt_init_rt_i2c_core_init               0x08014770   Data           4  i2c_core.o(.rti_fn.4)
    __rt_init_drv_lcd_init                   0x08014774   Data           4  drv_lcd.o(.rti_fn.4)
    __rt_init_thread_screen                  0x08014778   Data           4  screen.o(.rti_fn.6)
    __rt_init_finsh_system_init              0x0801477c   Data           4  shell.o(.rti_fn.6)
    __rt_init_rti_end                        0x08014780   Data           4  components.o(.rti_fn.6.end)
    FSymTab$$Base                            0x08014784   Number         0  pin.o(FSymTab)
    __fsym_pin                               0x08014784   Data          12  pin.o(FSymTab)
    __fsym_pwm                               0x08014790   Data          12  rt_drv_pwm.o(FSymTab)
    __fsym_date                              0x0801479c   Data          12  rtc.o(FSymTab)
    __fsym_lcd_fill_test                     0x080147a8   Data          12  drv_lcd.o(FSymTab)
    __fsym_reboot                            0x080147b4   Data          12  drv_common.o(FSymTab)
    __fsym_help                              0x080147c0   Data          12  msh.o(FSymTab)
    __fsym_ps                                0x080147cc   Data          12  msh.o(FSymTab)
    __fsym_free                              0x080147d8   Data          12  msh.o(FSymTab)
    __fsym_clear                             0x080147e4   Data          12  cmd.o(FSymTab)
    __fsym_version                           0x080147f0   Data          12  cmd.o(FSymTab)
    __fsym_list_thread                       0x080147fc   Data          12  cmd.o(FSymTab)
    __fsym_list_sem                          0x08014808   Data          12  cmd.o(FSymTab)
    __fsym_list_event                        0x08014814   Data          12  cmd.o(FSymTab)
    __fsym_list_mutex                        0x08014820   Data          12  cmd.o(FSymTab)
    __fsym_list_mailbox                      0x0801482c   Data          12  cmd.o(FSymTab)
    __fsym_list_msgqueue                     0x08014838   Data          12  cmd.o(FSymTab)
    __fsym_list_mempool                      0x08014844   Data          12  cmd.o(FSymTab)
    __fsym_list_timer                        0x08014850   Data          12  cmd.o(FSymTab)
    __fsym_list_device                       0x0801485c   Data          12  cmd.o(FSymTab)
    __fsym_list                              0x08014868   Data          12  cmd.o(FSymTab)
    FSymTab$$Limit                           0x08014874   Number         0  cmd.o(FSymTab)
    Region$$Table$$Base                      0x08014874   Number         0  anon$$obj.o(Region$$Table)
    Region$$Table$$Limit                     0x08014894   Number         0  anon$$obj.o(Region$$Table)
    __ctype                                  0x080148a1   Data           0  lc_ctype_c.o(locale$$data)
    rt_interrupt_from_thread                 0x20000018   Data           4  cpuport.o(.data)
    rt_interrupt_to_thread                   0x2000001c   Data           4  cpuport.o(.data)
    rt_thread_switch_interrupt_flag          0x20000020   Data           4  cpuport.o(.data)
    BACK_COLOR                               0x2000003c   Data           2  drv_lcd.o(.data)
    FORE_COLOR                               0x2000003e   Data           2  drv_lcd.o(.data)
    pwm_bl_dev                               0x20000040   Data           4  drv_lcd.o(.data)
    fsmc_lcd_ops                             0x20000044   Data          20  drv_lcd.o(.data)
    _syscall_table_begin                     0x20000264   Data           4  shell.o(.data)
    _syscall_table_end                       0x20000268   Data           4  shell.o(.data)
    shell                                    0x2000026c   Data           4  shell.o(.data)
    rt_interrupt_nest                        0x2000028c   Data           1  irq.o(.data)
    rt_assert_hook                           0x200002d4   Data           4  kservice.o(.data)
    rt_object_trytake_hook                   0x20000380   Data           4  object.o(.data)
    rt_object_take_hook                      0x20000384   Data           4  object.o(.data)
    rt_object_put_hook                       0x20000388   Data           4  object.o(.data)
    rt_thread_ready_priority_group           0x2000038c   Data           4  scheduler.o(.data)
    rt_current_thread                        0x20000394   Data           4  scheduler.o(.data)
    rt_current_priority                      0x20000398   Data           1  scheduler.o(.data)
    uwTick                                   0x200003c4   Data           4  stm32f4xx_hal.o(.data)
    uwTickPrio                               0x200003c8   Data           4  stm32f4xx_hal.o(.data)
    uwTickFreq                               0x200003cc   Data           1  stm32f4xx_hal.o(.data)
    SystemCoreClock                          0x200003d0   Data           4  system_stm32f4xx.o(.data)
    lcddev                                   0x2000048c   Data          14  drv_lcd.o(.bss)
    rt_thread_priority_table                 0x20000c6c   Data         256  scheduler.o(.bss)
    __libspace_start                         0x20000d6c   Data          96  libspace.o(.bss)
    __temporary_stack_top$libspace           0x20000dcc   Data           0  libspace.o(.bss)
    Image$$RW_IRAM1$$ZI$$Limit               0x200011d0   Number         0  anon$$obj.o ABSOLUTE



==============================================================================

Memory Map of the image

  Image Entry point : 0x08000189

  Load Region LR_IROM1 (Base: 0x08000000, Size: 0x00014d78, Max: 0x00100000, ABSOLUTE, COMPRESSED[0x00014a84])

    Execution Region ER_IROM1 (Exec base: 0x08000000, Load base: 0x08000000, Size: 0x000149a4, Max: 0x00100000, ABSOLUTE)

    Exec Addr    Load Addr    Size         Type   Attr      Idx    E Section Name        Object

    0x08000000   0x08000000   0x00000188   Data   RO         5339    RESET               startup_stm32f407xx.o
    0x08000188   0x08000188   0x00000008   Code   RO         8021  * !!!main             c_w.l(__main.o)
    0x08000190   0x08000190   0x00000034   Code   RO         8234    !!!scatter          c_w.l(__scatter.o)
    0x080001c4   0x080001c4   0x0000005a   Code   RO         8232    !!dczerorl2         c_w.l(__dczerorl2.o)
    0x0800021e   0x0800021e   0x00000002   PAD
    0x08000220   0x08000220   0x0000001c   Code   RO         8236    !!handler_zi        c_w.l(__scatter_zi.o)
    0x0800023c   0x0800023c   0x00000000   Code   RO         7994    .ARM.Collect$$_printf_percent$$00000000  c_w.l(_printf_percent.o)
    0x0800023c   0x0800023c   0x00000006   Code   RO         7993    .ARM.Collect$$_printf_percent$$00000009  c_w.l(_printf_d.o)
    0x08000242   0x08000242   0x00000006   Code   RO         7992    .ARM.Collect$$_printf_percent$$00000014  c_w.l(_printf_s.o)
    0x08000248   0x08000248   0x00000004   Code   RO         8062    .ARM.Collect$$_printf_percent$$00000017  c_w.l(_printf_percent_end.o)
    0x0800024c   0x0800024c   0x00000002   Code   RO         8161    .ARM.Collect$$libinit$$00000000  c_w.l(libinit.o)
    0x0800024e   0x0800024e   0x00000004   Code   RO         8099    .ARM.Collect$$libinit$$00000001  c_w.l(libinit2.o)
    0x08000252   0x08000252   0x00000000   Code   RO         8102    .ARM.Collect$$libinit$$00000004  c_w.l(libinit2.o)
    0x08000252   0x08000252   0x00000000   Code   RO         8105    .ARM.Collect$$libinit$$0000000A  c_w.l(libinit2.o)
    0x08000252   0x08000252   0x00000000   Code   RO         8107    .ARM.Collect$$libinit$$0000000C  c_w.l(libinit2.o)
    0x08000252   0x08000252   0x00000000   Code   RO         8109    .ARM.Collect$$libinit$$0000000E  c_w.l(libinit2.o)
    0x08000252   0x08000252   0x00000006   Code   RO         8110    .ARM.Collect$$libinit$$0000000F  c_w.l(libinit2.o)
    0x08000258   0x08000258   0x00000000   Code   RO         8112    .ARM.Collect$$libinit$$00000011  c_w.l(libinit2.o)
    0x08000258   0x08000258   0x0000000c   Code   RO         8113    .ARM.Collect$$libinit$$00000012  c_w.l(libinit2.o)
    0x08000264   0x08000264   0x00000000   Code   RO         8114    .ARM.Collect$$libinit$$00000013  c_w.l(libinit2.o)
    0x08000264   0x08000264   0x00000000   Code   RO         8116    .ARM.Collect$$libinit$$00000015  c_w.l(libinit2.o)
    0x08000264   0x08000264   0x00000000   Code   RO         8118    .ARM.Collect$$libinit$$00000017  c_w.l(libinit2.o)
    0x08000264   0x08000264   0x00000000   Code   RO         8120    .ARM.Collect$$libinit$$00000019  c_w.l(libinit2.o)
    0x08000264   0x08000264   0x00000000   Code   RO         8122    .ARM.Collect$$libinit$$0000001B  c_w.l(libinit2.o)
    0x08000264   0x08000264   0x00000000   Code   RO         8124    .ARM.Collect$$libinit$$0000001D  c_w.l(libinit2.o)
    0x08000264   0x08000264   0x00000000   Code   RO         8126    .ARM.Collect$$libinit$$0000001F  c_w.l(libinit2.o)
    0x08000264   0x08000264   0x00000000   Code   RO         8128    .ARM.Collect$$libinit$$00000021  c_w.l(libinit2.o)
    0x08000264   0x08000264   0x00000000   Code   RO         8130    .ARM.Collect$$libinit$$00000023  c_w.l(libinit2.o)
    0x08000264   0x08000264   0x00000000   Code   RO         8132    .ARM.Collect$$libinit$$00000025  c_w.l(libinit2.o)
    0x08000264   0x08000264   0x00000000   Code   RO         8136    .ARM.Collect$$libinit$$0000002C  c_w.l(libinit2.o)
    0x08000264   0x08000264   0x00000000   Code   RO         8138    .ARM.Collect$$libinit$$0000002E  c_w.l(libinit2.o)
    0x08000264   0x08000264   0x00000000   Code   RO         8140    .ARM.Collect$$libinit$$00000030  c_w.l(libinit2.o)
    0x08000264   0x08000264   0x00000000   Code   RO         8142    .ARM.Collect$$libinit$$00000032  c_w.l(libinit2.o)
    0x08000264   0x08000264   0x00000002   Code   RO         8143    .ARM.Collect$$libinit$$00000033  c_w.l(libinit2.o)
    0x08000266   0x08000266   0x00000002   Code   RO         8199    .ARM.Collect$$libshutdown$$00000000  c_w.l(libshutdown.o)
    0x08000268   0x08000268   0x00000000   Code   RO         8215    .ARM.Collect$$libshutdown$$00000002  c_w.l(libshutdown2.o)
    0x08000268   0x08000268   0x00000000   Code   RO         8217    .ARM.Collect$$libshutdown$$00000004  c_w.l(libshutdown2.o)
    0x08000268   0x08000268   0x00000000   Code   RO         8220    .ARM.Collect$$libshutdown$$00000007  c_w.l(libshutdown2.o)
    0x08000268   0x08000268   0x00000000   Code   RO         8223    .ARM.Collect$$libshutdown$$0000000A  c_w.l(libshutdown2.o)
    0x08000268   0x08000268   0x00000000   Code   RO         8225    .ARM.Collect$$libshutdown$$0000000C  c_w.l(libshutdown2.o)
    0x08000268   0x08000268   0x00000000   Code   RO         8228    .ARM.Collect$$libshutdown$$0000000F  c_w.l(libshutdown2.o)
    0x08000268   0x08000268   0x00000002   Code   RO         8229    .ARM.Collect$$libshutdown$$00000010  c_w.l(libshutdown2.o)
    0x0800026a   0x0800026a   0x00000000   Code   RO         8039    .ARM.Collect$$rtentry$$00000000  c_w.l(__rtentry.o)
    0x0800026a   0x0800026a   0x00000000   Code   RO         8079    .ARM.Collect$$rtentry$$00000002  c_w.l(__rtentry2.o)
    0x0800026a   0x0800026a   0x00000006   Code   RO         8091    .ARM.Collect$$rtentry$$00000004  c_w.l(__rtentry4.o)
    0x08000270   0x08000270   0x00000000   Code   RO         8081    .ARM.Collect$$rtentry$$00000009  c_w.l(__rtentry2.o)
    0x08000270   0x08000270   0x00000004   Code   RO         8082    .ARM.Collect$$rtentry$$0000000A  c_w.l(__rtentry2.o)
    0x08000274   0x08000274   0x00000000   Code   RO         8084    .ARM.Collect$$rtentry$$0000000C  c_w.l(__rtentry2.o)
    0x08000274   0x08000274   0x00000008   Code   RO         8085    .ARM.Collect$$rtentry$$0000000D  c_w.l(__rtentry2.o)
    0x0800027c   0x0800027c   0x00000002   Code   RO         8164    .ARM.Collect$$rtexit$$00000000  c_w.l(rtexit.o)
    0x0800027e   0x0800027e   0x00000000   Code   RO         8177    .ARM.Collect$$rtexit$$00000002  c_w.l(rtexit2.o)
    0x0800027e   0x0800027e   0x00000004   Code   RO         8178    .ARM.Collect$$rtexit$$00000003  c_w.l(rtexit2.o)
    0x08000282   0x08000282   0x00000006   Code   RO         8179    .ARM.Collect$$rtexit$$00000004  c_w.l(rtexit2.o)
    0x08000288   0x08000288   0x00000010   Code   RO          952    .emb_text           cpuport.o
    0x08000298   0x08000298   0x0000013c   Code   RO          948    .text               context_rvds.o
    0x080003d4   0x080003d4   0x0000003c   Code   RO         5340    .text               startup_stm32f407xx.o
    0x08000410   0x08000410   0x00000002   Code   RO         7950    .text               c_w.l(use_no_semi.o)
    0x08000412   0x08000412   0x00000002   PAD
    0x08000414   0x08000414   0x00000010   Code   RO         7952    .text               c_w.l(rt_ctype_table.o)
    0x08000424   0x08000424   0x000000ee   Code   RO         7956    .text               c_w.l(lludivv7m.o)
    0x08000512   0x08000512   0x0000001e   Code   RO         7960    .text               c_w.l(toupper.o)
    0x08000530   0x08000530   0x00000028   Code   RO         7964    .text               c_w.l(noretval__2sprintf.o)
    0x08000558   0x08000558   0x00000068   Code   RO         7966    .text               c_w.l(__printf.o)
    0x080005c0   0x080005c0   0x00000052   Code   RO         7968    .text               c_w.l(_printf_str.o)
    0x08000612   0x08000612   0x00000002   PAD
    0x08000614   0x08000614   0x00000078   Code   RO         7970    .text               c_w.l(_printf_dec.o)
    0x0800068c   0x0800068c   0x0000001a   Code   RO         7995    .text               c_w.l(atoi.o)
    0x080006a6   0x080006a6   0x00000024   Code   RO         7999    .text               c_w.l(strncat.o)
    0x080006ca   0x080006ca   0x00000058   Code   RO         8001    .text               c_w.l(memcmp.o)
    0x08000722   0x08000722   0x00000048   Code   RO         8003    .text               c_w.l(strcpy.o)
    0x0800076a   0x0800076a   0x0000003e   Code   RO         8007    .text               c_w.l(strlen.o)
    0x080007a8   0x080007a8   0x00000096   Code   RO         8009    .text               c_w.l(strncmp.o)
    0x0800083e   0x0800083e   0x00000018   Code   RO         8011    .text               c_w.l(strcat.o)
    0x08000856   0x08000856   0x0000004e   Code   RO         8013    .text               c_w.l(rt_memclr_w.o)
    0x080008a4   0x080008a4   0x00000056   Code   RO         8015    .text               c_w.l(strncpy.o)
    0x080008fa   0x080008fa   0x00000002   PAD
    0x080008fc   0x080008fc   0x00000080   Code   RO         8017    .text               c_w.l(strcmpv7m.o)
    0x0800097c   0x0800097c   0x00000006   Code   RO         8019    .text               c_w.l(heapauxi.o)
    0x08000982   0x08000982   0x00000002   PAD
    0x08000984   0x08000984   0x00000008   Code   RO         8047    .text               c_w.l(rt_locale_intlibspace.o)
    0x0800098c   0x0800098c   0x00000008   Code   RO         8052    .text               c_w.l(rt_errno_addr_intlibspace.o)
    0x08000994   0x08000994   0x000000b2   Code   RO         8054    .text               c_w.l(_printf_intcommon.o)
    0x08000a46   0x08000a46   0x00000002   PAD
    0x08000a48   0x08000a48   0x00000030   Code   RO         8056    .text               c_w.l(_printf_char_common.o)
    0x08000a78   0x08000a78   0x0000000a   Code   RO         8058    .text               c_w.l(_sputc.o)
    0x08000a82   0x08000a82   0x0000002c   Code   RO         8060    .text               c_w.l(_printf_char.o)
    0x08000aae   0x08000aae   0x00000070   Code   RO         8063    .text               c_w.l(strtol.o)
    0x08000b1e   0x08000b1e   0x00000044   Code   RO         8068    .text               c_w.l(rt_memclr.o)
    0x08000b62   0x08000b62   0x00000002   PAD
    0x08000b64   0x08000b64   0x00000008   Code   RO         8075    .text               c_w.l(libspace.o)
    0x08000b6c   0x08000b6c   0x0000009e   Code   RO         8097    .text               c_w.l(_strtoul.o)
    0x08000c0a   0x08000c0a   0x0000004a   Code   RO         8144    .text               c_w.l(sys_stackheap_outer.o)
    0x08000c54   0x08000c54   0x0000001c   Code   RO         8146    .text               c_w.l(_chval.o)
    0x08000c70   0x08000c70   0x00000012   Code   RO         8148    .text               c_w.l(exit.o)
    0x08000c82   0x08000c82   0x0000000a   Code   RO         3470    i.$Sub$$main        components.o
    0x08000c8c   0x08000c8c   0x00000034   Code   RO         5611    i.DMA_CalcBaseAndBitshift  stm32f4xx_hal_dma.o
    0x08000cc0   0x08000cc0   0x000000aa   Code   RO         5612    i.DMA_CheckFifoParam  stm32f4xx_hal_dma.o
    0x08000d6a   0x08000d6a   0x0000002c   Code   RO         5613    i.DMA_SetConfig     stm32f4xx_hal_dma.o
    0x08000d96   0x08000d96   0x00000012   Code   RO         2673    i.EXTI0_IRQHandler  drv_gpio.o
    0x08000da8   0x08000da8   0x0000003c   Code   RO         2674    i.EXTI15_10_IRQHandler  drv_gpio.o
    0x08000de4   0x08000de4   0x00000012   Code   RO         2675    i.EXTI1_IRQHandler  drv_gpio.o
    0x08000df6   0x08000df6   0x00000012   Code   RO         2676    i.EXTI2_IRQHandler  drv_gpio.o
    0x08000e08   0x08000e08   0x00000012   Code   RO         2677    i.EXTI3_IRQHandler  drv_gpio.o
    0x08000e1a   0x08000e1a   0x00000012   Code   RO         2678    i.EXTI4_IRQHandler  drv_gpio.o
    0x08000e2c   0x08000e2c   0x0000002e   Code   RO         2679    i.EXTI9_5_IRQHandler  drv_gpio.o
    0x08000e5a   0x08000e5a   0x00000002   PAD
    0x08000e5c   0x08000e5c   0x00000048   Code   RO         5911    i.FSMC_NORSRAM_Extended_Timing_Init  stm32f4xx_ll_fsmc.o
    0x08000ea4   0x08000ea4   0x0000005c   Code   RO         5912    i.FSMC_NORSRAM_Init  stm32f4xx_ll_fsmc.o
    0x08000f00   0x08000f00   0x00000044   Code   RO         5913    i.FSMC_NORSRAM_Timing_Init  stm32f4xx_ll_fsmc.o
    0x08000f44   0x08000f44   0x000000ac   Code   RO         5614    i.HAL_DMA_Abort     stm32f4xx_hal_dma.o
    0x08000ff0   0x08000ff0   0x00000028   Code   RO         5615    i.HAL_DMA_Abort_IT  stm32f4xx_hal_dma.o
    0x08001018   0x08001018   0x00000070   Code   RO         5616    i.HAL_DMA_DeInit    stm32f4xx_hal_dma.o
    0x08001088   0x08001088   0x000000ec   Code   RO         5620    i.HAL_DMA_Init      stm32f4xx_hal_dma.o
    0x08001174   0x08001174   0x00000092   Code   RO         5624    i.HAL_DMA_Start_IT  stm32f4xx_hal_dma.o
    0x08001206   0x08001206   0x00000002   PAD
    0x08001208   0x08001208   0x000000b0   Code   RO         2101    i.HAL_FSMC_MspInit  stm32f4xx_hal_msp.o
    0x080012b8   0x080012b8   0x00000164   Code   RO         7416    i.HAL_GPIO_DeInit   stm32f4xx_hal_gpio.o
    0x0800141c   0x0800141c   0x0000003c   Code   RO         2680    i.HAL_GPIO_EXTI_Callback  drv_gpio.o
    0x08001458   0x08001458   0x0000001c   Code   RO         7418    i.HAL_GPIO_EXTI_IRQHandler  stm32f4xx_hal_gpio.o
    0x08001474   0x08001474   0x000001f0   Code   RO         7419    i.HAL_GPIO_Init     stm32f4xx_hal_gpio.o
    0x08001664   0x08001664   0x00000010   Code   RO         7421    i.HAL_GPIO_ReadPin  stm32f4xx_hal_gpio.o
    0x08001674   0x08001674   0x0000000c   Code   RO         7423    i.HAL_GPIO_WritePin  stm32f4xx_hal_gpio.o
    0x08001680   0x08001680   0x0000001c   Code   RO         2570    i.HAL_GetTick       drv_common.o
    0x0800169c   0x0800169c   0x00000018   Code   RO         2571    i.HAL_IncTick       drv_common.o
    0x080016b4   0x080016b4   0x0000003c   Code   RO         5737    i.HAL_Init          stm32f4xx_hal.o
    0x080016f0   0x080016f0   0x0000000c   Code   RO         2572    i.HAL_InitTick      drv_common.o
    0x080016fc   0x080016fc   0x00000048   Code   RO         2102    i.HAL_MspInit       stm32f4xx_hal_msp.o
    0x08001744   0x08001744   0x00000044   Code   RO         7262    i.HAL_NVIC_DisableIRQ  stm32f4xx_hal_cortex.o
    0x08001788   0x08001788   0x00000020   Code   RO         7263    i.HAL_NVIC_EnableIRQ  stm32f4xx_hal_cortex.o
    0x080017a8   0x080017a8   0x0000007c   Code   RO         7269    i.HAL_NVIC_SetPriority  stm32f4xx_hal_cortex.o
    0x08001824   0x08001824   0x00000028   Code   RO         7270    i.HAL_NVIC_SetPriorityGrouping  stm32f4xx_hal_cortex.o
    0x0800184c   0x0800184c   0x0000001c   Code   RO         7543    i.HAL_PWR_EnableBkUpAccess  stm32f4xx_hal_pwr.o
    0x08001868   0x08001868   0x000001a0   Code   RO         7486    i.HAL_RCCEx_PeriphCLKConfig  stm32f4xx_hal_rcc_ex.o
    0x08001a08   0x08001a08   0x00000184   Code   RO         7657    i.HAL_RCC_ClockConfig  stm32f4xx_hal_rcc.o
    0x08001b8c   0x08001b8c   0x00000044   Code   RO         7661    i.HAL_RCC_GetClockConfig  stm32f4xx_hal_rcc.o
    0x08001bd0   0x08001bd0   0x0000000c   Code   RO         7662    i.HAL_RCC_GetHCLKFreq  stm32f4xx_hal_rcc.o
    0x08001bdc   0x08001bdc   0x00000020   Code   RO         7664    i.HAL_RCC_GetPCLK1Freq  stm32f4xx_hal_rcc.o
    0x08001bfc   0x08001bfc   0x00000020   Code   RO         7665    i.HAL_RCC_GetPCLK2Freq  stm32f4xx_hal_rcc.o
    0x08001c1c   0x08001c1c   0x000000b0   Code   RO         7666    i.HAL_RCC_GetSysClockFreq  stm32f4xx_hal_rcc.o
    0x08001ccc   0x08001ccc   0x0000049c   Code   RO         7669    i.HAL_RCC_OscConfig  stm32f4xx_hal_rcc.o
    0x08002168   0x08002168   0x00000012   Code   RO         5366    i.HAL_RTCEx_BKUPRead  stm32f4xx_hal_rtc_ex.o
    0x0800217a   0x0800217a   0x00000012   Code   RO         5367    i.HAL_RTCEx_BKUPWrite  stm32f4xx_hal_rtc_ex.o
    0x0800218c   0x0800218c   0x0000004c   Code   RO         7041    i.HAL_RTC_GetDate   stm32f4xx_hal_rtc.o
    0x080021d8   0x080021d8   0x00000060   Code   RO         7043    i.HAL_RTC_GetTime   stm32f4xx_hal_rtc.o
    0x08002238   0x08002238   0x000000d8   Code   RO         7044    i.HAL_RTC_Init      stm32f4xx_hal_rtc.o
    0x08002310   0x08002310   0x00000018   Code   RO         2106    i.HAL_RTC_MspInit   stm32f4xx_hal_msp.o
    0x08002328   0x08002328   0x00000104   Code   RO         7050    i.HAL_RTC_SetDate   stm32f4xx_hal_rtc.o
    0x0800242c   0x0800242c   0x0000012c   Code   RO         7051    i.HAL_RTC_SetTime   stm32f4xx_hal_rtc.o
    0x08002558   0x08002558   0x0000003a   Code   RO         7052    i.HAL_RTC_WaitForSynchro  stm32f4xx_hal_rtc.o
    0x08002592   0x08002592   0x00000058   Code   RO         7817    i.HAL_SRAM_Init     stm32f4xx_hal_sram.o
    0x080025ea   0x080025ea   0x0000000a   Code   RO         2112    i.HAL_SRAM_MspInit  stm32f4xx_hal_msp.o
    0x080025f4   0x080025f4   0x00000034   Code   RO         7274    i.HAL_SYSTICK_Config  stm32f4xx_hal_cortex.o
    0x08002628   0x08002628   0x000000b4   Code   RO         6783    i.HAL_TIMEx_MasterConfigSynchronization  stm32f4xx_hal_tim_ex.o
    0x080026dc   0x080026dc   0x000000f4   Code   RO         6794    i.HAL_TIMEx_PWMN_Start  stm32f4xx_hal_tim_ex.o
    0x080027d0   0x080027d0   0x00000088   Code   RO         6797    i.HAL_TIMEx_PWMN_Stop  stm32f4xx_hal_tim_ex.o
    0x08002858   0x08002858   0x00000066   Code   RO         6049    i.HAL_TIM_Base_Init  stm32f4xx_hal_tim.o
    0x080028be   0x080028be   0x00000002   PAD
    0x080028c0   0x080028c0   0x000000e4   Code   RO         2114    i.HAL_TIM_Base_MspInit  stm32f4xx_hal_msp.o
    0x080029a4   0x080029a4   0x0000010c   Code   RO         6058    i.HAL_TIM_ConfigClockSource  stm32f4xx_hal_tim.o
    0x08002ab0   0x08002ab0   0x000000f4   Code   RO         2117    i.HAL_TIM_MspPostInit  stm32f4xx_hal_msp.o
    0x08002ba4   0x08002ba4   0x00000104   Code   RO         6121    i.HAL_TIM_PWM_ConfigChannel  stm32f4xx_hal_tim.o
    0x08002ca8   0x08002ca8   0x00000066   Code   RO         6124    i.HAL_TIM_PWM_Init  stm32f4xx_hal_tim.o
    0x08002d0e   0x08002d0e   0x00000002   Code   RO         6126    i.HAL_TIM_PWM_MspInit  stm32f4xx_hal_tim.o
    0x08002d10   0x08002d10   0x0000010c   Code   RO         6129    i.HAL_TIM_PWM_Start  stm32f4xx_hal_tim.o
    0x08002e1c   0x08002e1c   0x000000a8   Code   RO         6132    i.HAL_TIM_PWM_Stop  stm32f4xx_hal_tim.o
    0x08002ec4   0x08002ec4   0x00000002   Code   RO         4984    i.HAL_UARTEx_RxEventCallback  stm32f4xx_hal_uart.o
    0x08002ec6   0x08002ec6   0x0000003c   Code   RO         4997    i.HAL_UART_DeInit   stm32f4xx_hal_uart.o
    0x08002f02   0x08002f02   0x00000002   PAD
    0x08002f04   0x08002f04   0x0000002c   Code   RO         2987    i.HAL_UART_ErrorCallback  drv_usart.o
    0x08002f30   0x08002f30   0x000002e0   Code   RO         5001    i.HAL_UART_IRQHandler  stm32f4xx_hal_uart.o
    0x08003210   0x08003210   0x00000072   Code   RO         5002    i.HAL_UART_Init     stm32f4xx_hal_uart.o
    0x08003282   0x08003282   0x00000002   PAD
    0x08003284   0x08003284   0x00000064   Code   RO         2118    i.HAL_UART_MspDeInit  stm32f4xx_hal_msp.o
    0x080032e8   0x080032e8   0x00000110   Code   RO         2119    i.HAL_UART_MspInit  stm32f4xx_hal_msp.o
    0x080033f8   0x080033f8   0x00000042   Code   RO         5006    i.HAL_UART_Receive_DMA  stm32f4xx_hal_uart.o
    0x0800343a   0x0800343a   0x00000002   PAD
    0x0800343c   0x0800343c   0x00000034   Code   RO         2988    i.HAL_UART_RxCpltCallback  drv_usart.o
    0x08003470   0x08003470   0x00000034   Code   RO         2989    i.HAL_UART_RxHalfCpltCallback  drv_usart.o
    0x080034a4   0x080034a4   0x000000ac   Code   RO         5011    i.HAL_UART_Transmit_DMA  stm32f4xx_hal_uart.o
    0x08003550   0x08003550   0x00000034   Code   RO         2990    i.HAL_UART_TxCpltCallback  drv_usart.o
    0x08003584   0x08003584   0x00000002   Code   RO         5014    i.HAL_UART_TxHalfCpltCallback  stm32f4xx_hal_uart.o
    0x08003586   0x08003586   0x00000002   PAD
    0x08003588   0x08003588   0x000000cc   Code   RO         2286    i.LCD_BackLightSet  drv_lcd.o
    0x08003654   0x08003654   0x00000038   Code   RO         2287    i.LCD_BlitLine      drv_lcd.o
    0x0800368c   0x0800368c   0x00000038   Code   RO         2290    i.LCD_Display_Dir   drv_lcd.o
    0x080036c4   0x080036c4   0x000000a8   Code   RO         2291    i.LCD_DrawLine      drv_lcd.o
    0x0800376c   0x0800376c   0x0000004c   Code   RO         2292    i.LCD_Fast_DrawPoint  drv_lcd.o
    0x080037b8   0x080037b8   0x0000001c   Code   RO         2293    i.LCD_HLine         drv_lcd.o
    0x080037d4   0x080037d4   0x0000007c   Code   RO         2294    i.LCD_PWM_BackLightInit  drv_lcd.o
    0x08003850   0x08003850   0x0000000c   Code   RO         2295    i.LCD_RD_DATA8      drv_lcd.o
    0x0800385c   0x0800385c   0x00000074   Code   RO         2296    i.LCD_ReadPoint     drv_lcd.o
    0x080038d0   0x080038d0   0x00000034   Code   RO         2299    i.LCD_SetCursor     drv_lcd.o
    0x08003904   0x08003904   0x0000001c   Code   RO         2300    i.LCD_VLine         drv_lcd.o
    0x08003920   0x08003920   0x0000000c   Code   RO         2301    i.LCD_WR_DATA16     drv_lcd.o
    0x0800392c   0x0800392c   0x0000000c   Code   RO         2302    i.LCD_WR_DATA8      drv_lcd.o
    0x08003938   0x08003938   0x0000000c   Code   RO         2303    i.LCD_WR_REG        drv_lcd.o
    0x08003944   0x08003944   0x00000014   Code   RO         2305    i.LCD_WriteRAM_Prepare  drv_lcd.o
    0x08003958   0x08003958   0x00000016   Code   RO         7053    i.RTC_Bcd2ToByte    stm32f4xx_hal_rtc.o
    0x0800396e   0x0800396e   0x0000001a   Code   RO         7054    i.RTC_ByteToBcd2    stm32f4xx_hal_rtc.o
    0x08003988   0x08003988   0x0000003e   Code   RO         7055    i.RTC_EnterInitMode  stm32f4xx_hal_rtc.o
    0x080039c6   0x080039c6   0x00000020   Code   RO         2575    i.SysTick_Handler   drv_common.o
    0x080039e6   0x080039e6   0x00000002   PAD
    0x080039e8   0x080039e8   0x000000f4   Code   RO         2261    i.SystemClock_Config  board.o
    0x08003adc   0x08003adc   0x00000014   Code   RO         7759    i.SystemInit        system_stm32f4xx.o
    0x08003af0   0x08003af0   0x000000d8   Code   RO         6142    i.TIM_Base_SetConfig  stm32f4xx_hal_tim.o
    0x08003bc8   0x08003bc8   0x00000022   Code   RO         6143    i.TIM_CCxChannelCmd  stm32f4xx_hal_tim.o
    0x08003bea   0x08003bea   0x00000022   Code   RO         6803    i.TIM_CCxNChannelCmd  stm32f4xx_hal_tim_ex.o
    0x08003c0c   0x08003c0c   0x00000016   Code   RO         6153    i.TIM_ETR_SetConfig  stm32f4xx_hal_tim.o
    0x08003c22   0x08003c22   0x00000012   Code   RO         6154    i.TIM_ITRx_SetConfig  stm32f4xx_hal_tim.o
    0x08003c34   0x08003c34   0x00000070   Code   RO         6155    i.TIM_OC1_SetConfig  stm32f4xx_hal_tim.o
    0x08003ca4   0x08003ca4   0x0000007c   Code   RO         6156    i.TIM_OC2_SetConfig  stm32f4xx_hal_tim.o
    0x08003d20   0x08003d20   0x00000078   Code   RO         6157    i.TIM_OC3_SetConfig  stm32f4xx_hal_tim.o
    0x08003d98   0x08003d98   0x00000054   Code   RO         6158    i.TIM_OC4_SetConfig  stm32f4xx_hal_tim.o
    0x08003dec   0x08003dec   0x00000026   Code   RO         6160    i.TIM_TI1_ConfigInputStage  stm32f4xx_hal_tim.o
    0x08003e12   0x08003e12   0x00000028   Code   RO         6162    i.TIM_TI2_ConfigInputStage  stm32f4xx_hal_tim.o
    0x08003e3a   0x08003e3a   0x00000014   Code   RO         5015    i.UART_DMAAbortOnError  stm32f4xx_hal_uart.o
    0x08003e4e   0x08003e4e   0x00000050   Code   RO         5016    i.UART_DMAError     stm32f4xx_hal_uart.o
    0x08003e9e   0x08003e9e   0x000000b0   Code   RO         5017    i.UART_DMAReceiveCplt  stm32f4xx_hal_uart.o
    0x08003f4e   0x08003f4e   0x00000020   Code   RO         5019    i.UART_DMARxHalfCplt  stm32f4xx_hal_uart.o
    0x08003f6e   0x08003f6e   0x00000058   Code   RO         5021    i.UART_DMATransmitCplt  stm32f4xx_hal_uart.o
    0x08003fc6   0x08003fc6   0x0000000e   Code   RO         5023    i.UART_DMATxHalfCplt  stm32f4xx_hal_uart.o
    0x08003fd4   0x08003fd4   0x0000006c   Code   RO         5025    i.UART_EndRxTransfer  stm32f4xx_hal_uart.o
    0x08004040   0x08004040   0x00000020   Code   RO         5026    i.UART_EndTransmit_IT  stm32f4xx_hal_uart.o
    0x08004060   0x08004060   0x00000026   Code   RO         5027    i.UART_EndTxTransfer  stm32f4xx_hal_uart.o
    0x08004086   0x08004086   0x000000f8   Code   RO         5028    i.UART_Receive_IT   stm32f4xx_hal_uart.o
    0x0800417e   0x0800417e   0x00000002   PAD
    0x08004180   0x08004180   0x0000022c   Code   RO         5029    i.UART_SetConfig    stm32f4xx_hal_uart.o
    0x080043ac   0x080043ac   0x000000cc   Code   RO         5030    i.UART_Start_Receive_DMA  stm32f4xx_hal_uart.o
    0x08004478   0x08004478   0x00000060   Code   RO         5032    i.UART_Transmit_IT  stm32f4xx_hal_uart.o
    0x080044d8   0x080044d8   0x00000018   Code   RO         2991    i.USART1_IRQHandler  drv_usart.o
    0x080044f0   0x080044f0   0x00000064   Code   RO         2576    i._Error_Handler    drv_common.o
    0x08004554   0x08004554   0x00000010   Code   RO         7276    i.__NVIC_GetPriorityGrouping  stm32f4xx_hal_cortex.o
    0x08004564   0x08004564   0x00000028   Code   RO         7277    i.__NVIC_SetPriority  stm32f4xx_hal_cortex.o
    0x0800458c   0x0800458c   0x00000034   Code   RO          733    i.__isleap          ctime.o
    0x080045c0   0x080045c0   0x00000064   Code   RO          576    i.__rt_libc_exit    cstdlib.o
    0x08004624   0x08004624   0x00000050   Code   RO         2992    i._dma_tx_complete  drv_usart.o
    0x08004674   0x08004674   0x0000001c   Code   RO         4011    i._heap_lock        kservice.o
    0x08004690   0x08004690   0x00000038   Code   RO         4012    i._heap_unlock      kservice.o
    0x080046c8   0x080046c8   0x00000018   Code   RO         3682    i._ipc_list_resume  ipc.o
    0x080046e0   0x080046e0   0x00000080   Code   RO         3684    i._ipc_list_suspend  ipc.o
    0x08004760   0x08004760   0x00000010   Code   RO         3685    i._ipc_object_init  ipc.o
    0x08004770   0x08004770   0x0000009c   Code   RO         3103    i._msh_exec_cmd     msh.o
    0x0800480c   0x0800480c   0x00000088   Code   RO         1704    i._pin_cmd          pin.o
    0x08004894   0x08004894   0x00000058   Code   RO         1705    i._pin_cmd_conv     pin.o
    0x080048ec   0x080048ec   0x00000060   Code   RO         1706    i._pin_cmd_get      pin.o
    0x0800494c   0x0800494c   0x000000f0   Code   RO         1707    i._pin_cmd_mode     pin.o
    0x08004a3c   0x08004a3c   0x000000f4   Code   RO         1708    i._pin_cmd_print_usage  pin.o
    0x08004b30   0x08004b30   0x0000009c   Code   RO         1709    i._pin_cmd_read     pin.o
    0x08004bcc   0x08004bcc   0x000000b0   Code   RO         1710    i._pin_cmd_write    pin.o
    0x08004c7c   0x08004c7c   0x00000048   Code   RO         1711    i._pin_control      pin.o
    0x08004cc4   0x08004cc4   0x00000054   Code   RO         1712    i._pin_read         pin.o
    0x08004d18   0x08004d18   0x00000054   Code   RO         1713    i._pin_write        pin.o
    0x08004d6c   0x08004d6c   0x0000002a   Code   RO         1818    i._pwm_control      rt_drv_pwm.o
    0x08004d96   0x08004d96   0x00000058   Code   RO         1819    i._pwm_read         rt_drv_pwm.o
    0x08004dee   0x08004dee   0x00000072   Code   RO         1820    i._pwm_write        rt_drv_pwm.o
    0x08004e60   0x08004e60   0x00000028   Code   RO         4512    i._scheduler_get_highest_priority_thread  scheduler.o
    0x08004e88   0x08004e88   0x000000c4   Code   RO         4513    i._scheduler_stack_check  scheduler.o
    0x08004f4c   0x08004f4c   0x00000048   Code   RO         1987    i._serial_check_buffer_size  serial.o
    0x08004f94   0x08004f94   0x00000194   Code   RO         1988    i._serial_dma_rx    serial.o
    0x08005128   0x08005128   0x0000005c   Code   RO         1989    i._serial_dma_tx    serial.o
    0x08005184   0x08005184   0x00000064   Code   RO         1990    i._serial_fifo_calc_recved_len  serial.o
    0x080051e8   0x080051e8   0x000000b8   Code   RO         1991    i._serial_int_rx    serial.o
    0x080052a0   0x080052a0   0x00000098   Code   RO         1992    i._serial_int_tx    serial.o
    0x08005338   0x08005338   0x00000064   Code   RO         1993    i._serial_poll_rx   serial.o
    0x0800539c   0x0800539c   0x00000054   Code   RO         1994    i._serial_poll_tx   serial.o
    0x080053f0   0x080053f0   0x0000000c   Code   RO          419    i._sys_exit         syscalls.o
    0x080053fc   0x080053fc   0x00000034   Code   RO         4597    i._thread_exit      thread.o
    0x08005430   0x08005430   0x000000d4   Code   RO         4598    i._thread_init      thread.o
    0x08005504   0x08005504   0x000000bc   Code   RO         4599    i._thread_timeout   thread.o
    0x080055c0   0x080055c0   0x00000042   Code   RO         4739    i._timer_init       timer.o
    0x08005602   0x08005602   0x0000001c   Code   RO         4741    i._timer_remove     timer.o
    0x0800561e   0x0800561e   0x00000002   PAD
    0x08005620   0x08005620   0x00000014   Code   RO          734    i.asctime           ctime.o
    0x08005634   0x08005634   0x00000180   Code   RO          735    i.asctime_r         ctime.o
    0x080057b4   0x080057b4   0x0000001e   Code   RO         2681    i.bit2bitno         drv_gpio.o
    0x080057d2   0x080057d2   0x00000002   PAD
    0x080057d4   0x080057d4   0x000000fc   Code   RO          953    i.bus_fault_track   cpuport.o
    0x080058d0   0x080058d0   0x00000014   Code   RO         3310    i.clear             cmd.o
    0x080058e4   0x080058e4   0x00000080   Code   RO         3104    i.cmd_free          msh.o
    0x08005964   0x08005964   0x00000264   Code   RO         3311    i.cmd_list          cmd.o
    0x08005bc8   0x08005bc8   0x0000000e   Code   RO         3105    i.cmd_ps            msh.o
    0x08005bd6   0x08005bd6   0x00000012   Code   RO          737    i.ctime             ctime.o
    0x08005be8   0x08005be8   0x00000320   Code   RO         1892    i.date              rtc.o
    0x08005f08   0x08005f08   0x00000090   Code   RO         2993    i.dma_isr           drv_usart.o
    0x08005f98   0x08005f98   0x00000060   Code   RO         2307    i.drv_lcd_control   drv_lcd.o
    0x08005ff8   0x08005ff8   0x00000050   Code   RO         2308    i.drv_lcd_hw_init   drv_lcd.o
    0x08006048   0x08006048   0x00000334   Code   RO         2309    i.drv_lcd_init      drv_lcd.o
    0x0800637c   0x0800637c   0x00000076   Code   RO         2788    i.drv_pwm_control   drv_pwm.o
    0x080063f2   0x080063f2   0x00000048   Code   RO         2789    i.drv_pwm_enable    drv_pwm.o
    0x0800643a   0x0800643a   0x00000002   PAD
    0x0800643c   0x0800643c   0x000000dc   Code   RO         2790    i.drv_pwm_get       drv_pwm.o
    0x08006518   0x08006518   0x0000017c   Code   RO         2791    i.drv_pwm_set       drv_pwm.o
    0x08006694   0x08006694   0x00000090   Code   RO         2792    i.drv_pwm_set_period  drv_pwm.o
    0x08006724   0x08006724   0x000000b4   Code   RO         2793    i.drv_pwm_set_pulse  drv_pwm.o
    0x080067d8   0x080067d8   0x0000005c   Code   RO         3199    i.finsh_get_prompt  shell.o
    0x08006834   0x08006834   0x00000084   Code   RO         3201    i.finsh_getchar     shell.o
    0x080068b8   0x080068b8   0x00000040   Code   RO         3202    i.finsh_rx_ind      shell.o
    0x080068f8   0x080068f8   0x000000e0   Code   RO         3203    i.finsh_set_device  shell.o
    0x080069d8   0x080069d8   0x00000048   Code   RO         3206    i.finsh_set_prompt_mode  shell.o
    0x08006a20   0x08006a20   0x00000014   Code   RO         3207    i.finsh_system_function_init  shell.o
    0x08006a34   0x08006a34   0x0000009c   Code   RO         3208    i.finsh_system_init  shell.o
    0x08006ad0   0x08006ad0   0x00000500   Code   RO         3209    i.finsh_thread_entry  shell.o
    0x08006fd0   0x08006fd0   0x00000038   Code   RO         1893    i.get_timestamp     rtc.o
    0x08007008   0x08007008   0x000000bc   Code   RO          739    i.get_timeval       ctime.o
    0x080070c4   0x080070c4   0x00000034   Code   RO          740    i.gettimeofday      ctime.o
    0x080070f8   0x080070f8   0x000000ec   Code   RO          742    i.gmtime_r          ctime.o
    0x080071e4   0x080071e4   0x00000080   Code   RO          954    i.hard_fault_track  cpuport.o
    0x08007264   0x08007264   0x00000050   Code   RO         2310    i.lcd_address_set   drv_lcd.o
    0x080072b4   0x080072b4   0x0000002e   Code   RO         2311    i.lcd_auto_fill     drv_lcd.o
    0x080072e2   0x080072e2   0x00000002   PAD
    0x080072e4   0x080072e4   0x0000003c   Code   RO         2312    i.lcd_clear         drv_lcd.o
    0x08007320   0x08007320   0x00000088   Code   RO         2319    i.lcd_fill_test     drv_lcd.o
    0x080073a8   0x080073a8   0x00000014   Code   RO         2320    i.lcd_set_color     drv_lcd.o
    0x080073bc   0x080073bc   0x000003cc   Code   RO         2321    i.lcd_show_char     drv_lcd.o
    0x08007788   0x08007788   0x000000dc   Code   RO         2324    i.lcd_show_string   drv_lcd.o
    0x08007864   0x08007864   0x00000026   Code   RO         2325    i.lcd_write_data_buffer  drv_lcd.o
    0x0800788a   0x0800788a   0x00000018   Code   RO         2326    i.lcd_write_half_word  drv_lcd.o
    0x080078a2   0x080078a2   0x00000002   PAD
    0x080078a4   0x080078a4   0x00000128   Code   RO         3312    i.list_device       cmd.o
    0x080079cc   0x080079cc   0x00000144   Code   RO         3313    i.list_event        cmd.o
    0x08007b10   0x08007b10   0x0000002a   Code   RO         3314    i.list_find_init    cmd.o
    0x08007b3a   0x08007b3a   0x00000088   Code   RO         3315    i.list_get_next     cmd.o
    0x08007bc2   0x08007bc2   0x00000002   PAD
    0x08007bc4   0x08007bc4   0x0000015c   Code   RO         3316    i.list_mailbox      cmd.o
    0x08007d20   0x08007d20   0x00000174   Code   RO         3317    i.list_mempool      cmd.o
    0x08007e94   0x08007e94   0x00000144   Code   RO         3318    i.list_msgqueue     cmd.o
    0x08007fd8   0x08007fd8   0x0000010c   Code   RO         3319    i.list_mutex        cmd.o
    0x080080e4   0x080080e4   0x00000138   Code   RO         3320    i.list_sem          cmd.o
    0x0800821c   0x0800821c   0x000001ec   Code   RO         3321    i.list_thread       cmd.o
    0x08008408   0x08008408   0x000001a8   Code   RO         3322    i.list_timer        cmd.o
    0x080085b0   0x080085b0   0x00000014   Code   RO          743    i.localtime         ctime.o
    0x080085c4   0x080085c4   0x00000024   Code   RO          744    i.localtime_r       ctime.o
    0x080085e8   0x080085e8   0x0000000a   Code   RO          275    i.main              main.o
    0x080085f2   0x080085f2   0x0000000e   Code   RO         3471    i.main_thread_entry  components.o
    0x08008600   0x08008600   0x000000e8   Code   RO          955    i.mem_manage_fault_track  cpuport.o
    0x080086e8   0x080086e8   0x0000001c   Code   RO          745    i.mktime            ctime.o
    0x08008704   0x08008704   0x00000084   Code   RO         3106    i.msh_auto_complete  msh.o
    0x08008788   0x08008788   0x0000006c   Code   RO         3107    i.msh_exec          msh.o
    0x080087f4   0x080087f4   0x00000040   Code   RO         3108    i.msh_get_cmd       msh.o
    0x08008834   0x08008834   0x00000064   Code   RO         3109    i.msh_help          msh.o
    0x08008898   0x08008898   0x0000003c   Code   RO         3171    i.msh_isint         msh_parse.o
    0x080088d4   0x080088d4   0x000000f0   Code   RO         3110    i.msh_split         msh.o
    0x080089c4   0x080089c4   0x0000001a   Code   RO          746    i.num2str           ctime.o
    0x080089de   0x080089de   0x00000002   PAD
    0x080089e0   0x080089e0   0x0000001c   Code   RO         3323    i.object_split      cmd.o
    0x080089fc   0x080089fc   0x00000070   Code   RO         2794    i.pclkx_doubler_get  drv_pwm.o
    0x08008a6c   0x08008a6c   0x000000e8   Code   RO         4286    i.plug_holes        mem.o
    0x08008b54   0x08008b54   0x00000198   Code   RO         4014    i.print_number      kservice.o
    0x08008cec   0x08008cec   0x00000550   Code   RO         1821    i.pwm               rt_drv_pwm.o
    0x0800923c   0x0800923c   0x00000018   Code   RO         2795    i.pwm_get_channel   drv_pwm.o
    0x08009254   0x08009254   0x0000000c   Code   RO         2577    i.reboot            drv_common.o
    0x08009260   0x08009260   0x00000050   Code   RO         3472    i.rt_application_init  components.o
    0x080092b0   0x080092b0   0x00000074   Code   RO         4015    i.rt_assert_handler  kservice.o
    0x08009324   0x08009324   0x00000022   Code   RO         4017    i.rt_calloc         kservice.o
    0x08009346   0x08009346   0x00000002   PAD
    0x08009348   0x08009348   0x00000068   Code   RO         1185    i.rt_completion_done  completion.o
    0x080093b0   0x080093b0   0x00000048   Code   RO         1186    i.rt_completion_init  completion.o
    0x080093f8   0x080093f8   0x000001fc   Code   RO         1187    i.rt_completion_wait  completion.o
    0x080095f4   0x080095f4   0x0000001c   Code   RO         3473    i.rt_components_board_init  components.o
    0x08009610   0x08009610   0x0000001c   Code   RO         3474    i.rt_components_init  components.o
    0x0800962c   0x0800962c   0x0000000c   Code   RO         4018    i.rt_console_get_device  kservice.o
    0x08009638   0x08009638   0x0000003c   Code   RO         4019    i.rt_console_set_device  kservice.o
    0x08009674   0x08009674   0x0000000c   Code   RO         4514    i.rt_critical_level  scheduler.o
    0x08009680   0x08009680   0x00000084   Code   RO         1218    i.rt_data_queue_deinit  dataqueue.o
    0x08009704   0x08009704   0x000000a4   Code   RO         1219    i.rt_data_queue_init  dataqueue.o
    0x080097a8   0x080097a8   0x000000b4   Code   RO         1220    i.rt_data_queue_len  dataqueue.o
    0x0800985c   0x0800985c   0x000000a4   Code   RO         1221    i.rt_data_queue_peek  dataqueue.o
    0x08009900   0x08009900   0x000002e4   Code   RO         1222    i.rt_data_queue_pop  dataqueue.o
    0x08009be4   0x08009be4   0x00000280   Code   RO         1223    i.rt_data_queue_push  dataqueue.o
    0x08009e64   0x08009e64   0x000000f8   Code   RO         1224    i.rt_data_queue_reset  dataqueue.o
    0x08009f5c   0x08009f5c   0x0000003e   Code   RO         3624    i.rt_defunct_execute  idle.o
    0x08009f9a   0x08009f9a   0x00000002   PAD
    0x08009f9c   0x08009f9c   0x000000ac   Code   RO         3539    i.rt_device_close   device.o
    0x0800a048   0x0800a048   0x00000094   Code   RO         3540    i.rt_device_control  device.o
    0x0800a0dc   0x0800a0dc   0x0000000e   Code   RO         3543    i.rt_device_find    device.o
    0x0800a0ea   0x0800a0ea   0x00000002   PAD
    0x0800a0ec   0x0800a0ec   0x00000090   Code   RO         3544    i.rt_device_init    device.o
    0x0800a17c   0x0800a17c   0x00000148   Code   RO         3545    i.rt_device_open    device.o
    0x0800a2c4   0x0800a2c4   0x00000048   Code   RO         1714    i.rt_device_pin_register  pin.o
    0x0800a30c   0x0800a30c   0x00000054   Code   RO         1822    i.rt_device_pwm_register  rt_drv_pwm.o
    0x0800a360   0x0800a360   0x000000b4   Code   RO         3546    i.rt_device_read    device.o
    0x0800a414   0x0800a414   0x00000034   Code   RO         3547    i.rt_device_register  device.o
    0x0800a448   0x0800a448   0x00000080   Code   RO         3548    i.rt_device_set_rx_indicate  device.o
    0x0800a4c8   0x0800a4c8   0x000000b4   Code   RO         3551    i.rt_device_write   device.o
    0x0800a57c   0x0800a57c   0x0000000c   Code   RO         1995    i.rt_dma_calc_recved_len  serial.o
    0x0800a588   0x0800a588   0x0000009c   Code   RO         1996    i.rt_dma_recv_update_get_index  serial.o
    0x0800a624   0x0800a624   0x000000a8   Code   RO         1997    i.rt_dma_recv_update_put_index  serial.o
    0x0800a6cc   0x0800a6cc   0x00000020   Code   RO         4515    i.rt_enter_critical  scheduler.o
    0x0800a6ec   0x0800a6ec   0x00000044   Code   RO         4516    i.rt_exit_critical  scheduler.o
    0x0800a730   0x0800a730   0x00000034   Code   RO         4020    i.rt_free           kservice.o
    0x0800a764   0x0800a764   0x00000038   Code   RO         2578    i.rt_hw_board_init  drv_common.o
    0x0800a79c   0x0800a79c   0x00000002   Code   RO         4024    i.rt_hw_console_output  kservice.o
    0x0800a79e   0x0800a79e   0x00000002   PAD
    0x0800a7a0   0x0800a7a0   0x00000010   Code   RO          956    i.rt_hw_cpu_reset   cpuport.o
    0x0800a7b0   0x0800a7b0   0x0000022c   Code   RO          959    i.rt_hw_hard_fault_exception  cpuport.o
    0x0800a9dc   0x0800a9dc   0x0000012c   Code   RO         2682    i.rt_hw_pin_init    drv_gpio.o
    0x0800ab08   0x0800ab08   0x0000007c   Code   RO         2908    i.rt_hw_rtc_init    drv_rtc.o
    0x0800ab84   0x0800ab84   0x00000070   Code   RO         1894    i.rt_hw_rtc_register  rtc.o
    0x0800abf4   0x0800abf4   0x000001e0   Code   RO         1998    i.rt_hw_serial_isr  serial.o
    0x0800add4   0x0800add4   0x00000080   Code   RO         1999    i.rt_hw_serial_register  serial.o
    0x0800ae54   0x0800ae54   0x00000050   Code   RO          960    i.rt_hw_stack_init  cpuport.o
    0x0800aea4   0x0800aea4   0x0000005c   Code   RO         2579    i.rt_hw_systick_init  drv_common.o
    0x0800af00   0x0800af00   0x000000c8   Code   RO         2994    i.rt_hw_usart_init  drv_usart.o
    0x0800afc8   0x0800afc8   0x00000004   Code   RO         1108    i.rt_i2c_core_init  i2c_core.o
    0x0800afcc   0x0800afcc   0x00000038   Code   RO         3972    i.rt_interrupt_enter  irq.o
    0x0800b004   0x0800b004   0x0000001c   Code   RO         3974    i.rt_interrupt_get_nest  irq.o
    0x0800b020   0x0800b020   0x00000038   Code   RO         3975    i.rt_interrupt_leave  irq.o
    0x0800b058   0x0800b058   0x0000004c   Code   RO         4026    i.rt_kprintf        kservice.o
    0x0800b0a4   0x0800b0a4   0x00000006   Code   RO         1225    i.rt_list_init      dataqueue.o
    0x0800b0aa   0x0800b0aa   0x00000006   Code   RO         3693    i.rt_list_init      ipc.o
    0x0800b0b0   0x0800b0b0   0x00000006   Code   RO         4742    i.rt_list_init      timer.o
    0x0800b0b6   0x0800b0b6   0x0000000e   Code   RO         4399    i.rt_list_insert_after  object.o
    0x0800b0c4   0x0800b0c4   0x0000000e   Code   RO         4743    i.rt_list_insert_after  timer.o
    0x0800b0d2   0x0800b0d2   0x0000000e   Code   RO         1226    i.rt_list_insert_before  dataqueue.o
    0x0800b0e0   0x0800b0e0   0x0000000e   Code   RO         3694    i.rt_list_insert_before  ipc.o
    0x0800b0ee   0x0800b0ee   0x00000010   Code   RO         1188    i.rt_list_isempty   completion.o
    0x0800b0fe   0x0800b0fe   0x00000010   Code   RO         1227    i.rt_list_isempty   dataqueue.o
    0x0800b10e   0x0800b10e   0x00000010   Code   RO         3324    i.rt_list_isempty   cmd.o
    0x0800b11e   0x0800b11e   0x00000010   Code   RO         3695    i.rt_list_isempty   ipc.o
    0x0800b12e   0x0800b12e   0x00000010   Code   RO         4744    i.rt_list_isempty   timer.o
    0x0800b13e   0x0800b13e   0x00000014   Code   RO         3325    i.rt_list_len       cmd.o
    0x0800b152   0x0800b152   0x00000012   Code   RO         4400    i.rt_list_remove    object.o
    0x0800b164   0x0800b164   0x00000012   Code   RO         4600    i.rt_list_remove    thread.o
    0x0800b176   0x0800b176   0x00000012   Code   RO         4745    i.rt_list_remove    timer.o
    0x0800b188   0x0800b188   0x0000003c   Code   RO         4028    i.rt_malloc         kservice.o
    0x0800b1c4   0x0800b1c4   0x0000007c   Code   RO         4032    i.rt_memcpy         kservice.o
    0x0800b240   0x0800b240   0x00000042   Code   RO         4033    i.rt_memmove        kservice.o
    0x0800b282   0x0800b282   0x00000002   PAD
    0x0800b284   0x0800b284   0x00000044   Code   RO         4034    i.rt_memory_info    kservice.o
    0x0800b2c8   0x0800b2c8   0x00000048   Code   RO         4035    i.rt_memset         kservice.o
    0x0800b310   0x0800b310   0x00000058   Code   RO         3718    i.rt_mutex_init     ipc.o
    0x0800b368   0x0800b368   0x000001e0   Code   RO         3719    i.rt_mutex_release  ipc.o
    0x0800b548   0x0800b548   0x00000264   Code   RO         3720    i.rt_mutex_take     ipc.o
    0x0800b7ac   0x0800b7ac   0x000000ec   Code   RO         4401    i.rt_object_allocate  object.o
    0x0800b898   0x0800b898   0x000000a0   Code   RO         4403    i.rt_object_delete  object.o
    0x0800b938   0x0800b938   0x0000005c   Code   RO         4404    i.rt_object_detach  object.o
    0x0800b994   0x0800b994   0x000000ac   Code   RO         4406    i.rt_object_find    object.o
    0x0800ba40   0x0800ba40   0x00000028   Code   RO         4407    i.rt_object_get_information  object.o
    0x0800ba68   0x0800ba68   0x00000034   Code   RO         4410    i.rt_object_get_type  object.o
    0x0800ba9c   0x0800ba9c   0x000000bc   Code   RO         4411    i.rt_object_init    object.o
    0x0800bb58   0x0800bb58   0x0000003c   Code   RO         4412    i.rt_object_is_systemobject  object.o
    0x0800bb94   0x0800bb94   0x00000060   Code   RO         1717    i.rt_pin_get        pin.o
    0x0800bbf4   0x0800bbf4   0x00000048   Code   RO         1719    i.rt_pin_mode       pin.o
    0x0800bc3c   0x0800bc3c   0x00000044   Code   RO         1720    i.rt_pin_read       pin.o
    0x0800bc80   0x0800bc80   0x00000048   Code   RO         1721    i.rt_pin_write      pin.o
    0x0800bcc8   0x0800bcc8   0x00000046   Code   RO         1823    i.rt_pwm_disable    rt_drv_pwm.o
    0x0800bd0e   0x0800bd0e   0x00000046   Code   RO         1824    i.rt_pwm_enable     rt_drv_pwm.o
    0x0800bd54   0x0800bd54   0x00000022   Code   RO         1825    i.rt_pwm_get        rt_drv_pwm.o
    0x0800bd76   0x0800bd76   0x00000048   Code   RO         1826    i.rt_pwm_set        rt_drv_pwm.o
    0x0800bdbe   0x0800bdbe   0x00000006   Code   RO         1895    i.rt_rtc_close      rtc.o
    0x0800bdc4   0x0800bdc4   0x000000a8   Code   RO         2909    i.rt_rtc_config     drv_rtc.o
    0x0800be6c   0x0800be6c   0x000000dc   Code   RO         1896    i.rt_rtc_control    rtc.o
    0x0800bf48   0x0800bf48   0x0000003c   Code   RO         1897    i.rt_rtc_init       rtc.o
    0x0800bf84   0x0800bf84   0x00000006   Code   RO         1898    i.rt_rtc_open       rtc.o
    0x0800bf8a   0x0800bf8a   0x00000002   PAD
    0x0800bf8c   0x0800bf8c   0x0000015c   Code   RO         4517    i.rt_schedule       scheduler.o
    0x0800c0e8   0x0800c0e8   0x000000c4   Code   RO         4518    i.rt_schedule_insert_thread  scheduler.o
    0x0800c1ac   0x0800c1ac   0x00000080   Code   RO         4519    i.rt_schedule_remove_thread  scheduler.o
    0x0800c22c   0x0800c22c   0x000000bc   Code   RO         3726    i.rt_sem_init       ipc.o
    0x0800c2e8   0x0800c2e8   0x000000a8   Code   RO         3727    i.rt_sem_release    ipc.o
    0x0800c390   0x0800c390   0x000001fc   Code   RO         3728    i.rt_sem_take       ipc.o
    0x0800c58c   0x0800c58c   0x000001ac   Code   RO         2000    i.rt_serial_close   serial.o
    0x0800c738   0x0800c738   0x000000a4   Code   RO         2001    i.rt_serial_control  serial.o
    0x0800c7dc   0x0800c7dc   0x00000048   Code   RO         2002    i.rt_serial_init    serial.o
    0x0800c824   0x0800c824   0x000002ac   Code   RO         2003    i.rt_serial_open    serial.o
    0x0800cad0   0x0800cad0   0x0000006c   Code   RO         2004    i.rt_serial_read    serial.o
    0x0800cb3c   0x0800cb3c   0x0000006c   Code   RO         2005    i.rt_serial_write   serial.o
    0x0800cba8   0x0800cba8   0x00000028   Code   RO         4037    i.rt_set_errno      kservice.o
    0x0800cbd0   0x0800cbd0   0x000000c4   Code   RO         4038    i.rt_show_version   kservice.o
    0x0800cc94   0x0800cc94   0x00000278   Code   RO         4287    i.rt_smem_alloc     mem.o
    0x0800cf0c   0x0800cf0c   0x000001a4   Code   RO         4289    i.rt_smem_free      mem.o
    0x0800d0b0   0x0800d0b0   0x000000f4   Code   RO         4290    i.rt_smem_init      mem.o
    0x0800d1a4   0x0800d1a4   0x00000022   Code   RO         4040    i.rt_sprintf        kservice.o
    0x0800d1c6   0x0800d1c6   0x0000001c   Code   RO         4042    i.rt_strcmp         kservice.o
    0x0800d1e2   0x0800d1e2   0x00000002   PAD
    0x0800d1e4   0x0800d1e4   0x00000020   Code   RO         4045    i.rt_strerror       kservice.o
    0x0800d204   0x0800d204   0x00000012   Code   RO         4046    i.rt_strlen         kservice.o
    0x0800d216   0x0800d216   0x00000028   Code   RO         4047    i.rt_strncmp        kservice.o
    0x0800d23e   0x0800d23e   0x00000034   Code   RO         4048    i.rt_strncpy        kservice.o
    0x0800d272   0x0800d272   0x00000002   PAD
    0x0800d274   0x0800d274   0x00000078   Code   RO         4051    i.rt_system_heap_init  kservice.o
    0x0800d2ec   0x0800d2ec   0x00000038   Code   RO         4522    i.rt_system_scheduler_init  scheduler.o
    0x0800d324   0x0800d324   0x00000028   Code   RO         4523    i.rt_system_scheduler_start  scheduler.o
    0x0800d34c   0x0800d34c   0x0000001c   Code   RO         4746    i.rt_system_timer_init  timer.o
    0x0800d368   0x0800d368   0x00000002   Code   RO         4747    i.rt_system_timer_thread_init  timer.o
    0x0800d36a   0x0800d36a   0x00000002   PAD
    0x0800d36c   0x0800d36c   0x000000d4   Code   RO         4601    i.rt_thread_control  thread.o
    0x0800d440   0x0800d440   0x00000050   Code   RO         4602    i.rt_thread_create  thread.o
    0x0800d490   0x0800d490   0x0000003c   Code   RO         3625    i.rt_thread_defunct_dequeue  idle.o
    0x0800d4cc   0x0800d4cc   0x0000001c   Code   RO         3626    i.rt_thread_defunct_enqueue  idle.o
    0x0800d4e8   0x0800d4e8   0x000000d8   Code   RO         4605    i.rt_thread_delete  thread.o
    0x0800d5c0   0x0800d5c0   0x000000cc   Code   RO         4606    i.rt_thread_detach  thread.o
    0x0800d68c   0x0800d68c   0x00000024   Code   RO         3628    i.rt_thread_idle_entry  idle.o
    0x0800d6b0   0x0800d6b0   0x00000060   Code   RO         3630    i.rt_thread_idle_init  idle.o
    0x0800d710   0x0800d710   0x00000080   Code   RO         4608    i.rt_thread_init    thread.o
    0x0800d790   0x0800d790   0x00000014   Code   RO         4610    i.rt_thread_mdelay  thread.o
    0x0800d7a4   0x0800d7a4   0x0000009c   Code   RO         4611    i.rt_thread_resume  thread.o
    0x0800d840   0x0800d840   0x0000000c   Code   RO         4613    i.rt_thread_self    thread.o
    0x0800d84c   0x0800d84c   0x00000084   Code   RO         4614    i.rt_thread_sleep   thread.o
    0x0800d8d0   0x0800d8d0   0x000000bc   Code   RO         4615    i.rt_thread_startup  thread.o
    0x0800d98c   0x0800d98c   0x000000d8   Code   RO         4616    i.rt_thread_suspend  thread.o
    0x0800da64   0x0800da64   0x00000038   Code   RO         3426    i.rt_tick_from_millisecond  clock.o
    0x0800da9c   0x0800da9c   0x0000000c   Code   RO         3427    i.rt_tick_get       clock.o
    0x0800daa8   0x0800daa8   0x00000064   Code   RO         3429    i.rt_tick_increase  clock.o
    0x0800db0c   0x0800db0c   0x000000dc   Code   RO         4748    i.rt_timer_check    timer.o
    0x0800dbe8   0x0800dbe8   0x00000120   Code   RO         4749    i.rt_timer_control  timer.o
    0x0800dd08   0x0800dd08   0x000000e0   Code   RO         4752    i.rt_timer_detach   timer.o
    0x0800dde8   0x0800dde8   0x000000a4   Code   RO         4755    i.rt_timer_init     timer.o
    0x0800de8c   0x0800de8c   0x00000188   Code   RO         4757    i.rt_timer_start    timer.o
    0x0800e014   0x0800e014   0x000000c0   Code   RO         4758    i.rt_timer_stop     timer.o
    0x0800e0d4   0x0800e0d4   0x00000340   Code   RO         4052    i.rt_vsnprintf      kservice.o
    0x0800e414   0x0800e414   0x00000016   Code   RO         4053    i.rt_vsprintf       kservice.o
    0x0800e42a   0x0800e42a   0x00000002   PAD
    0x0800e42c   0x0800e42c   0x00000098   Code   RO          276    i.rtc_init          main.o
    0x0800e4c4   0x0800e4c4   0x00000004   Code   RO         3475    i.rti_board_end     components.o
    0x0800e4c8   0x0800e4c8   0x00000004   Code   RO         3476    i.rti_board_start   components.o
    0x0800e4cc   0x0800e4cc   0x00000004   Code   RO         3477    i.rti_end           components.o
    0x0800e4d0   0x0800e4d0   0x00000004   Code   RO         3478    i.rti_start         components.o
    0x0800e4d4   0x0800e4d4   0x0000002a   Code   RO         3479    i.rtthread_startup  components.o
    0x0800e4fe   0x0800e4fe   0x00000002   PAD
    0x0800e500   0x0800e500   0x000000b4   Code   RO            4    i.screen_entry      screen.o
    0x0800e5b4   0x0800e5b4   0x000000a4   Code   RO         2910    i.set_rtc_time_stamp  drv_rtc.o
    0x0800e658   0x0800e658   0x00000038   Code   RO         1901    i.set_timestamp     rtc.o
    0x0800e690   0x0800e690   0x00000030   Code   RO         3210    i.shell_auto_complete  shell.o
    0x0800e6c0   0x0800e6c0   0x00000030   Code   RO         3211    i.shell_handle_history  shell.o
    0x0800e6f0   0x0800e6f0   0x000000dc   Code   RO         3212    i.shell_push_history  shell.o
    0x0800e7cc   0x0800e7cc   0x00000038   Code   RO         3326    i.show_wait_queue   cmd.o
    0x0800e804   0x0800e804   0x00000026   Code   RO         4054    i.skip_atoi         kservice.o
    0x0800e82a   0x0800e82a   0x00000002   PAD
    0x0800e82c   0x0800e82c   0x00000138   Code   RO         2995    i.stm32_configure   drv_usart.o
    0x0800e964   0x0800e964   0x00000148   Code   RO         2996    i.stm32_control     drv_usart.o
    0x0800eaac   0x0800eaac   0x000001c8   Code   RO         2997    i.stm32_dma_config  drv_usart.o
    0x0800ec74   0x0800ec74   0x00000078   Code   RO         2998    i.stm32_dma_transmit  drv_usart.o
    0x0800ecec   0x0800ecec   0x00000050   Code   RO         2999    i.stm32_getc        drv_usart.o
    0x0800ed3c   0x0800ed3c   0x000002d8   Code   RO         2796    i.stm32_hw_pwm_init  drv_pwm.o
    0x0800f014   0x0800f014   0x000000e0   Code   RO         2683    i.stm32_pin_attach_irq  drv_gpio.o
    0x0800f0f4   0x0800f0f4   0x00000094   Code   RO         2684    i.stm32_pin_dettach_irq  drv_gpio.o
    0x0800f188   0x0800f188   0x00000076   Code   RO         2685    i.stm32_pin_get     drv_gpio.o
    0x0800f1fe   0x0800f1fe   0x00000002   PAD
    0x0800f200   0x0800f200   0x000001c8   Code   RO         2686    i.stm32_pin_irq_enable  drv_gpio.o
    0x0800f3c8   0x0800f3c8   0x00000088   Code   RO         2687    i.stm32_pin_mode    drv_gpio.o
    0x0800f450   0x0800f450   0x0000003c   Code   RO         2688    i.stm32_pin_read    drv_gpio.o
    0x0800f48c   0x0800f48c   0x0000003c   Code   RO         2689    i.stm32_pin_write   drv_gpio.o
    0x0800f4c8   0x0800f4c8   0x00000050   Code   RO         3000    i.stm32_putc        drv_usart.o
    0x0800f518   0x0800f518   0x00000108   Code   RO         2797    i.stm32_pwm_init    drv_pwm.o
    0x0800f620   0x0800f620   0x00000008   Code   RO         2911    i.stm32_rtc_get_alarm  drv_rtc.o
    0x0800f628   0x0800f628   0x00000012   Code   RO         2912    i.stm32_rtc_get_secs  drv_rtc.o
    0x0800f63a   0x0800f63a   0x00000002   PAD
    0x0800f63c   0x0800f63c   0x00000068   Code   RO         2913    i.stm32_rtc_get_timeval  drv_rtc.o
    0x0800f6a4   0x0800f6a4   0x000000a0   Code   RO         2914    i.stm32_rtc_init    drv_rtc.o
    0x0800f744   0x0800f744   0x00000008   Code   RO         2915    i.stm32_rtc_set_alarm  drv_rtc.o
    0x0800f74c   0x0800f74c   0x00000014   Code   RO         2916    i.stm32_rtc_set_secs  drv_rtc.o
    0x0800f760   0x0800f760   0x00000010   Code   RO         3001    i.stm32_uart_get_dma_config  drv_usart.o
    0x0800f770   0x0800f770   0x00000020   Code   RO         3002    i.stm32_uart_get_mask  drv_usart.o
    0x0800f790   0x0800f790   0x00000020   Code   RO         3111    i.str_common        msh.o
    0x0800f7b0   0x0800f7b0   0x00000040   Code   RO            5    i.thread_screen     screen.o
    0x0800f7f0   0x0800f7f0   0x00000050   Code   RO         2798    i.tim_clock_get     drv_pwm.o
    0x0800f840   0x0800f840   0x00000022   Code   RO          750    i.time              ctime.o
    0x0800f862   0x0800f862   0x00000002   PAD
    0x0800f864   0x0800f864   0x0000018c   Code   RO          751    i.timegm            ctime.o
    0x0800f9f0   0x0800f9f0   0x0000000c   Code   RO          752    i.tz_get            ctime.o
    0x0800f9fc   0x0800f9fc   0x00000004   Code   RO          753    i.tz_is_dst         ctime.o
    0x0800fa00   0x0800fa00   0x000001bc   Code   RO         3003    i.uart_isr          drv_usart.o
    0x0800fbbc   0x0800fbbc   0x000000e8   Code   RO          961    i.usage_fault_track  cpuport.o
    0x0800fca4   0x0800fca4   0x0000000a   Code   RO         3327    i.version           cmd.o
    0x0800fcae   0x0800fcae   0x00000002   PAD
    0x0800fcb0   0x0800fcb0   0x0000002c   Code   RO         8066    locale$$code        c_w.l(lc_ctype_c.o)
    0x0800fcdc   0x0800fcdc   0x000002b0   Code   RO         8024    x$fpl$ddiv          fz_wm.l(ddiv.o)
    0x0800ff8c   0x0800ff8c   0x0000005e   Code   RO         8027    x$fpl$dfix          fz_wm.l(dfix.o)
    0x0800ffea   0x0800ffea   0x00000026   Code   RO         8031    x$fpl$dfltu         fz_wm.l(dflt_clz.o)
    0x08010010   0x08010010   0x00000154   Code   RO         8037    x$fpl$dmul          fz_wm.l(dmul.o)
    0x08010164   0x08010164   0x0000009c   Code   RO         8070    x$fpl$dnaninf       fz_wm.l(dnaninf.o)
    0x08010200   0x08010200   0x0000000c   Code   RO         8072    x$fpl$dretinf       fz_wm.l(dretinf.o)
    0x0801020c   0x0801020c   0x0000000a   Code   RO         8162    x$fpl$fpinit        fz_wm.l(fpinit.o)
    0x08010216   0x08010216   0x00000000   Code   RO         8074    x$fpl$usenofp       fz_wm.l(usenofp.o)
    0x08010216   0x08010216   0x0000001a   Data   RO          756    .constdata          ctime.o
    0x08010230   0x08010230   0x00000039   Data   RO         1189    .constdata          completion.o
    0x08010269   0x08010269   0x00000086   Data   RO         1228    .constdata          dataqueue.o
    0x080102ef   0x080102ef   0x00000088   Data   RO         1723    .constdata          pin.o
    0x08010377   0x08010377   0x0000002e   Data   RO         1902    .constdata          rtc.o
    0x080103a5   0x080103a5   0x0000012a   Data   RO         2006    .constdata          serial.o
    0x080104cf   0x080104cf   0x00002f1f   Data   RO         2328    .constdata          drv_lcd.o
    0x080133ee   0x080133ee   0x00000002   PAD
    0x080133f0   0x080133f0   0x0000005c   Data   RO         2690    .constdata          drv_gpio.o
    0x0801344c   0x0801344c   0x00000024   Data   RO         2799    .constdata          drv_pwm.o
    0x08013470   0x08013470   0x0000001c   Data   RO         2918    .constdata          drv_rtc.o
    0x0801348c   0x0801348c   0x0000010c   Data   RO         3005    .constdata          drv_usart.o
    0x08013598   0x08013598   0x0000000e   Data   RO         3112    .constdata          msh.o
    0x080135a6   0x080135a6   0x00000087   Data   RO         3214    .constdata          shell.o
    0x0801362d   0x0801362d   0x00000003   PAD
    0x08013630   0x08013630   0x00000078   Data   RO         3328    .constdata          cmd.o
    0x080136a8   0x080136a8   0x00000014   Data   RO         3480    .constdata          components.o
    0x080136bc   0x080136bc   0x000000ba   Data   RO         3552    .constdata          device.o
    0x08013776   0x08013776   0x0000021b   Data   RO         3730    .constdata          ipc.o
    0x08013991   0x08013991   0x00000043   Data   RO         4056    .constdata          kservice.o
    0x080139d4   0x080139d4   0x00000045   Data   RO         4292    .constdata          mem.o
    0x08013a19   0x08013a19   0x00000080   Data   RO         4416    .constdata          object.o
    0x08013a99   0x08013a99   0x0000004b   Data   RO         4525    .constdata          scheduler.o
    0x08013ae4   0x08013ae4   0x000000bb   Data   RO         4619    .constdata          thread.o
    0x08013b9f   0x08013b9f   0x0000006c   Data   RO         4759    .constdata          timer.o
    0x08013c0b   0x08013c0b   0x00000008   Data   RO         5626    .constdata          stm32f4xx_hal_dma.o
    0x08013c13   0x08013c13   0x00000018   Data   RO         7760    .constdata          system_stm32f4xx.o
    0x08013c2b   0x08013c2b   0x00000001   PAD
    0x08013c2c   0x08013c2c   0x00000099   Data   RO          757    .conststring        ctime.o
    0x08013cc5   0x08013cc5   0x00000003   PAD
    0x08013cc8   0x08013cc8   0x0000011c   Data   RO         1724    .conststring        pin.o
    0x08013de4   0x08013de4   0x0000010f   Data   RO         1829    .conststring        rt_drv_pwm.o
    0x08013ef3   0x08013ef3   0x00000001   PAD
    0x08013ef4   0x08013ef4   0x00000063   Data   RO         2007    .conststring        serial.o
    0x08013f57   0x08013f57   0x00000001   PAD
    0x08013f58   0x08013f58   0x0000004a   Data   RO         2329    .conststring        drv_lcd.o
    0x08013fa2   0x08013fa2   0x00000002   PAD
    0x08013fa4   0x08013fa4   0x0000000e   Data   RO         2800    .conststring        drv_pwm.o
    0x08013fb2   0x08013fb2   0x00000002   PAD
    0x08013fb4   0x08013fb4   0x00000041   Data   RO         2919    .conststring        drv_rtc.o
    0x08013ff5   0x08013ff5   0x00000003   PAD
    0x08013ff8   0x08013ff8   0x00000006   Data   RO         3006    .conststring        drv_usart.o
    0x08013ffe   0x08013ffe   0x00000002   PAD
    0x08014000   0x08014000   0x000001e5   Data   RO         3329    .conststring        cmd.o
    0x080141e5   0x080141e5   0x00000003   PAD
    0x080141e8   0x080141e8   0x0000008b   Data   RO         3731    .conststring        ipc.o
    0x08014273   0x08014273   0x00000001   PAD
    0x08014274   0x08014274   0x00000058   Data   RO         4057    .conststring        kservice.o
    0x080142cc   0x080142cc   0x000001a8   Data   RO         4293    .conststring        mem.o
    0x08014474   0x08014474   0x00000042   Data   RO         4620    .conststring        thread.o
    0x080144b6   0x080144b6   0x00000011   Data   RO         1725    .rodata.name        pin.o
    0x080144c7   0x080144c7   0x00000011   Data   RO         1831    .rodata.name        rt_drv_pwm.o
    0x080144d8   0x080144d8   0x0000004d   Data   RO         1904    .rodata.name        rtc.o
    0x08014525   0x08014525   0x00000028   Data   RO         2331    .rodata.name        drv_lcd.o
    0x0801454d   0x0801454d   0x00000015   Data   RO         2582    .rodata.name        drv_common.o
    0x08014562   0x08014562   0x00000064   Data   RO         3113    .rodata.name        msh.o
    0x080145c6   0x080145c6   0x00000191   Data   RO         3330    .rodata.name        cmd.o
    0x08014757   0x08014757   0x00000001   PAD
    0x08014758   0x08014758   0x00000004   Data   RO         3481    .rti_fn.0           components.o
    0x0801475c   0x0801475c   0x00000004   Data   RO         3482    .rti_fn.0.end       components.o
    0x08014760   0x08014760   0x00000004   Data   RO         3483    .rti_fn.1.end       components.o
    0x08014764   0x08014764   0x00000004   Data   RO         2332    .rti_fn.3           drv_lcd.o
    0x08014768   0x08014768   0x00000004   Data   RO         2802    .rti_fn.3           drv_pwm.o
    0x0801476c   0x0801476c   0x00000004   Data   RO         2920    .rti_fn.3           drv_rtc.o
    0x08014770   0x08014770   0x00000004   Data   RO         1113    .rti_fn.4           i2c_core.o
    0x08014774   0x08014774   0x00000004   Data   RO         2333    .rti_fn.4           drv_lcd.o
    0x08014778   0x08014778   0x00000004   Data   RO            7    .rti_fn.6           screen.o
    0x0801477c   0x0801477c   0x00000004   Data   RO         3216    .rti_fn.6           shell.o
    0x08014780   0x08014780   0x00000004   Data   RO         3484    .rti_fn.6.end       components.o
    0x08014784   0x08014784   0x0000000c   Data   RO         1726    FSymTab             pin.o
    0x08014790   0x08014790   0x0000000c   Data   RO         1832    FSymTab             rt_drv_pwm.o
    0x0801479c   0x0801479c   0x0000000c   Data   RO         1905    FSymTab             rtc.o
    0x080147a8   0x080147a8   0x0000000c   Data   RO         2334    FSymTab             drv_lcd.o
    0x080147b4   0x080147b4   0x0000000c   Data   RO         2583    FSymTab             drv_common.o
    0x080147c0   0x080147c0   0x00000024   Data   RO         3114    FSymTab             msh.o
    0x080147e4   0x080147e4   0x00000090   Data   RO         3331    FSymTab             cmd.o
    0x08014874   0x08014874   0x00000020   Data   RO         8230    Region$$Table       anon$$obj.o
    0x08014894   0x08014894   0x00000110   Data   RO         8065    locale$$data        c_w.l(lc_ctype_c.o)


    Execution Region RW_IRAM1 (Exec base: 0x20000000, Load base: 0x080149a4, Size: 0x000011d0, Max: 0x00020000, ABSOLUTE, COMPRESSED[0x000000e0])

    Exec Addr    Load Addr    Size         Type   Attr      Idx    E Section Name        Object

    0x20000000   COMPRESSED   0x00000004   Data   RW            6    .data               screen.o
    0x20000004   COMPRESSED   0x00000014   Data   RW          758    .data               ctime.o
    0x20000018   COMPRESSED   0x00000010   Data   RW          963    .data               cpuport.o
    0x20000028   COMPRESSED   0x00000004   Data   RW         1830    .data               rt_drv_pwm.o
    0x2000002c   COMPRESSED   0x00000004   Data   RW         1903    .data               rtc.o
    0x20000030   COMPRESSED   0x00000004   Data   RW         2008    .data               serial.o
    0x20000034   COMPRESSED   0x00000008   Data   RW         2120    .data               stm32f4xx_hal_msp.o
    0x2000003c   COMPRESSED   0x0000001d   Data   RW         2330    .data               drv_lcd.o
    0x20000059   COMPRESSED   0x00000003   PAD
    0x2000005c   COMPRESSED   0x00000004   Data   RW         2581    .data               drv_common.o
    0x20000060   COMPRESSED   0x000000c4   Data   RW         2691    .data               drv_gpio.o
    0x20000124   COMPRESSED   0x0000012c   Data   RW         2801    .data               drv_pwm.o
    0x20000250   COMPRESSED   0x00000014   Data   RW         3007    .data               drv_usart.o
    0x20000264   COMPRESSED   0x00000010   Data   RW         3215    .data               shell.o
    0x20000274   COMPRESSED   0x00000008   Data   RW         3432    .data               clock.o
    0x2000027c   COMPRESSED   0x00000008   Data   RW         3633    .data               idle.o
    0x20000284   COMPRESSED   0x00000009   Data   RW         3977    .data               irq.o
    0x2000028d   COMPRESSED   0x00000003   PAD
    0x20000290   COMPRESSED   0x00000048   Data   RW         4058    .data               kservice.o
    0x200002d8   COMPRESSED   0x000000b4   Data   RW         4417    .data               object.o
    0x2000038c   COMPRESSED   0x00000018   Data   RW         4526    .data               scheduler.o
    0x200003a4   COMPRESSED   0x0000000c   Data   RW         4621    .data               thread.o
    0x200003b0   COMPRESSED   0x00000014   Data   RW         4760    .data               timer.o
    0x200003c4   COMPRESSED   0x00000009   Data   RW         5744    .data               stm32f4xx_hal.o
    0x200003cd   COMPRESSED   0x00000003   PAD
    0x200003d0   COMPRESSED   0x00000004   Data   RW         7761    .data               system_stm32f4xx.o
    0x200003d4        -       0x00000072   Zero   RW          755    .bss                ctime.o
    0x20000446   COMPRESSED   0x00000002   PAD
    0x20000448        -       0x00000044   Zero   RW         1722    .bss                pin.o
    0x2000048c        -       0x00000060   Zero   RW         2327    .bss                drv_lcd.o
    0x200004ec        -       0x00000064   Zero   RW         2917    .bss                drv_rtc.o
    0x20000550        -       0x00000164   Zero   RW         3004    .bss                drv_usart.o
    0x200006b4        -       0x00000081   Zero   RW         3213    .bss                shell.o
    0x20000735   COMPRESSED   0x00000003   PAD
    0x20000738        -       0x00000490   Zero   RW         3632    .bss                idle.o
    0x20000bc8        -       0x000000a4   Zero   RW         4055    .bss                kservice.o
    0x20000c6c        -       0x00000100   Zero   RW         4524    .bss                scheduler.o
    0x20000d6c        -       0x00000060   Zero   RW         8076    .bss                c_w.l(libspace.o)
    0x20000dcc   COMPRESSED   0x00000004   PAD
    0x20000dd0        -       0x00000000   Zero   RW         5338    HEAP                startup_stm32f407xx.o
    0x20000dd0        -       0x00000400   Zero   RW         5337    STACK               startup_stm32f407xx.o


==============================================================================

Image component sizes


      Code (inc. data)   RO Data    RW Data    ZI Data      Debug   Object Name

       244         26          0          0          0       1013   board.o
       168         16          0          8          0       2140   clock.o
      4100       1616       1150          0          0      19990   cmd.o
       700        280         57          0          0       6159   completion.o
       218         50         36          0          0       5756   components.o
       316         28          0          0          0        820   context_rvds.o
      1512        746          0         16          0       7184   cpuport.o
       100         50          0          0          0        657   cstdlib.o
      1506        128        179         20        114      12181   ctime.o
      2304        728        134          0          0      11932   dataqueue.o
      1346        640        186          0          0       8088   device.o
       356        114         33          4          0      36743   drv_common.o
      1788         62         92        196          0      12873   drv_gpio.o
      3568        526      12197         29         96      23230   drv_lcd.o
      2322        450         54        300          0       8923   drv_pwm.o
       774        174         97          0        100       6271   drv_rtc.o
      2516        476        274         20        356      43335   drv_usart.o
         4          0          4          0          0       1216   i2c_core.o
       282         36          0          8       1168       6354   idle.o
      2248        654        678          0          0      32107   ipc.o
       140         26          0          9          0       2302   irq.o
      2686        356        155         72        164      20958   kservice.o
       162         42          0          0          0      22010   main.o
      1528        554        493          0          0       6353   mem.o
       974        216        150          0          0       8684   msh.o
        60          0          0          0          0        660   msh_parse.o
      1032        332        128        180          0      10918   object.o
      1756        674        449          0         68      13434   pin.o
      1934        820        300          4          0       8737   rt_drv_pwm.o
      1316        536        135          4          0      21085   rtc.o
      1116        254         75         24        256      10312   scheduler.o
       244         58          4          4          0     826728   screen.o
      3696        794        397          4          0      16959   serial.o
      2356        316        139         16        129      11666   shell.o
        60         22        392          0       1024        948   startup_stm32f407xx.o
        60          6          0          9          0       7122   stm32f4xx_hal.o
       372         28          0          0          0      35405   stm32f4xx_hal_cortex.o
       972         10          8          0          0       6850   stm32f4xx_hal_dma.o
       908         88          0          0          0       4436   stm32f4xx_hal_gpio.o
      1126        122          0          8          0       6156   stm32f4xx_hal_msp.o
        28         10          0          0          0       1127   stm32f4xx_hal_pwr.o
      1888         94          0          0          0       6441   stm32f4xx_hal_rcc.o
       416         20          0          0          0       1452   stm32f4xx_hal_rcc_ex.o
      1116         22          0          0          0       7522   stm32f4xx_hal_rtc.o
        36          0          0          0          0       1839   stm32f4xx_hal_rtc_ex.o
        88          0          0          0          0       1256   stm32f4xx_hal_sram.o
      1978        120          0          0          0      13561   stm32f4xx_hal_tim.o
       594         60          0          0          0       3717   stm32f4xx_hal_tim_ex.o
      2844         38          0          0          0      16211   stm32f4xx_hal_uart.o
       232         10          0          0          0       2811   stm32f4xx_ll_fsmc.o
        12          0          0          0          0        572   syscalls.o
        20          6         24          4          0       1395   system_stm32f4xx.o
      2034        604        253         12          0      14951   thread.o
      1658        534        108         20          0      11165   timer.o
         0          0          0          0          0       2452   workqueue.o

    ----------------------------------------------------------------------
     61878      13572      18438        980       3480    1375167   Object Totals
         0          0         32          0          0          0   (incl. Generated)
        64          0         25          9          5          0   (incl. Padding)

    ----------------------------------------------------------------------

      Code (inc. data)   RO Data    RW Data    ZI Data      Debug   Library Member Name

        90          0          0          0          0          0   __dczerorl2.o
         8          0          0          0          0         68   __main.o
       104          0          0          0          0         84   __printf.o
         0          0          0          0          0          0   __rtentry.o
        12          0          0          0          0          0   __rtentry2.o
         6          0          0          0          0          0   __rtentry4.o
        52          8          0          0          0          0   __scatter.o
        28          0          0          0          0          0   __scatter_zi.o
        28          0          0          0          0         68   _chval.o
        44          0          0          0          0        108   _printf_char.o
        48          6          0          0          0         96   _printf_char_common.o
         6          0          0          0          0          0   _printf_d.o
       120         16          0          0          0         92   _printf_dec.o
       178          0          0          0          0         88   _printf_intcommon.o
         0          0          0          0          0          0   _printf_percent.o
         4          0          0          0          0          0   _printf_percent_end.o
         6          0          0          0          0          0   _printf_s.o
        82          0          0          0          0         80   _printf_str.o
        10          0          0          0          0         68   _sputc.o
       158          0          0          0          0         92   _strtoul.o
        26          0          0          0          0         80   atoi.o
        18          0          0          0          0         80   exit.o
         6          0          0          0          0        152   heapauxi.o
        44         10        272          0          0         76   lc_ctype_c.o
         2          0          0          0          0          0   libinit.o
        24          0          0          0          0          0   libinit2.o
         2          0          0          0          0          0   libshutdown.o
         2          0          0          0          0          0   libshutdown2.o
         8          4          0          0         96         68   libspace.o
       238          0          0          0          0        100   lludivv7m.o
        88          0          0          0          0         76   memcmp.o
        40          6          0          0          0         84   noretval__2sprintf.o
        16          4          0          0          0         76   rt_ctype_table.o
         8          4          0          0          0         68   rt_errno_addr_intlibspace.o
         8          4          0          0          0         68   rt_locale_intlibspace.o
        68          0          0          0          0         68   rt_memclr.o
        78          0          0          0          0         80   rt_memclr_w.o
         2          0          0          0          0          0   rtexit.o
        10          0          0          0          0          0   rtexit2.o
        24          0          0          0          0         68   strcat.o
       128          0          0          0          0         68   strcmpv7m.o
        72          0          0          0          0         80   strcpy.o
        62          0          0          0          0         76   strlen.o
        36          0          0          0          0         76   strncat.o
       150          0          0          0          0         80   strncmp.o
        86          0          0          0          0         76   strncpy.o
       112          0          0          0          0         88   strtol.o
        74          0          0          0          0         80   sys_stackheap_outer.o
        30          0          0          0          0         76   toupper.o
         2          0          0          0          0         68   use_no_semi.o
       688        140          0          0          0        256   ddiv.o
        94          4          0          0          0        140   dfix.o
        38          0          0          0          0        116   dflt_clz.o
       340         12          0          0          0        152   dmul.o
       156          4          0          0          0        140   dnaninf.o
        12          0          0          0          0        116   dretinf.o
        10          0          0          0          0        116   fpinit.o
         0          0          0          0          0          0   usenofp.o

    ----------------------------------------------------------------------
      3800        222        272          0        100       3792   Library Totals
        14          0          0          0          4          0   (incl. Padding)

    ----------------------------------------------------------------------

      Code (inc. data)   RO Data    RW Data    ZI Data      Debug   Library Name

      2448         62        272          0         96       2756   c_w.l
      1338        160          0          0          0       1036   fz_wm.l

    ----------------------------------------------------------------------
      3800        222        272          0        100       3792   Library Totals

    ----------------------------------------------------------------------

==============================================================================


      Code (inc. data)   RO Data    RW Data    ZI Data      Debug   

     65678      13794      18710        980       3580    1333299   Grand Totals
     65678      13794      18710        224       3580    1333299   ELF Image Totals (compressed)
     65678      13794      18710        224          0          0   ROM Totals

==============================================================================

    Total RO  Size (Code + RO Data)                84388 (  82.41kB)
    Total RW  Size (RW Data + ZI Data)              4560 (   4.45kB)
    Total ROM Size (Code + RO Data + RW Data)      84612 (  82.63kB)

==============================================================================

