<!doctype html public "-//w3c//dtd html 4.0 transitional//en">
<html><head>
<title>Static Call Graph - [.\build\keil\Obj\rt-thread.axf]</title></head>
<body><HR>
<H1>Static Call Graph for image .\build\keil\Obj\rt-thread.axf</H1><HR>
<BR><P>#&#060CALLGRAPH&#062# ARM Linker, 5060528: Last Updated: Mon May 26 18:13:34 2025
<BR><P>
<H3>Maximum Stack Usage =        564 bytes + Unknown(Functions without stacksize, Cycles, Untraceable Function Pointers)</H3><H3>
Call chain for Maximum Stack Depth:</H3>
screen_entry &rArr; lcd_show_string &rArr; lcd_show_char &rArr; rt_malloc &rArr; _heap_lock &rArr; rt_mutex_take &rArr; rt_thread_control &rArr; rt_thread_startup &rArr; rt_schedule &rArr; _scheduler_stack_check &rArr; rt_kprintf &rArr; rt_vsnprintf &rArr; print_number
<P>
<H3>
Functions with no stack information
</H3><UL>
 <LI><a href="#[e6]">__user_initial_stackheap</a>
</UL>
</UL>
<P>
<H3>
Mutually Recursive functions
</H3> <LI><a href="#[133]">rt_assert_handler</a>&nbsp;&nbsp;&nbsp;&rArr;&nbsp;&nbsp;&nbsp;<a href="#[14c]">rt_kprintf</a><BR>
 <LI><a href="#[a]">NMI_Handler</a>&nbsp;&nbsp;&nbsp;&rArr;&nbsp;&nbsp;&nbsp;<a href="#[a]">NMI_Handler</a><BR>
 <LI><a href="#[c]">MemManage_Handler</a>&nbsp;&nbsp;&nbsp;&rArr;&nbsp;&nbsp;&nbsp;<a href="#[c]">MemManage_Handler</a><BR>
 <LI><a href="#[d]">BusFault_Handler</a>&nbsp;&nbsp;&nbsp;&rArr;&nbsp;&nbsp;&nbsp;<a href="#[d]">BusFault_Handler</a><BR>
 <LI><a href="#[e]">UsageFault_Handler</a>&nbsp;&nbsp;&nbsp;&rArr;&nbsp;&nbsp;&nbsp;<a href="#[e]">UsageFault_Handler</a><BR>
 <LI><a href="#[f]">SVC_Handler</a>&nbsp;&nbsp;&nbsp;&rArr;&nbsp;&nbsp;&nbsp;<a href="#[f]">SVC_Handler</a><BR>
 <LI><a href="#[10]">DebugMon_Handler</a>&nbsp;&nbsp;&nbsp;&rArr;&nbsp;&nbsp;&nbsp;<a href="#[10]">DebugMon_Handler</a><BR>
 <LI><a href="#[25]">ADC_IRQHandler</a>&nbsp;&nbsp;&nbsp;&rArr;&nbsp;&nbsp;&nbsp;<a href="#[25]">ADC_IRQHandler</a><BR>
</UL>
<P>
<H3>
Function Pointers
</H3><UL>
 <LI><a href="#[25]">ADC_IRQHandler</a> from startup_stm32f407xx.o(.text) referenced from startup_stm32f407xx.o(RESET)
 <LI><a href="#[d]">BusFault_Handler</a> from startup_stm32f407xx.o(.text) referenced from startup_stm32f407xx.o(RESET)
 <LI><a href="#[27]">CAN1_RX0_IRQHandler</a> from startup_stm32f407xx.o(.text) referenced from startup_stm32f407xx.o(RESET)
 <LI><a href="#[28]">CAN1_RX1_IRQHandler</a> from startup_stm32f407xx.o(.text) referenced from startup_stm32f407xx.o(RESET)
 <LI><a href="#[29]">CAN1_SCE_IRQHandler</a> from startup_stm32f407xx.o(.text) referenced from startup_stm32f407xx.o(RESET)
 <LI><a href="#[26]">CAN1_TX_IRQHandler</a> from startup_stm32f407xx.o(.text) referenced from startup_stm32f407xx.o(RESET)
 <LI><a href="#[53]">CAN2_RX0_IRQHandler</a> from startup_stm32f407xx.o(.text) referenced from startup_stm32f407xx.o(RESET)
 <LI><a href="#[54]">CAN2_RX1_IRQHandler</a> from startup_stm32f407xx.o(.text) referenced from startup_stm32f407xx.o(RESET)
 <LI><a href="#[55]">CAN2_SCE_IRQHandler</a> from startup_stm32f407xx.o(.text) referenced from startup_stm32f407xx.o(RESET)
 <LI><a href="#[52]">CAN2_TX_IRQHandler</a> from startup_stm32f407xx.o(.text) referenced from startup_stm32f407xx.o(RESET)
 <LI><a href="#[61]">DCMI_IRQHandler</a> from startup_stm32f407xx.o(.text) referenced from startup_stm32f407xx.o(RESET)
 <LI><a href="#[1e]">DMA1_Stream0_IRQHandler</a> from startup_stm32f407xx.o(.text) referenced from startup_stm32f407xx.o(RESET)
 <LI><a href="#[1f]">DMA1_Stream1_IRQHandler</a> from startup_stm32f407xx.o(.text) referenced from startup_stm32f407xx.o(RESET)
 <LI><a href="#[20]">DMA1_Stream2_IRQHandler</a> from startup_stm32f407xx.o(.text) referenced from startup_stm32f407xx.o(RESET)
 <LI><a href="#[21]">DMA1_Stream3_IRQHandler</a> from startup_stm32f407xx.o(.text) referenced from startup_stm32f407xx.o(RESET)
 <LI><a href="#[22]">DMA1_Stream4_IRQHandler</a> from startup_stm32f407xx.o(.text) referenced from startup_stm32f407xx.o(RESET)
 <LI><a href="#[23]">DMA1_Stream5_IRQHandler</a> from startup_stm32f407xx.o(.text) referenced from startup_stm32f407xx.o(RESET)
 <LI><a href="#[24]">DMA1_Stream6_IRQHandler</a> from startup_stm32f407xx.o(.text) referenced from startup_stm32f407xx.o(RESET)
 <LI><a href="#[42]">DMA1_Stream7_IRQHandler</a> from startup_stm32f407xx.o(.text) referenced from startup_stm32f407xx.o(RESET)
 <LI><a href="#[4b]">DMA2_Stream0_IRQHandler</a> from startup_stm32f407xx.o(.text) referenced from startup_stm32f407xx.o(RESET)
 <LI><a href="#[4c]">DMA2_Stream1_IRQHandler</a> from startup_stm32f407xx.o(.text) referenced from startup_stm32f407xx.o(RESET)
 <LI><a href="#[4d]">DMA2_Stream2_IRQHandler</a> from startup_stm32f407xx.o(.text) referenced from startup_stm32f407xx.o(RESET)
 <LI><a href="#[4e]">DMA2_Stream3_IRQHandler</a> from startup_stm32f407xx.o(.text) referenced from startup_stm32f407xx.o(RESET)
 <LI><a href="#[4f]">DMA2_Stream4_IRQHandler</a> from startup_stm32f407xx.o(.text) referenced from startup_stm32f407xx.o(RESET)
 <LI><a href="#[57]">DMA2_Stream5_IRQHandler</a> from startup_stm32f407xx.o(.text) referenced from startup_stm32f407xx.o(RESET)
 <LI><a href="#[58]">DMA2_Stream6_IRQHandler</a> from startup_stm32f407xx.o(.text) referenced from startup_stm32f407xx.o(RESET)
 <LI><a href="#[59]">DMA2_Stream7_IRQHandler</a> from startup_stm32f407xx.o(.text) referenced from startup_stm32f407xx.o(RESET)
 <LI><a href="#[10]">DebugMon_Handler</a> from startup_stm32f407xx.o(.text) referenced from startup_stm32f407xx.o(RESET)
 <LI><a href="#[50]">ETH_IRQHandler</a> from startup_stm32f407xx.o(.text) referenced from startup_stm32f407xx.o(RESET)
 <LI><a href="#[51]">ETH_WKUP_IRQHandler</a> from startup_stm32f407xx.o(.text) referenced from startup_stm32f407xx.o(RESET)
 <LI><a href="#[19]">EXTI0_IRQHandler</a> from drv_gpio.o(i.EXTI0_IRQHandler) referenced from startup_stm32f407xx.o(RESET)
 <LI><a href="#[3b]">EXTI15_10_IRQHandler</a> from drv_gpio.o(i.EXTI15_10_IRQHandler) referenced from startup_stm32f407xx.o(RESET)
 <LI><a href="#[1a]">EXTI1_IRQHandler</a> from drv_gpio.o(i.EXTI1_IRQHandler) referenced from startup_stm32f407xx.o(RESET)
 <LI><a href="#[1b]">EXTI2_IRQHandler</a> from drv_gpio.o(i.EXTI2_IRQHandler) referenced from startup_stm32f407xx.o(RESET)
 <LI><a href="#[1c]">EXTI3_IRQHandler</a> from drv_gpio.o(i.EXTI3_IRQHandler) referenced from startup_stm32f407xx.o(RESET)
 <LI><a href="#[1d]">EXTI4_IRQHandler</a> from drv_gpio.o(i.EXTI4_IRQHandler) referenced from startup_stm32f407xx.o(RESET)
 <LI><a href="#[2a]">EXTI9_5_IRQHandler</a> from drv_gpio.o(i.EXTI9_5_IRQHandler) referenced from startup_stm32f407xx.o(RESET)
 <LI><a href="#[17]">FLASH_IRQHandler</a> from startup_stm32f407xx.o(.text) referenced from startup_stm32f407xx.o(RESET)
 <LI><a href="#[43]">FMC_IRQHandler</a> from startup_stm32f407xx.o(.text) referenced from startup_stm32f407xx.o(RESET)
 <LI><a href="#[63]">FPU_IRQHandler</a> from startup_stm32f407xx.o(.text) referenced from startup_stm32f407xx.o(RESET)
 <LI><a href="#[62]">HASH_RNG_IRQHandler</a> from startup_stm32f407xx.o(.text) referenced from startup_stm32f407xx.o(RESET)
 <LI><a href="#[b]">HardFault_Handler</a> from context_rvds.o(.text) referenced from startup_stm32f407xx.o(RESET)
 <LI><a href="#[33]">I2C1_ER_IRQHandler</a> from startup_stm32f407xx.o(.text) referenced from startup_stm32f407xx.o(RESET)
 <LI><a href="#[32]">I2C1_EV_IRQHandler</a> from startup_stm32f407xx.o(.text) referenced from startup_stm32f407xx.o(RESET)
 <LI><a href="#[35]">I2C2_ER_IRQHandler</a> from startup_stm32f407xx.o(.text) referenced from startup_stm32f407xx.o(RESET)
 <LI><a href="#[34]">I2C2_EV_IRQHandler</a> from startup_stm32f407xx.o(.text) referenced from startup_stm32f407xx.o(RESET)
 <LI><a href="#[5c]">I2C3_ER_IRQHandler</a> from startup_stm32f407xx.o(.text) referenced from startup_stm32f407xx.o(RESET)
 <LI><a href="#[5b]">I2C3_EV_IRQHandler</a> from startup_stm32f407xx.o(.text) referenced from startup_stm32f407xx.o(RESET)
 <LI><a href="#[7]">LCD_BlitLine</a> from drv_lcd.o(i.LCD_BlitLine) referenced 2 times from drv_lcd.o(.data)
 <LI><a href="#[3]">LCD_Fast_DrawPoint</a> from drv_lcd.o(i.LCD_Fast_DrawPoint) referenced 2 times from drv_lcd.o(.data)
 <LI><a href="#[5]">LCD_HLine</a> from drv_lcd.o(i.LCD_HLine) referenced 2 times from drv_lcd.o(.data)
 <LI><a href="#[4]">LCD_ReadPoint</a> from drv_lcd.o(i.LCD_ReadPoint) referenced 2 times from drv_lcd.o(.data)
 <LI><a href="#[6]">LCD_VLine</a> from drv_lcd.o(i.LCD_VLine) referenced 2 times from drv_lcd.o(.data)
 <LI><a href="#[c]">MemManage_Handler</a> from startup_stm32f407xx.o(.text) referenced from startup_stm32f407xx.o(RESET)
 <LI><a href="#[a]">NMI_Handler</a> from startup_stm32f407xx.o(.text) referenced from startup_stm32f407xx.o(RESET)
 <LI><a href="#[56]">OTG_FS_IRQHandler</a> from startup_stm32f407xx.o(.text) referenced from startup_stm32f407xx.o(RESET)
 <LI><a href="#[3d]">OTG_FS_WKUP_IRQHandler</a> from startup_stm32f407xx.o(.text) referenced from startup_stm32f407xx.o(RESET)
 <LI><a href="#[5e]">OTG_HS_EP1_IN_IRQHandler</a> from startup_stm32f407xx.o(.text) referenced from startup_stm32f407xx.o(RESET)
 <LI><a href="#[5d]">OTG_HS_EP1_OUT_IRQHandler</a> from startup_stm32f407xx.o(.text) referenced from startup_stm32f407xx.o(RESET)
 <LI><a href="#[60]">OTG_HS_IRQHandler</a> from startup_stm32f407xx.o(.text) referenced from startup_stm32f407xx.o(RESET)
 <LI><a href="#[5f]">OTG_HS_WKUP_IRQHandler</a> from startup_stm32f407xx.o(.text) referenced from startup_stm32f407xx.o(RESET)
 <LI><a href="#[14]">PVD_IRQHandler</a> from startup_stm32f407xx.o(.text) referenced from startup_stm32f407xx.o(RESET)
 <LI><a href="#[11]">PendSV_Handler</a> from context_rvds.o(.text) referenced from startup_stm32f407xx.o(RESET)
 <LI><a href="#[18]">RCC_IRQHandler</a> from startup_stm32f407xx.o(.text) referenced from startup_stm32f407xx.o(RESET)
 <LI><a href="#[3c]">RTC_Alarm_IRQHandler</a> from startup_stm32f407xx.o(.text) referenced from startup_stm32f407xx.o(RESET)
 <LI><a href="#[16]">RTC_WKUP_IRQHandler</a> from startup_stm32f407xx.o(.text) referenced from startup_stm32f407xx.o(RESET)
 <LI><a href="#[9]">Reset_Handler</a> from startup_stm32f407xx.o(.text) referenced from startup_stm32f407xx.o(RESET)
 <LI><a href="#[44]">SDIO_IRQHandler</a> from startup_stm32f407xx.o(.text) referenced from startup_stm32f407xx.o(RESET)
 <LI><a href="#[36]">SPI1_IRQHandler</a> from startup_stm32f407xx.o(.text) referenced from startup_stm32f407xx.o(RESET)
 <LI><a href="#[37]">SPI2_IRQHandler</a> from startup_stm32f407xx.o(.text) referenced from startup_stm32f407xx.o(RESET)
 <LI><a href="#[46]">SPI3_IRQHandler</a> from startup_stm32f407xx.o(.text) referenced from startup_stm32f407xx.o(RESET)
 <LI><a href="#[f]">SVC_Handler</a> from startup_stm32f407xx.o(.text) referenced from startup_stm32f407xx.o(RESET)
 <LI><a href="#[12]">SysTick_Handler</a> from drv_common.o(i.SysTick_Handler) referenced from startup_stm32f407xx.o(RESET)
 <LI><a href="#[64]">SystemInit</a> from system_stm32f4xx.o(i.SystemInit) referenced from startup_stm32f407xx.o(.text)
 <LI><a href="#[15]">TAMP_STAMP_IRQHandler</a> from startup_stm32f407xx.o(.text) referenced from startup_stm32f407xx.o(RESET)
 <LI><a href="#[2b]">TIM1_BRK_TIM9_IRQHandler</a> from startup_stm32f407xx.o(.text) referenced from startup_stm32f407xx.o(RESET)
 <LI><a href="#[2e]">TIM1_CC_IRQHandler</a> from startup_stm32f407xx.o(.text) referenced from startup_stm32f407xx.o(RESET)
 <LI><a href="#[2d]">TIM1_TRG_COM_TIM11_IRQHandler</a> from startup_stm32f407xx.o(.text) referenced from startup_stm32f407xx.o(RESET)
 <LI><a href="#[2c]">TIM1_UP_TIM10_IRQHandler</a> from startup_stm32f407xx.o(.text) referenced from startup_stm32f407xx.o(RESET)
 <LI><a href="#[2f]">TIM2_IRQHandler</a> from startup_stm32f407xx.o(.text) referenced from startup_stm32f407xx.o(RESET)
 <LI><a href="#[30]">TIM3_IRQHandler</a> from startup_stm32f407xx.o(.text) referenced from startup_stm32f407xx.o(RESET)
 <LI><a href="#[31]">TIM4_IRQHandler</a> from startup_stm32f407xx.o(.text) referenced from startup_stm32f407xx.o(RESET)
 <LI><a href="#[45]">TIM5_IRQHandler</a> from startup_stm32f407xx.o(.text) referenced from startup_stm32f407xx.o(RESET)
 <LI><a href="#[49]">TIM6_DAC_IRQHandler</a> from startup_stm32f407xx.o(.text) referenced from startup_stm32f407xx.o(RESET)
 <LI><a href="#[4a]">TIM7_IRQHandler</a> from startup_stm32f407xx.o(.text) referenced from startup_stm32f407xx.o(RESET)
 <LI><a href="#[3e]">TIM8_BRK_TIM12_IRQHandler</a> from startup_stm32f407xx.o(.text) referenced from startup_stm32f407xx.o(RESET)
 <LI><a href="#[41]">TIM8_CC_IRQHandler</a> from startup_stm32f407xx.o(.text) referenced from startup_stm32f407xx.o(RESET)
 <LI><a href="#[40]">TIM8_TRG_COM_TIM14_IRQHandler</a> from startup_stm32f407xx.o(.text) referenced from startup_stm32f407xx.o(RESET)
 <LI><a href="#[3f]">TIM8_UP_TIM13_IRQHandler</a> from startup_stm32f407xx.o(.text) referenced from startup_stm32f407xx.o(RESET)
 <LI><a href="#[47]">UART4_IRQHandler</a> from startup_stm32f407xx.o(.text) referenced from startup_stm32f407xx.o(RESET)
 <LI><a href="#[48]">UART5_IRQHandler</a> from startup_stm32f407xx.o(.text) referenced from startup_stm32f407xx.o(RESET)
 <LI><a href="#[69]">UART_DMAAbortOnError</a> from stm32f4xx_hal_uart.o(i.UART_DMAAbortOnError) referenced from stm32f4xx_hal_uart.o(i.HAL_UART_IRQHandler)
 <LI><a href="#[6c]">UART_DMAError</a> from stm32f4xx_hal_uart.o(i.UART_DMAError) referenced from stm32f4xx_hal_uart.o(i.HAL_UART_Transmit_DMA)
 <LI><a href="#[6c]">UART_DMAError</a> from stm32f4xx_hal_uart.o(i.UART_DMAError) referenced from stm32f4xx_hal_uart.o(i.UART_Start_Receive_DMA)
 <LI><a href="#[6d]">UART_DMAReceiveCplt</a> from stm32f4xx_hal_uart.o(i.UART_DMAReceiveCplt) referenced from stm32f4xx_hal_uart.o(i.UART_Start_Receive_DMA)
 <LI><a href="#[6e]">UART_DMARxHalfCplt</a> from stm32f4xx_hal_uart.o(i.UART_DMARxHalfCplt) referenced from stm32f4xx_hal_uart.o(i.UART_Start_Receive_DMA)
 <LI><a href="#[6a]">UART_DMATransmitCplt</a> from stm32f4xx_hal_uart.o(i.UART_DMATransmitCplt) referenced from stm32f4xx_hal_uart.o(i.HAL_UART_Transmit_DMA)
 <LI><a href="#[6b]">UART_DMATxHalfCplt</a> from stm32f4xx_hal_uart.o(i.UART_DMATxHalfCplt) referenced from stm32f4xx_hal_uart.o(i.HAL_UART_Transmit_DMA)
 <LI><a href="#[38]">USART1_IRQHandler</a> from drv_usart.o(i.USART1_IRQHandler) referenced from startup_stm32f407xx.o(RESET)
 <LI><a href="#[39]">USART2_IRQHandler</a> from startup_stm32f407xx.o(.text) referenced from startup_stm32f407xx.o(RESET)
 <LI><a href="#[3a]">USART3_IRQHandler</a> from startup_stm32f407xx.o(.text) referenced from startup_stm32f407xx.o(RESET)
 <LI><a href="#[5a]">USART6_IRQHandler</a> from startup_stm32f407xx.o(.text) referenced from startup_stm32f407xx.o(RESET)
 <LI><a href="#[e]">UsageFault_Handler</a> from startup_stm32f407xx.o(.text) referenced from startup_stm32f407xx.o(RESET)
 <LI><a href="#[13]">WWDG_IRQHandler</a> from startup_stm32f407xx.o(.text) referenced from startup_stm32f407xx.o(RESET)
 <LI><a href="#[b9]">__main</a> from __main.o(!!!main) referenced from startup_stm32f407xx.o(.text)
 <LI><a href="#[66]">_get_lc_ctype</a> from lc_ctype_c.o(locale$$code) referenced from rt_ctype_table.o(.text)
 <LI><a href="#[a5]">_pin_cmd</a> from pin.o(i._pin_cmd) referenced from pin.o(FSymTab)
 <LI><a href="#[79]">_pin_control</a> from pin.o(i._pin_control) referenced from pin.o(i.rt_device_pin_register)
 <LI><a href="#[77]">_pin_read</a> from pin.o(i._pin_read) referenced from pin.o(i.rt_device_pin_register)
 <LI><a href="#[78]">_pin_write</a> from pin.o(i._pin_write) referenced from pin.o(i.rt_device_pin_register)
 <LI><a href="#[68]">_printf_input_char</a> from _printf_char_common.o(.text) referenced from _printf_char_common.o(.text)
 <LI><a href="#[7c]">_pwm_control</a> from rt_drv_pwm.o(i._pwm_control) referenced from rt_drv_pwm.o(i.rt_device_pwm_register)
 <LI><a href="#[7a]">_pwm_read</a> from rt_drv_pwm.o(i._pwm_read) referenced from rt_drv_pwm.o(i.rt_device_pwm_register)
 <LI><a href="#[7b]">_pwm_write</a> from rt_drv_pwm.o(i._pwm_write) referenced from rt_drv_pwm.o(i.rt_device_pwm_register)
 <LI><a href="#[67]">_sputc</a> from _sputc.o(.text) referenced from noretval__2sprintf.o(.text)
 <LI><a href="#[6f]">_thread_exit</a> from thread.o(i._thread_exit) referenced from thread.o(i._thread_init)
 <LI><a href="#[70]">_thread_timeout</a> from thread.o(i._thread_timeout) referenced from thread.o(i._thread_init)
 <LI><a href="#[ad]">clear</a> from cmd.o(i.clear) referenced from cmd.o(FSymTab)
 <LI><a href="#[ac]">cmd_free</a> from msh.o(i.cmd_free) referenced from msh.o(FSymTab)
 <LI><a href="#[b8]">cmd_list</a> from cmd.o(i.cmd_list) referenced from cmd.o(FSymTab)
 <LI><a href="#[ab]">cmd_ps</a> from msh.o(i.cmd_ps) referenced from msh.o(FSymTab)
 <LI><a href="#[a7]">date</a> from rtc.o(i.date) referenced from rtc.o(FSymTab)
 <LI><a href="#[72]">drv_lcd_control</a> from drv_lcd.o(i.drv_lcd_control) referenced from drv_lcd.o(i.drv_lcd_hw_init)
 <LI><a href="#[9e]">drv_lcd_hw_init</a> from drv_lcd.o(i.drv_lcd_hw_init) referenced from drv_lcd.o(.rti_fn.3)
 <LI><a href="#[71]">drv_lcd_init</a> from drv_lcd.o(i.drv_lcd_init) referenced from drv_lcd.o(.rti_fn.4)
 <LI><a href="#[71]">drv_lcd_init</a> from drv_lcd.o(i.drv_lcd_init) referenced from drv_lcd.o(i.drv_lcd_hw_init)
 <LI><a href="#[8]">drv_pwm_control</a> from drv_pwm.o(i.drv_pwm_control) referenced 2 times from drv_pwm.o(.data)
 <LI><a href="#[73]">finsh_rx_ind</a> from shell.o(i.finsh_rx_ind) referenced from shell.o(i.finsh_set_device)
 <LI><a href="#[a3]">finsh_system_init</a> from shell.o(i.finsh_system_init) referenced from shell.o(.rti_fn.6)
 <LI><a href="#[74]">finsh_thread_entry</a> from shell.o(i.finsh_thread_entry) referenced from shell.o(i.finsh_system_init)
 <LI><a href="#[75]">lcd_auto_fill</a> from drv_lcd.o(i.lcd_auto_fill) referenced from drv_lcd.o(i.lcd_fill_test)
 <LI><a href="#[a8]">lcd_fill_test</a> from drv_lcd.o(i.lcd_fill_test) referenced from drv_lcd.o(FSymTab)
 <LI><a href="#[b7]">list_device</a> from cmd.o(i.list_device) referenced from cmd.o(FSymTab)
 <LI><a href="#[b1]">list_event</a> from cmd.o(i.list_event) referenced from cmd.o(FSymTab)
 <LI><a href="#[b3]">list_mailbox</a> from cmd.o(i.list_mailbox) referenced from cmd.o(FSymTab)
 <LI><a href="#[b5]">list_mempool</a> from cmd.o(i.list_mempool) referenced from cmd.o(FSymTab)
 <LI><a href="#[b4]">list_msgqueue</a> from cmd.o(i.list_msgqueue) referenced from cmd.o(FSymTab)
 <LI><a href="#[b2]">list_mutex</a> from cmd.o(i.list_mutex) referenced from cmd.o(FSymTab)
 <LI><a href="#[b0]">list_sem</a> from cmd.o(i.list_sem) referenced from cmd.o(FSymTab)
 <LI><a href="#[af]">list_thread</a> from cmd.o(i.list_thread) referenced from cmd.o(FSymTab)
 <LI><a href="#[b6]">list_timer</a> from cmd.o(i.list_timer) referenced from cmd.o(FSymTab)
 <LI><a href="#[76]">main_thread_entry</a> from components.o(i.main_thread_entry) referenced from components.o(i.rt_application_init)
 <LI><a href="#[aa]">msh_help</a> from msh.o(i.msh_help) referenced from msh.o(FSymTab)
 <LI><a href="#[a6]">pwm</a> from rt_drv_pwm.o(i.pwm) referenced from rt_drv_pwm.o(FSymTab)
 <LI><a href="#[a9]">reboot</a> from drv_common.o(i.reboot) referenced from drv_common.o(FSymTab)
 <LI><a href="#[a0]">rt_hw_rtc_init</a> from drv_rtc.o(i.rt_hw_rtc_init) referenced from drv_rtc.o(.rti_fn.3)
 <LI><a href="#[a1]">rt_i2c_core_init</a> from i2c_core.o(i.rt_i2c_core_init) referenced from i2c_core.o(.rti_fn.4)
 <LI><a href="#[7f]">rt_rtc_close</a> from rtc.o(i.rt_rtc_close) referenced from rtc.o(i.rt_hw_rtc_register)
 <LI><a href="#[80]">rt_rtc_control</a> from rtc.o(i.rt_rtc_control) referenced from rtc.o(i.rt_hw_rtc_register)
 <LI><a href="#[7d]">rt_rtc_init</a> from rtc.o(i.rt_rtc_init) referenced from rtc.o(i.rt_hw_rtc_register)
 <LI><a href="#[7e]">rt_rtc_open</a> from rtc.o(i.rt_rtc_open) referenced from rtc.o(i.rt_hw_rtc_register)
 <LI><a href="#[83]">rt_serial_close</a> from serial.o(i.rt_serial_close) referenced from serial.o(i.rt_hw_serial_register)
 <LI><a href="#[86]">rt_serial_control</a> from serial.o(i.rt_serial_control) referenced from serial.o(i.rt_hw_serial_register)
 <LI><a href="#[81]">rt_serial_init</a> from serial.o(i.rt_serial_init) referenced from serial.o(i.rt_hw_serial_register)
 <LI><a href="#[82]">rt_serial_open</a> from serial.o(i.rt_serial_open) referenced from serial.o(i.rt_hw_serial_register)
 <LI><a href="#[84]">rt_serial_read</a> from serial.o(i.rt_serial_read) referenced from serial.o(i.rt_hw_serial_register)
 <LI><a href="#[85]">rt_serial_write</a> from serial.o(i.rt_serial_write) referenced from serial.o(i.rt_hw_serial_register)
 <LI><a href="#[87]">rt_thread_idle_entry</a> from idle.o(i.rt_thread_idle_entry) referenced from idle.o(i.rt_thread_idle_init)
 <LI><a href="#[9d]">rti_board_end</a> from components.o(i.rti_board_end) referenced from components.o(.rti_fn.1.end)
 <LI><a href="#[9c]">rti_board_start</a> from components.o(i.rti_board_start) referenced from components.o(.rti_fn.0.end)
 <LI><a href="#[a4]">rti_end</a> from components.o(i.rti_end) referenced from components.o(.rti_fn.6.end)
 <LI><a href="#[9b]">rti_start</a> from components.o(i.rti_start) referenced from components.o(.rti_fn.0)
 <LI><a href="#[88]">screen_entry</a> from screen.o(i.screen_entry) referenced from screen.o(i.thread_screen)
 <LI><a href="#[96]">stm32_configure</a> from drv_usart.o(i.stm32_configure) referenced from drv_usart.o(.constdata)
 <LI><a href="#[97]">stm32_control</a> from drv_usart.o(i.stm32_control) referenced from drv_usart.o(.constdata)
 <LI><a href="#[9a]">stm32_dma_transmit</a> from drv_usart.o(i.stm32_dma_transmit) referenced from drv_usart.o(.constdata)
 <LI><a href="#[99]">stm32_getc</a> from drv_usart.o(i.stm32_getc) referenced from drv_usart.o(.constdata)
 <LI><a href="#[8c]">stm32_pin_attach_irq</a> from drv_gpio.o(i.stm32_pin_attach_irq) referenced from drv_gpio.o(.constdata)
 <LI><a href="#[8d]">stm32_pin_dettach_irq</a> from drv_gpio.o(i.stm32_pin_dettach_irq) referenced from drv_gpio.o(.constdata)
 <LI><a href="#[8f]">stm32_pin_get</a> from drv_gpio.o(i.stm32_pin_get) referenced from drv_gpio.o(.constdata)
 <LI><a href="#[8e]">stm32_pin_irq_enable</a> from drv_gpio.o(i.stm32_pin_irq_enable) referenced from drv_gpio.o(.constdata)
 <LI><a href="#[89]">stm32_pin_mode</a> from drv_gpio.o(i.stm32_pin_mode) referenced from drv_gpio.o(.constdata)
 <LI><a href="#[8b]">stm32_pin_read</a> from drv_gpio.o(i.stm32_pin_read) referenced from drv_gpio.o(.constdata)
 <LI><a href="#[8a]">stm32_pin_write</a> from drv_gpio.o(i.stm32_pin_write) referenced from drv_gpio.o(.constdata)
 <LI><a href="#[98]">stm32_putc</a> from drv_usart.o(i.stm32_putc) referenced from drv_usart.o(.constdata)
 <LI><a href="#[9f]">stm32_pwm_init</a> from drv_pwm.o(i.stm32_pwm_init) referenced from drv_pwm.o(.rti_fn.3)
 <LI><a href="#[93]">stm32_rtc_get_alarm</a> from drv_rtc.o(i.stm32_rtc_get_alarm) referenced from drv_rtc.o(.constdata)
 <LI><a href="#[91]">stm32_rtc_get_secs</a> from drv_rtc.o(i.stm32_rtc_get_secs) referenced from drv_rtc.o(.constdata)
 <LI><a href="#[95]">stm32_rtc_get_timeval</a> from drv_rtc.o(i.stm32_rtc_get_timeval) referenced from drv_rtc.o(.constdata)
 <LI><a href="#[90]">stm32_rtc_init</a> from drv_rtc.o(i.stm32_rtc_init) referenced from drv_rtc.o(.constdata)
 <LI><a href="#[94]">stm32_rtc_set_alarm</a> from drv_rtc.o(i.stm32_rtc_set_alarm) referenced from drv_rtc.o(.constdata)
 <LI><a href="#[92]">stm32_rtc_set_secs</a> from drv_rtc.o(i.stm32_rtc_set_secs) referenced from drv_rtc.o(.constdata)
 <LI><a href="#[a2]">thread_screen</a> from screen.o(i.thread_screen) referenced from screen.o(.rti_fn.6)
 <LI><a href="#[ae]">version</a> from cmd.o(i.version) referenced from cmd.o(FSymTab)
</UL>
<P>
<H3>
Global Symbols
</H3>
<P><STRONG><a name="[b9]"></a>__main</STRONG> (Thumb, 8 bytes, Stack size 0 bytes, __main.o(!!!main))
<BR><BR>[Calls]<UL><LI><a href="#[ba]">&gt;&gt;</a>&nbsp;&nbsp;&nbsp;__scatterload
<LI><a href="#[bb]">&gt;&gt;</a>&nbsp;&nbsp;&nbsp;__rt_entry
</UL>

<P><STRONG><a name="[ba]"></a>__scatterload</STRONG> (Thumb, 0 bytes, Stack size unknown bytes, __scatter.o(!!!scatter))
<BR><BR>[Called By]<UL><LI><a href="#[b9]">&gt;&gt;</a>&nbsp;&nbsp;&nbsp;__main
</UL>

<P><STRONG><a name="[bc]"></a>__scatterload_rt2</STRONG> (Thumb, 44 bytes, Stack size unknown bytes, __scatter.o(!!!scatter), UNUSED)
<BR><BR>[Calls]<UL><LI><a href="#[bb]">&gt;&gt;</a>&nbsp;&nbsp;&nbsp;__rt_entry
</UL>

<P><STRONG><a name="[255]"></a>__scatterload_rt2_thumb_only</STRONG> (Thumb, 0 bytes, Stack size unknown bytes, __scatter.o(!!!scatter), UNUSED)

<P><STRONG><a name="[256]"></a>__scatterload_null</STRONG> (Thumb, 0 bytes, Stack size unknown bytes, __scatter.o(!!!scatter), UNUSED)

<P><STRONG><a name="[257]"></a>__decompress</STRONG> (Thumb, 90 bytes, Stack size unknown bytes, __dczerorl2.o(!!dczerorl2), UNUSED)

<P><STRONG><a name="[258]"></a>__decompress1</STRONG> (Thumb, 0 bytes, Stack size unknown bytes, __dczerorl2.o(!!dczerorl2), UNUSED)

<P><STRONG><a name="[259]"></a>__scatterload_zeroinit</STRONG> (Thumb, 28 bytes, Stack size unknown bytes, __scatter_zi.o(!!handler_zi), UNUSED)

<P><STRONG><a name="[bd]"></a>_printf_d</STRONG> (Thumb, 0 bytes, Stack size unknown bytes, _printf_d.o(.ARM.Collect$$_printf_percent$$00000009))
<BR><BR>[Stack]<UL><LI>Max Depth = 56 + Unknown Stack Size
<LI>Call Chain = _printf_d &rArr; _printf_int_dec &rArr; _printf_int_common
</UL>
<BR>[Calls]<UL><LI><a href="#[be]">&gt;&gt;</a>&nbsp;&nbsp;&nbsp;_printf_int_dec
</UL>

<P><STRONG><a name="[d7]"></a>_printf_percent</STRONG> (Thumb, 0 bytes, Stack size unknown bytes, _printf_percent.o(.ARM.Collect$$_printf_percent$$00000000))
<BR><BR>[Called By]<UL><LI><a href="#[d6]">&gt;&gt;</a>&nbsp;&nbsp;&nbsp;__printf
</UL>

<P><STRONG><a name="[bf]"></a>_printf_s</STRONG> (Thumb, 0 bytes, Stack size unknown bytes, _printf_s.o(.ARM.Collect$$_printf_percent$$00000014))
<BR><BR>[Stack]<UL><LI>Max Depth = 24 + Unknown Stack Size
<LI>Call Chain = _printf_s &rArr; _printf_string &rArr; _printf_cs_common &rArr; _printf_str
</UL>
<BR>[Calls]<UL><LI><a href="#[c0]">&gt;&gt;</a>&nbsp;&nbsp;&nbsp;_printf_string
</UL>

<P><STRONG><a name="[25a]"></a>_printf_percent_end</STRONG> (Thumb, 0 bytes, Stack size unknown bytes, _printf_percent_end.o(.ARM.Collect$$_printf_percent$$00000017))

<P><STRONG><a name="[c9]"></a>__rt_lib_init</STRONG> (Thumb, 0 bytes, Stack size unknown bytes, libinit.o(.ARM.Collect$$libinit$$00000000))
<BR><BR>[Called By]<UL><LI><a href="#[c8]">&gt;&gt;</a>&nbsp;&nbsp;&nbsp;__rt_entry_li
</UL>

<P><STRONG><a name="[c1]"></a>__rt_lib_init_fp_1</STRONG> (Thumb, 0 bytes, Stack size unknown bytes, libinit2.o(.ARM.Collect$$libinit$$00000001))
<BR><BR>[Calls]<UL><LI><a href="#[c2]">&gt;&gt;</a>&nbsp;&nbsp;&nbsp;_fp_init
</UL>

<P><STRONG><a name="[25b]"></a>__rt_lib_init_heap_1</STRONG> (Thumb, 0 bytes, Stack size unknown bytes, libinit2.o(.ARM.Collect$$libinit$$0000000A))

<P><STRONG><a name="[c3]"></a>__rt_lib_init_lc_common</STRONG> (Thumb, 0 bytes, Stack size unknown bytes, libinit2.o(.ARM.Collect$$libinit$$0000000F))
<BR><BR>[Calls]<UL><LI><a href="#[c4]">&gt;&gt;</a>&nbsp;&nbsp;&nbsp;__rt_locale
</UL>

<P><STRONG><a name="[25c]"></a>__rt_lib_init_preinit_1</STRONG> (Thumb, 0 bytes, Stack size unknown bytes, libinit2.o(.ARM.Collect$$libinit$$00000004))

<P><STRONG><a name="[25d]"></a>__rt_lib_init_rand_1</STRONG> (Thumb, 0 bytes, Stack size unknown bytes, libinit2.o(.ARM.Collect$$libinit$$0000000E))

<P><STRONG><a name="[25e]"></a>__rt_lib_init_user_alloc_1</STRONG> (Thumb, 0 bytes, Stack size unknown bytes, libinit2.o(.ARM.Collect$$libinit$$0000000C))

<P><STRONG><a name="[25f]"></a>__rt_lib_init_lc_collate_1</STRONG> (Thumb, 0 bytes, Stack size unknown bytes, libinit2.o(.ARM.Collect$$libinit$$00000011))

<P><STRONG><a name="[c5]"></a>__rt_lib_init_lc_ctype_2</STRONG> (Thumb, 0 bytes, Stack size unknown bytes, libinit2.o(.ARM.Collect$$libinit$$00000012))
<BR><BR>[Stack]<UL><LI>Max Depth = 8 + Unknown Stack Size
<LI>Call Chain = __rt_lib_init_lc_ctype_2 &rArr; _get_lc_ctype
</UL>
<BR>[Calls]<UL><LI><a href="#[66]">&gt;&gt;</a>&nbsp;&nbsp;&nbsp;_get_lc_ctype
</UL>

<P><STRONG><a name="[260]"></a>__rt_lib_init_alloca_1</STRONG> (Thumb, 0 bytes, Stack size unknown bytes, libinit2.o(.ARM.Collect$$libinit$$0000002E))

<P><STRONG><a name="[261]"></a>__rt_lib_init_argv_1</STRONG> (Thumb, 0 bytes, Stack size unknown bytes, libinit2.o(.ARM.Collect$$libinit$$0000002C))

<P><STRONG><a name="[262]"></a>__rt_lib_init_atexit_1</STRONG> (Thumb, 0 bytes, Stack size unknown bytes, libinit2.o(.ARM.Collect$$libinit$$0000001B))

<P><STRONG><a name="[263]"></a>__rt_lib_init_clock_1</STRONG> (Thumb, 0 bytes, Stack size unknown bytes, libinit2.o(.ARM.Collect$$libinit$$00000021))

<P><STRONG><a name="[264]"></a>__rt_lib_init_cpp_1</STRONG> (Thumb, 0 bytes, Stack size unknown bytes, libinit2.o(.ARM.Collect$$libinit$$00000032))

<P><STRONG><a name="[265]"></a>__rt_lib_init_exceptions_1</STRONG> (Thumb, 0 bytes, Stack size unknown bytes, libinit2.o(.ARM.Collect$$libinit$$00000030))

<P><STRONG><a name="[266]"></a>__rt_lib_init_fp_trap_1</STRONG> (Thumb, 0 bytes, Stack size unknown bytes, libinit2.o(.ARM.Collect$$libinit$$0000001F))

<P><STRONG><a name="[267]"></a>__rt_lib_init_getenv_1</STRONG> (Thumb, 0 bytes, Stack size unknown bytes, libinit2.o(.ARM.Collect$$libinit$$00000023))

<P><STRONG><a name="[268]"></a>__rt_lib_init_lc_ctype_1</STRONG> (Thumb, 0 bytes, Stack size unknown bytes, libinit2.o(.ARM.Collect$$libinit$$00000013))

<P><STRONG><a name="[269]"></a>__rt_lib_init_lc_monetary_1</STRONG> (Thumb, 0 bytes, Stack size unknown bytes, libinit2.o(.ARM.Collect$$libinit$$00000015))

<P><STRONG><a name="[26a]"></a>__rt_lib_init_lc_numeric_1</STRONG> (Thumb, 0 bytes, Stack size unknown bytes, libinit2.o(.ARM.Collect$$libinit$$00000017))

<P><STRONG><a name="[26b]"></a>__rt_lib_init_lc_time_1</STRONG> (Thumb, 0 bytes, Stack size unknown bytes, libinit2.o(.ARM.Collect$$libinit$$00000019))

<P><STRONG><a name="[26c]"></a>__rt_lib_init_return</STRONG> (Thumb, 0 bytes, Stack size unknown bytes, libinit2.o(.ARM.Collect$$libinit$$00000033))

<P><STRONG><a name="[26d]"></a>__rt_lib_init_signal_1</STRONG> (Thumb, 0 bytes, Stack size unknown bytes, libinit2.o(.ARM.Collect$$libinit$$0000001D))

<P><STRONG><a name="[26e]"></a>__rt_lib_init_stdio_1</STRONG> (Thumb, 0 bytes, Stack size unknown bytes, libinit2.o(.ARM.Collect$$libinit$$00000025))

<P><STRONG><a name="[ce]"></a>__rt_lib_shutdown</STRONG> (Thumb, 0 bytes, Stack size unknown bytes, libshutdown.o(.ARM.Collect$$libshutdown$$00000000))
<BR><BR>[Called By]<UL><LI><a href="#[cd]">&gt;&gt;</a>&nbsp;&nbsp;&nbsp;__rt_exit_ls
</UL>

<P><STRONG><a name="[26f]"></a>__rt_lib_shutdown_cpp_1</STRONG> (Thumb, 0 bytes, Stack size unknown bytes, libshutdown2.o(.ARM.Collect$$libshutdown$$00000002))

<P><STRONG><a name="[270]"></a>__rt_lib_shutdown_fp_trap_1</STRONG> (Thumb, 0 bytes, Stack size unknown bytes, libshutdown2.o(.ARM.Collect$$libshutdown$$00000007))

<P><STRONG><a name="[271]"></a>__rt_lib_shutdown_heap_1</STRONG> (Thumb, 0 bytes, Stack size unknown bytes, libshutdown2.o(.ARM.Collect$$libshutdown$$0000000F))

<P><STRONG><a name="[272]"></a>__rt_lib_shutdown_return</STRONG> (Thumb, 0 bytes, Stack size unknown bytes, libshutdown2.o(.ARM.Collect$$libshutdown$$00000010))

<P><STRONG><a name="[273]"></a>__rt_lib_shutdown_signal_1</STRONG> (Thumb, 0 bytes, Stack size unknown bytes, libshutdown2.o(.ARM.Collect$$libshutdown$$0000000A))

<P><STRONG><a name="[274]"></a>__rt_lib_shutdown_stdio_1</STRONG> (Thumb, 0 bytes, Stack size unknown bytes, libshutdown2.o(.ARM.Collect$$libshutdown$$00000004))

<P><STRONG><a name="[275]"></a>__rt_lib_shutdown_user_alloc_1</STRONG> (Thumb, 0 bytes, Stack size unknown bytes, libshutdown2.o(.ARM.Collect$$libshutdown$$0000000C))

<P><STRONG><a name="[bb]"></a>__rt_entry</STRONG> (Thumb, 0 bytes, Stack size unknown bytes, __rtentry.o(.ARM.Collect$$rtentry$$00000000))
<BR><BR>[Called By]<UL><LI><a href="#[bc]">&gt;&gt;</a>&nbsp;&nbsp;&nbsp;__scatterload_rt2
<LI><a href="#[b9]">&gt;&gt;</a>&nbsp;&nbsp;&nbsp;__main
</UL>

<P><STRONG><a name="[276]"></a>__rt_entry_presh_1</STRONG> (Thumb, 0 bytes, Stack size unknown bytes, __rtentry2.o(.ARM.Collect$$rtentry$$00000002))

<P><STRONG><a name="[c6]"></a>__rt_entry_sh</STRONG> (Thumb, 0 bytes, Stack size unknown bytes, __rtentry4.o(.ARM.Collect$$rtentry$$00000004))
<BR><BR>[Stack]<UL><LI>Max Depth = 8 + Unknown Stack Size
<LI>Call Chain = __rt_entry_sh &rArr; __user_setup_stackheap
</UL>
<BR>[Calls]<UL><LI><a href="#[c7]">&gt;&gt;</a>&nbsp;&nbsp;&nbsp;__user_setup_stackheap
</UL>

<P><STRONG><a name="[c8]"></a>__rt_entry_li</STRONG> (Thumb, 0 bytes, Stack size unknown bytes, __rtentry2.o(.ARM.Collect$$rtentry$$0000000A))
<BR><BR>[Calls]<UL><LI><a href="#[c9]">&gt;&gt;</a>&nbsp;&nbsp;&nbsp;__rt_lib_init
</UL>

<P><STRONG><a name="[277]"></a>__rt_entry_postsh_1</STRONG> (Thumb, 0 bytes, Stack size unknown bytes, __rtentry2.o(.ARM.Collect$$rtentry$$00000009))

<P><STRONG><a name="[ca]"></a>__rt_entry_main</STRONG> (Thumb, 0 bytes, Stack size unknown bytes, __rtentry2.o(.ARM.Collect$$rtentry$$0000000D))
<BR><BR>[Stack]<UL><LI>Max Depth = 444 + Unknown Stack Size
<LI>Call Chain = __rt_entry_main &rArr; main &rArr; rtthread_startup &rArr; rt_thread_idle_init &rArr; rt_thread_init &rArr; _thread_init &rArr; rt_timer_init &rArr; rt_object_init &rArr; rt_exit_critical &rArr; rt_schedule &rArr; _scheduler_stack_check &rArr; rt_kprintf &rArr; rt_vsnprintf &rArr; print_number
</UL>
<BR>[Calls]<UL><LI><a href="#[cb]">&gt;&gt;</a>&nbsp;&nbsp;&nbsp;main
<LI><a href="#[cc]">&gt;&gt;</a>&nbsp;&nbsp;&nbsp;exit
</UL>

<P><STRONG><a name="[278]"></a>__rt_entry_postli_1</STRONG> (Thumb, 0 bytes, Stack size unknown bytes, __rtentry2.o(.ARM.Collect$$rtentry$$0000000C))

<P><STRONG><a name="[e7]"></a>__rt_exit</STRONG> (Thumb, 0 bytes, Stack size unknown bytes, rtexit.o(.ARM.Collect$$rtexit$$00000000))
<BR><BR>[Called By]<UL><LI><a href="#[cc]">&gt;&gt;</a>&nbsp;&nbsp;&nbsp;exit
</UL>

<P><STRONG><a name="[cd]"></a>__rt_exit_ls</STRONG> (Thumb, 0 bytes, Stack size unknown bytes, rtexit2.o(.ARM.Collect$$rtexit$$00000003))
<BR><BR>[Calls]<UL><LI><a href="#[ce]">&gt;&gt;</a>&nbsp;&nbsp;&nbsp;__rt_lib_shutdown
</UL>

<P><STRONG><a name="[279]"></a>__rt_exit_prels_1</STRONG> (Thumb, 0 bytes, Stack size unknown bytes, rtexit2.o(.ARM.Collect$$rtexit$$00000002))

<P><STRONG><a name="[cf]"></a>__rt_exit_exit</STRONG> (Thumb, 0 bytes, Stack size unknown bytes, rtexit2.o(.ARM.Collect$$rtexit$$00000004))
<BR><BR>[Stack]<UL><LI>Max Depth = 268 + Unknown Stack Size
<LI>Call Chain = __rt_exit_exit &rArr; _sys_exit &rArr; __rt_libc_exit &rArr; rt_thread_control &rArr; rt_thread_startup &rArr; rt_schedule &rArr; _scheduler_stack_check &rArr; rt_kprintf &rArr; rt_vsnprintf &rArr; print_number
</UL>
<BR>[Calls]<UL><LI><a href="#[d0]">&gt;&gt;</a>&nbsp;&nbsp;&nbsp;_sys_exit
</UL>

<P><STRONG><a name="[17f]"></a>__rt_ffs</STRONG> (Thumb, 16 bytes, Stack size 0 bytes, cpuport.o(.emb_text))
<BR><BR>[Called By]<UL><LI><a href="#[17e]">&gt;&gt;</a>&nbsp;&nbsp;&nbsp;_scheduler_get_highest_priority_thread
</UL>

<P><STRONG><a name="[15e]"></a>rt_hw_interrupt_disable</STRONG> (Thumb, 8 bytes, Stack size 0 bytes, context_rvds.o(.text))
<BR><BR>[Called By]<UL><LI><a href="#[160]">&gt;&gt;</a>&nbsp;&nbsp;&nbsp;rt_hw_serial_isr
<LI><a href="#[18a]">&gt;&gt;</a>&nbsp;&nbsp;&nbsp;_serial_int_rx
<LI><a href="#[187]">&gt;&gt;</a>&nbsp;&nbsp;&nbsp;_serial_dma_tx
<LI><a href="#[182]">&gt;&gt;</a>&nbsp;&nbsp;&nbsp;_serial_dma_rx
<LI><a href="#[23c]">&gt;&gt;</a>&nbsp;&nbsp;&nbsp;rt_timer_stop
<LI><a href="#[190]">&gt;&gt;</a>&nbsp;&nbsp;&nbsp;rt_timer_detach
<LI><a href="#[237]">&gt;&gt;</a>&nbsp;&nbsp;&nbsp;rt_thread_delete
<LI><a href="#[1b8]">&gt;&gt;</a>&nbsp;&nbsp;&nbsp;rt_sem_take
<LI><a href="#[1ba]">&gt;&gt;</a>&nbsp;&nbsp;&nbsp;rt_sem_release
<LI><a href="#[15a]">&gt;&gt;</a>&nbsp;&nbsp;&nbsp;uart_isr
<LI><a href="#[144]">&gt;&gt;</a>&nbsp;&nbsp;&nbsp;dma_isr
<LI><a href="#[148]">&gt;&gt;</a>&nbsp;&nbsp;&nbsp;_dma_tx_complete
<LI><a href="#[8e]">&gt;&gt;</a>&nbsp;&nbsp;&nbsp;stm32_pin_irq_enable
<LI><a href="#[8d]">&gt;&gt;</a>&nbsp;&nbsp;&nbsp;stm32_pin_dettach_irq
<LI><a href="#[8c]">&gt;&gt;</a>&nbsp;&nbsp;&nbsp;stm32_pin_attach_irq
<LI><a href="#[155]">&gt;&gt;</a>&nbsp;&nbsp;&nbsp;rt_tick_increase
<LI><a href="#[eb]">&gt;&gt;</a>&nbsp;&nbsp;&nbsp;rt_interrupt_leave
<LI><a href="#[e9]">&gt;&gt;</a>&nbsp;&nbsp;&nbsp;rt_interrupt_enter
<LI><a href="#[15d]">&gt;&gt;</a>&nbsp;&nbsp;&nbsp;rt_thread_control
<LI><a href="#[20d]">&gt;&gt;</a>&nbsp;&nbsp;&nbsp;rt_exit_critical
<LI><a href="#[20c]">&gt;&gt;</a>&nbsp;&nbsp;&nbsp;rt_enter_critical
<LI><a href="#[204]">&gt;&gt;</a>&nbsp;&nbsp;&nbsp;rt_data_queue_reset
<LI><a href="#[188]">&gt;&gt;</a>&nbsp;&nbsp;&nbsp;rt_data_queue_push
<LI><a href="#[209]">&gt;&gt;</a>&nbsp;&nbsp;&nbsp;rt_data_queue_pop
<LI><a href="#[208]">&gt;&gt;</a>&nbsp;&nbsp;&nbsp;rt_data_queue_peek
<LI><a href="#[207]">&gt;&gt;</a>&nbsp;&nbsp;&nbsp;rt_data_queue_len
<LI><a href="#[203]">&gt;&gt;</a>&nbsp;&nbsp;&nbsp;rt_data_queue_deinit
<LI><a href="#[201]">&gt;&gt;</a>&nbsp;&nbsp;&nbsp;rt_timer_start
<LI><a href="#[200]">&gt;&gt;</a>&nbsp;&nbsp;&nbsp;rt_timer_control
<LI><a href="#[168]">&gt;&gt;</a>&nbsp;&nbsp;&nbsp;rt_thread_suspend
<LI><a href="#[166]">&gt;&gt;</a>&nbsp;&nbsp;&nbsp;rt_thread_resume
<LI><a href="#[192]">&gt;&gt;</a>&nbsp;&nbsp;&nbsp;rt_schedule
<LI><a href="#[1ff]">&gt;&gt;</a>&nbsp;&nbsp;&nbsp;rt_interrupt_get_nest
<LI><a href="#[18c]">&gt;&gt;</a>&nbsp;&nbsp;&nbsp;rt_completion_wait
<LI><a href="#[1fd]">&gt;&gt;</a>&nbsp;&nbsp;&nbsp;rt_completion_init
<LI><a href="#[1fb]">&gt;&gt;</a>&nbsp;&nbsp;&nbsp;rt_completion_done
<LI><a href="#[162]">&gt;&gt;</a>&nbsp;&nbsp;&nbsp;rt_mutex_take
<LI><a href="#[164]">&gt;&gt;</a>&nbsp;&nbsp;&nbsp;rt_mutex_release
<LI><a href="#[af]">&gt;&gt;</a>&nbsp;&nbsp;&nbsp;list_thread
<LI><a href="#[226]">&gt;&gt;</a>&nbsp;&nbsp;&nbsp;rt_object_allocate
<LI><a href="#[23b]">&gt;&gt;</a>&nbsp;&nbsp;&nbsp;rt_thread_sleep
<LI><a href="#[236]">&gt;&gt;</a>&nbsp;&nbsp;&nbsp;rt_thread_detach
<LI><a href="#[70]">&gt;&gt;</a>&nbsp;&nbsp;&nbsp;_thread_timeout
<LI><a href="#[6f]">&gt;&gt;</a>&nbsp;&nbsp;&nbsp;_thread_exit
<LI><a href="#[18f]">&gt;&gt;</a>&nbsp;&nbsp;&nbsp;rt_schedule_remove_thread
<LI><a href="#[198]">&gt;&gt;</a>&nbsp;&nbsp;&nbsp;rt_schedule_insert_thread
<LI><a href="#[180]">&gt;&gt;</a>&nbsp;&nbsp;&nbsp;_scheduler_stack_check
<LI><a href="#[212]">&gt;&gt;</a>&nbsp;&nbsp;&nbsp;rt_object_delete
<LI><a href="#[20f]">&gt;&gt;</a>&nbsp;&nbsp;&nbsp;rt_thread_defunct_dequeue
<LI><a href="#[216]">&gt;&gt;</a>&nbsp;&nbsp;&nbsp;rt_object_init
<LI><a href="#[213]">&gt;&gt;</a>&nbsp;&nbsp;&nbsp;rt_object_find
<LI><a href="#[211]">&gt;&gt;</a>&nbsp;&nbsp;&nbsp;rt_object_detach
<LI><a href="#[e8]">&gt;&gt;</a>&nbsp;&nbsp;&nbsp;rtthread_startup
<LI><a href="#[23d]">&gt;&gt;</a>&nbsp;&nbsp;&nbsp;rt_timer_check
<LI><a href="#[b6]">&gt;&gt;</a>&nbsp;&nbsp;&nbsp;list_timer
<LI><a href="#[b0]">&gt;&gt;</a>&nbsp;&nbsp;&nbsp;list_sem
<LI><a href="#[b2]">&gt;&gt;</a>&nbsp;&nbsp;&nbsp;list_mutex
<LI><a href="#[b4]">&gt;&gt;</a>&nbsp;&nbsp;&nbsp;list_msgqueue
<LI><a href="#[b5]">&gt;&gt;</a>&nbsp;&nbsp;&nbsp;list_mempool
<LI><a href="#[b3]">&gt;&gt;</a>&nbsp;&nbsp;&nbsp;list_mailbox
<LI><a href="#[b1]">&gt;&gt;</a>&nbsp;&nbsp;&nbsp;list_event
<LI><a href="#[b7]">&gt;&gt;</a>&nbsp;&nbsp;&nbsp;list_device
<LI><a href="#[1e1]">&gt;&gt;</a>&nbsp;&nbsp;&nbsp;list_get_next
</UL>

<P><STRONG><a name="[15f]"></a>rt_hw_interrupt_enable</STRONG> (Thumb, 6 bytes, Stack size 0 bytes, context_rvds.o(.text))
<BR><BR>[Called By]<UL><LI><a href="#[160]">&gt;&gt;</a>&nbsp;&nbsp;&nbsp;rt_hw_serial_isr
<LI><a href="#[18a]">&gt;&gt;</a>&nbsp;&nbsp;&nbsp;_serial_int_rx
<LI><a href="#[187]">&gt;&gt;</a>&nbsp;&nbsp;&nbsp;_serial_dma_tx
<LI><a href="#[182]">&gt;&gt;</a>&nbsp;&nbsp;&nbsp;_serial_dma_rx
<LI><a href="#[23c]">&gt;&gt;</a>&nbsp;&nbsp;&nbsp;rt_timer_stop
<LI><a href="#[190]">&gt;&gt;</a>&nbsp;&nbsp;&nbsp;rt_timer_detach
<LI><a href="#[237]">&gt;&gt;</a>&nbsp;&nbsp;&nbsp;rt_thread_delete
<LI><a href="#[1b8]">&gt;&gt;</a>&nbsp;&nbsp;&nbsp;rt_sem_take
<LI><a href="#[1ba]">&gt;&gt;</a>&nbsp;&nbsp;&nbsp;rt_sem_release
<LI><a href="#[15a]">&gt;&gt;</a>&nbsp;&nbsp;&nbsp;uart_isr
<LI><a href="#[144]">&gt;&gt;</a>&nbsp;&nbsp;&nbsp;dma_isr
<LI><a href="#[148]">&gt;&gt;</a>&nbsp;&nbsp;&nbsp;_dma_tx_complete
<LI><a href="#[8e]">&gt;&gt;</a>&nbsp;&nbsp;&nbsp;stm32_pin_irq_enable
<LI><a href="#[8d]">&gt;&gt;</a>&nbsp;&nbsp;&nbsp;stm32_pin_dettach_irq
<LI><a href="#[8c]">&gt;&gt;</a>&nbsp;&nbsp;&nbsp;stm32_pin_attach_irq
<LI><a href="#[155]">&gt;&gt;</a>&nbsp;&nbsp;&nbsp;rt_tick_increase
<LI><a href="#[eb]">&gt;&gt;</a>&nbsp;&nbsp;&nbsp;rt_interrupt_leave
<LI><a href="#[e9]">&gt;&gt;</a>&nbsp;&nbsp;&nbsp;rt_interrupt_enter
<LI><a href="#[15d]">&gt;&gt;</a>&nbsp;&nbsp;&nbsp;rt_thread_control
<LI><a href="#[20d]">&gt;&gt;</a>&nbsp;&nbsp;&nbsp;rt_exit_critical
<LI><a href="#[20c]">&gt;&gt;</a>&nbsp;&nbsp;&nbsp;rt_enter_critical
<LI><a href="#[204]">&gt;&gt;</a>&nbsp;&nbsp;&nbsp;rt_data_queue_reset
<LI><a href="#[188]">&gt;&gt;</a>&nbsp;&nbsp;&nbsp;rt_data_queue_push
<LI><a href="#[209]">&gt;&gt;</a>&nbsp;&nbsp;&nbsp;rt_data_queue_pop
<LI><a href="#[208]">&gt;&gt;</a>&nbsp;&nbsp;&nbsp;rt_data_queue_peek
<LI><a href="#[207]">&gt;&gt;</a>&nbsp;&nbsp;&nbsp;rt_data_queue_len
<LI><a href="#[203]">&gt;&gt;</a>&nbsp;&nbsp;&nbsp;rt_data_queue_deinit
<LI><a href="#[201]">&gt;&gt;</a>&nbsp;&nbsp;&nbsp;rt_timer_start
<LI><a href="#[200]">&gt;&gt;</a>&nbsp;&nbsp;&nbsp;rt_timer_control
<LI><a href="#[168]">&gt;&gt;</a>&nbsp;&nbsp;&nbsp;rt_thread_suspend
<LI><a href="#[166]">&gt;&gt;</a>&nbsp;&nbsp;&nbsp;rt_thread_resume
<LI><a href="#[192]">&gt;&gt;</a>&nbsp;&nbsp;&nbsp;rt_schedule
<LI><a href="#[1ff]">&gt;&gt;</a>&nbsp;&nbsp;&nbsp;rt_interrupt_get_nest
<LI><a href="#[18c]">&gt;&gt;</a>&nbsp;&nbsp;&nbsp;rt_completion_wait
<LI><a href="#[1fd]">&gt;&gt;</a>&nbsp;&nbsp;&nbsp;rt_completion_init
<LI><a href="#[1fb]">&gt;&gt;</a>&nbsp;&nbsp;&nbsp;rt_completion_done
<LI><a href="#[162]">&gt;&gt;</a>&nbsp;&nbsp;&nbsp;rt_mutex_take
<LI><a href="#[164]">&gt;&gt;</a>&nbsp;&nbsp;&nbsp;rt_mutex_release
<LI><a href="#[af]">&gt;&gt;</a>&nbsp;&nbsp;&nbsp;list_thread
<LI><a href="#[226]">&gt;&gt;</a>&nbsp;&nbsp;&nbsp;rt_object_allocate
<LI><a href="#[23b]">&gt;&gt;</a>&nbsp;&nbsp;&nbsp;rt_thread_sleep
<LI><a href="#[236]">&gt;&gt;</a>&nbsp;&nbsp;&nbsp;rt_thread_detach
<LI><a href="#[70]">&gt;&gt;</a>&nbsp;&nbsp;&nbsp;_thread_timeout
<LI><a href="#[6f]">&gt;&gt;</a>&nbsp;&nbsp;&nbsp;_thread_exit
<LI><a href="#[18f]">&gt;&gt;</a>&nbsp;&nbsp;&nbsp;rt_schedule_remove_thread
<LI><a href="#[198]">&gt;&gt;</a>&nbsp;&nbsp;&nbsp;rt_schedule_insert_thread
<LI><a href="#[212]">&gt;&gt;</a>&nbsp;&nbsp;&nbsp;rt_object_delete
<LI><a href="#[20f]">&gt;&gt;</a>&nbsp;&nbsp;&nbsp;rt_thread_defunct_dequeue
<LI><a href="#[216]">&gt;&gt;</a>&nbsp;&nbsp;&nbsp;rt_object_init
<LI><a href="#[213]">&gt;&gt;</a>&nbsp;&nbsp;&nbsp;rt_object_find
<LI><a href="#[211]">&gt;&gt;</a>&nbsp;&nbsp;&nbsp;rt_object_detach
<LI><a href="#[23d]">&gt;&gt;</a>&nbsp;&nbsp;&nbsp;rt_timer_check
<LI><a href="#[b6]">&gt;&gt;</a>&nbsp;&nbsp;&nbsp;list_timer
<LI><a href="#[b0]">&gt;&gt;</a>&nbsp;&nbsp;&nbsp;list_sem
<LI><a href="#[b2]">&gt;&gt;</a>&nbsp;&nbsp;&nbsp;list_mutex
<LI><a href="#[b4]">&gt;&gt;</a>&nbsp;&nbsp;&nbsp;list_msgqueue
<LI><a href="#[b5]">&gt;&gt;</a>&nbsp;&nbsp;&nbsp;list_mempool
<LI><a href="#[b3]">&gt;&gt;</a>&nbsp;&nbsp;&nbsp;list_mailbox
<LI><a href="#[b1]">&gt;&gt;</a>&nbsp;&nbsp;&nbsp;list_event
<LI><a href="#[b7]">&gt;&gt;</a>&nbsp;&nbsp;&nbsp;list_device
<LI><a href="#[1e1]">&gt;&gt;</a>&nbsp;&nbsp;&nbsp;list_get_next
</UL>

<P><STRONG><a name="[22d]"></a>rt_hw_context_switch</STRONG> (Thumb, 32 bytes, Stack size 0 bytes, context_rvds.o(.text))
<BR><BR>[Called By]<UL><LI><a href="#[192]">&gt;&gt;</a>&nbsp;&nbsp;&nbsp;rt_schedule
</UL>

<P><STRONG><a name="[22e]"></a>rt_hw_context_switch_interrupt</STRONG> (Thumb, 0 bytes, Stack size 0 bytes, context_rvds.o(.text))
<BR><BR>[Called By]<UL><LI><a href="#[192]">&gt;&gt;</a>&nbsp;&nbsp;&nbsp;rt_schedule
</UL>

<P><STRONG><a name="[11]"></a>PendSV_Handler</STRONG> (Thumb, 108 bytes, Stack size 0 bytes, context_rvds.o(.text))
<BR>[Address Reference Count : 1]<UL><LI> startup_stm32f407xx.o(RESET)
</UL>
<P><STRONG><a name="[234]"></a>rt_hw_context_switch_to</STRONG> (Thumb, 76 bytes, Stack size 0 bytes, context_rvds.o(.text))
<BR><BR>[Called By]<UL><LI><a href="#[233]">&gt;&gt;</a>&nbsp;&nbsp;&nbsp;rt_system_scheduler_start
</UL>

<P><STRONG><a name="[27a]"></a>rt_hw_interrupt_thread_switch</STRONG> (Thumb, 2 bytes, Stack size 0 bytes, context_rvds.o(.text), UNUSED)

<P><STRONG><a name="[b]"></a>HardFault_Handler</STRONG> (Thumb, 56 bytes, Stack size 0 bytes, context_rvds.o(.text))
<BR><BR>[Stack]<UL><LI>Max Depth = 452<LI>Call Chain = HardFault_Handler &rArr; rt_hw_hard_fault_exception &rArr; list_thread &rArr; object_split &rArr; rt_kprintf &rArr; rt_vsnprintf &rArr; print_number
</UL>
<BR>[Calls]<UL><LI><a href="#[d1]">&gt;&gt;</a>&nbsp;&nbsp;&nbsp;rt_hw_hard_fault_exception
</UL>
<BR>[Address Reference Count : 1]<UL><LI> startup_stm32f407xx.o(RESET)
</UL>
<P><STRONG><a name="[9]"></a>Reset_Handler</STRONG> (Thumb, 8 bytes, Stack size 0 bytes, startup_stm32f407xx.o(.text))
<BR>[Address Reference Count : 1]<UL><LI> startup_stm32f407xx.o(RESET)
</UL>
<P><STRONG><a name="[a]"></a>NMI_Handler</STRONG> (Thumb, 2 bytes, Stack size 0 bytes, startup_stm32f407xx.o(.text))
<BR><BR>[Calls]<UL><LI><a href="#[a]">&gt;&gt;</a>&nbsp;&nbsp;&nbsp;NMI_Handler
</UL>
<BR>[Called By]<UL><LI><a href="#[a]">&gt;&gt;</a>&nbsp;&nbsp;&nbsp;NMI_Handler
</UL>
<BR>[Address Reference Count : 1]<UL><LI> startup_stm32f407xx.o(RESET)
</UL>
<P><STRONG><a name="[c]"></a>MemManage_Handler</STRONG> (Thumb, 2 bytes, Stack size 0 bytes, startup_stm32f407xx.o(.text))
<BR><BR>[Calls]<UL><LI><a href="#[c]">&gt;&gt;</a>&nbsp;&nbsp;&nbsp;MemManage_Handler
</UL>
<BR>[Called By]<UL><LI><a href="#[c]">&gt;&gt;</a>&nbsp;&nbsp;&nbsp;MemManage_Handler
</UL>
<BR>[Address Reference Count : 1]<UL><LI> startup_stm32f407xx.o(RESET)
</UL>
<P><STRONG><a name="[d]"></a>BusFault_Handler</STRONG> (Thumb, 2 bytes, Stack size 0 bytes, startup_stm32f407xx.o(.text))
<BR><BR>[Calls]<UL><LI><a href="#[d]">&gt;&gt;</a>&nbsp;&nbsp;&nbsp;BusFault_Handler
</UL>
<BR>[Called By]<UL><LI><a href="#[d]">&gt;&gt;</a>&nbsp;&nbsp;&nbsp;BusFault_Handler
</UL>
<BR>[Address Reference Count : 1]<UL><LI> startup_stm32f407xx.o(RESET)
</UL>
<P><STRONG><a name="[e]"></a>UsageFault_Handler</STRONG> (Thumb, 2 bytes, Stack size 0 bytes, startup_stm32f407xx.o(.text))
<BR><BR>[Calls]<UL><LI><a href="#[e]">&gt;&gt;</a>&nbsp;&nbsp;&nbsp;UsageFault_Handler
</UL>
<BR>[Called By]<UL><LI><a href="#[e]">&gt;&gt;</a>&nbsp;&nbsp;&nbsp;UsageFault_Handler
</UL>
<BR>[Address Reference Count : 1]<UL><LI> startup_stm32f407xx.o(RESET)
</UL>
<P><STRONG><a name="[f]"></a>SVC_Handler</STRONG> (Thumb, 2 bytes, Stack size 0 bytes, startup_stm32f407xx.o(.text))
<BR><BR>[Calls]<UL><LI><a href="#[f]">&gt;&gt;</a>&nbsp;&nbsp;&nbsp;SVC_Handler
</UL>
<BR>[Called By]<UL><LI><a href="#[f]">&gt;&gt;</a>&nbsp;&nbsp;&nbsp;SVC_Handler
</UL>
<BR>[Address Reference Count : 1]<UL><LI> startup_stm32f407xx.o(RESET)
</UL>
<P><STRONG><a name="[10]"></a>DebugMon_Handler</STRONG> (Thumb, 2 bytes, Stack size 0 bytes, startup_stm32f407xx.o(.text))
<BR><BR>[Calls]<UL><LI><a href="#[10]">&gt;&gt;</a>&nbsp;&nbsp;&nbsp;DebugMon_Handler
</UL>
<BR>[Called By]<UL><LI><a href="#[10]">&gt;&gt;</a>&nbsp;&nbsp;&nbsp;DebugMon_Handler
</UL>
<BR>[Address Reference Count : 1]<UL><LI> startup_stm32f407xx.o(RESET)
</UL>
<P><STRONG><a name="[25]"></a>ADC_IRQHandler</STRONG> (Thumb, 0 bytes, Stack size 0 bytes, startup_stm32f407xx.o(.text))
<BR><BR>[Calls]<UL><LI><a href="#[25]">&gt;&gt;</a>&nbsp;&nbsp;&nbsp;ADC_IRQHandler
</UL>
<BR>[Called By]<UL><LI><a href="#[25]">&gt;&gt;</a>&nbsp;&nbsp;&nbsp;ADC_IRQHandler
</UL>
<BR>[Address Reference Count : 1]<UL><LI> startup_stm32f407xx.o(RESET)
</UL>
<P><STRONG><a name="[27]"></a>CAN1_RX0_IRQHandler</STRONG> (Thumb, 0 bytes, Stack size 0 bytes, startup_stm32f407xx.o(.text))
<BR>[Address Reference Count : 1]<UL><LI> startup_stm32f407xx.o(RESET)
</UL>
<P><STRONG><a name="[28]"></a>CAN1_RX1_IRQHandler</STRONG> (Thumb, 0 bytes, Stack size 0 bytes, startup_stm32f407xx.o(.text))
<BR>[Address Reference Count : 1]<UL><LI> startup_stm32f407xx.o(RESET)
</UL>
<P><STRONG><a name="[29]"></a>CAN1_SCE_IRQHandler</STRONG> (Thumb, 0 bytes, Stack size 0 bytes, startup_stm32f407xx.o(.text))
<BR>[Address Reference Count : 1]<UL><LI> startup_stm32f407xx.o(RESET)
</UL>
<P><STRONG><a name="[26]"></a>CAN1_TX_IRQHandler</STRONG> (Thumb, 0 bytes, Stack size 0 bytes, startup_stm32f407xx.o(.text))
<BR>[Address Reference Count : 1]<UL><LI> startup_stm32f407xx.o(RESET)
</UL>
<P><STRONG><a name="[53]"></a>CAN2_RX0_IRQHandler</STRONG> (Thumb, 0 bytes, Stack size 0 bytes, startup_stm32f407xx.o(.text))
<BR>[Address Reference Count : 1]<UL><LI> startup_stm32f407xx.o(RESET)
</UL>
<P><STRONG><a name="[54]"></a>CAN2_RX1_IRQHandler</STRONG> (Thumb, 0 bytes, Stack size 0 bytes, startup_stm32f407xx.o(.text))
<BR>[Address Reference Count : 1]<UL><LI> startup_stm32f407xx.o(RESET)
</UL>
<P><STRONG><a name="[55]"></a>CAN2_SCE_IRQHandler</STRONG> (Thumb, 0 bytes, Stack size 0 bytes, startup_stm32f407xx.o(.text))
<BR>[Address Reference Count : 1]<UL><LI> startup_stm32f407xx.o(RESET)
</UL>
<P><STRONG><a name="[52]"></a>CAN2_TX_IRQHandler</STRONG> (Thumb, 0 bytes, Stack size 0 bytes, startup_stm32f407xx.o(.text))
<BR>[Address Reference Count : 1]<UL><LI> startup_stm32f407xx.o(RESET)
</UL>
<P><STRONG><a name="[61]"></a>DCMI_IRQHandler</STRONG> (Thumb, 0 bytes, Stack size 0 bytes, startup_stm32f407xx.o(.text))
<BR>[Address Reference Count : 1]<UL><LI> startup_stm32f407xx.o(RESET)
</UL>
<P><STRONG><a name="[1e]"></a>DMA1_Stream0_IRQHandler</STRONG> (Thumb, 0 bytes, Stack size 0 bytes, startup_stm32f407xx.o(.text))
<BR>[Address Reference Count : 1]<UL><LI> startup_stm32f407xx.o(RESET)
</UL>
<P><STRONG><a name="[1f]"></a>DMA1_Stream1_IRQHandler</STRONG> (Thumb, 0 bytes, Stack size 0 bytes, startup_stm32f407xx.o(.text))
<BR>[Address Reference Count : 1]<UL><LI> startup_stm32f407xx.o(RESET)
</UL>
<P><STRONG><a name="[20]"></a>DMA1_Stream2_IRQHandler</STRONG> (Thumb, 0 bytes, Stack size 0 bytes, startup_stm32f407xx.o(.text))
<BR>[Address Reference Count : 1]<UL><LI> startup_stm32f407xx.o(RESET)
</UL>
<P><STRONG><a name="[21]"></a>DMA1_Stream3_IRQHandler</STRONG> (Thumb, 0 bytes, Stack size 0 bytes, startup_stm32f407xx.o(.text))
<BR>[Address Reference Count : 1]<UL><LI> startup_stm32f407xx.o(RESET)
</UL>
<P><STRONG><a name="[22]"></a>DMA1_Stream4_IRQHandler</STRONG> (Thumb, 0 bytes, Stack size 0 bytes, startup_stm32f407xx.o(.text))
<BR>[Address Reference Count : 1]<UL><LI> startup_stm32f407xx.o(RESET)
</UL>
<P><STRONG><a name="[23]"></a>DMA1_Stream5_IRQHandler</STRONG> (Thumb, 0 bytes, Stack size 0 bytes, startup_stm32f407xx.o(.text))
<BR>[Address Reference Count : 1]<UL><LI> startup_stm32f407xx.o(RESET)
</UL>
<P><STRONG><a name="[24]"></a>DMA1_Stream6_IRQHandler</STRONG> (Thumb, 0 bytes, Stack size 0 bytes, startup_stm32f407xx.o(.text))
<BR>[Address Reference Count : 1]<UL><LI> startup_stm32f407xx.o(RESET)
</UL>
<P><STRONG><a name="[42]"></a>DMA1_Stream7_IRQHandler</STRONG> (Thumb, 0 bytes, Stack size 0 bytes, startup_stm32f407xx.o(.text))
<BR>[Address Reference Count : 1]<UL><LI> startup_stm32f407xx.o(RESET)
</UL>
<P><STRONG><a name="[4b]"></a>DMA2_Stream0_IRQHandler</STRONG> (Thumb, 0 bytes, Stack size 0 bytes, startup_stm32f407xx.o(.text))
<BR>[Address Reference Count : 1]<UL><LI> startup_stm32f407xx.o(RESET)
</UL>
<P><STRONG><a name="[4c]"></a>DMA2_Stream1_IRQHandler</STRONG> (Thumb, 0 bytes, Stack size 0 bytes, startup_stm32f407xx.o(.text))
<BR>[Address Reference Count : 1]<UL><LI> startup_stm32f407xx.o(RESET)
</UL>
<P><STRONG><a name="[4d]"></a>DMA2_Stream2_IRQHandler</STRONG> (Thumb, 0 bytes, Stack size 0 bytes, startup_stm32f407xx.o(.text))
<BR>[Address Reference Count : 1]<UL><LI> startup_stm32f407xx.o(RESET)
</UL>
<P><STRONG><a name="[4e]"></a>DMA2_Stream3_IRQHandler</STRONG> (Thumb, 0 bytes, Stack size 0 bytes, startup_stm32f407xx.o(.text))
<BR>[Address Reference Count : 1]<UL><LI> startup_stm32f407xx.o(RESET)
</UL>
<P><STRONG><a name="[4f]"></a>DMA2_Stream4_IRQHandler</STRONG> (Thumb, 0 bytes, Stack size 0 bytes, startup_stm32f407xx.o(.text))
<BR>[Address Reference Count : 1]<UL><LI> startup_stm32f407xx.o(RESET)
</UL>
<P><STRONG><a name="[57]"></a>DMA2_Stream5_IRQHandler</STRONG> (Thumb, 0 bytes, Stack size 0 bytes, startup_stm32f407xx.o(.text))
<BR>[Address Reference Count : 1]<UL><LI> startup_stm32f407xx.o(RESET)
</UL>
<P><STRONG><a name="[58]"></a>DMA2_Stream6_IRQHandler</STRONG> (Thumb, 0 bytes, Stack size 0 bytes, startup_stm32f407xx.o(.text))
<BR>[Address Reference Count : 1]<UL><LI> startup_stm32f407xx.o(RESET)
</UL>
<P><STRONG><a name="[59]"></a>DMA2_Stream7_IRQHandler</STRONG> (Thumb, 0 bytes, Stack size 0 bytes, startup_stm32f407xx.o(.text))
<BR>[Address Reference Count : 1]<UL><LI> startup_stm32f407xx.o(RESET)
</UL>
<P><STRONG><a name="[50]"></a>ETH_IRQHandler</STRONG> (Thumb, 0 bytes, Stack size 0 bytes, startup_stm32f407xx.o(.text))
<BR>[Address Reference Count : 1]<UL><LI> startup_stm32f407xx.o(RESET)
</UL>
<P><STRONG><a name="[51]"></a>ETH_WKUP_IRQHandler</STRONG> (Thumb, 0 bytes, Stack size 0 bytes, startup_stm32f407xx.o(.text))
<BR>[Address Reference Count : 1]<UL><LI> startup_stm32f407xx.o(RESET)
</UL>
<P><STRONG><a name="[17]"></a>FLASH_IRQHandler</STRONG> (Thumb, 0 bytes, Stack size 0 bytes, startup_stm32f407xx.o(.text))
<BR>[Address Reference Count : 1]<UL><LI> startup_stm32f407xx.o(RESET)
</UL>
<P><STRONG><a name="[43]"></a>FMC_IRQHandler</STRONG> (Thumb, 0 bytes, Stack size 0 bytes, startup_stm32f407xx.o(.text))
<BR>[Address Reference Count : 1]<UL><LI> startup_stm32f407xx.o(RESET)
</UL>
<P><STRONG><a name="[63]"></a>FPU_IRQHandler</STRONG> (Thumb, 0 bytes, Stack size 0 bytes, startup_stm32f407xx.o(.text))
<BR>[Address Reference Count : 1]<UL><LI> startup_stm32f407xx.o(RESET)
</UL>
<P><STRONG><a name="[62]"></a>HASH_RNG_IRQHandler</STRONG> (Thumb, 0 bytes, Stack size 0 bytes, startup_stm32f407xx.o(.text))
<BR>[Address Reference Count : 1]<UL><LI> startup_stm32f407xx.o(RESET)
</UL>
<P><STRONG><a name="[33]"></a>I2C1_ER_IRQHandler</STRONG> (Thumb, 0 bytes, Stack size 0 bytes, startup_stm32f407xx.o(.text))
<BR>[Address Reference Count : 1]<UL><LI> startup_stm32f407xx.o(RESET)
</UL>
<P><STRONG><a name="[32]"></a>I2C1_EV_IRQHandler</STRONG> (Thumb, 0 bytes, Stack size 0 bytes, startup_stm32f407xx.o(.text))
<BR>[Address Reference Count : 1]<UL><LI> startup_stm32f407xx.o(RESET)
</UL>
<P><STRONG><a name="[35]"></a>I2C2_ER_IRQHandler</STRONG> (Thumb, 0 bytes, Stack size 0 bytes, startup_stm32f407xx.o(.text))
<BR>[Address Reference Count : 1]<UL><LI> startup_stm32f407xx.o(RESET)
</UL>
<P><STRONG><a name="[34]"></a>I2C2_EV_IRQHandler</STRONG> (Thumb, 0 bytes, Stack size 0 bytes, startup_stm32f407xx.o(.text))
<BR>[Address Reference Count : 1]<UL><LI> startup_stm32f407xx.o(RESET)
</UL>
<P><STRONG><a name="[5c]"></a>I2C3_ER_IRQHandler</STRONG> (Thumb, 0 bytes, Stack size 0 bytes, startup_stm32f407xx.o(.text))
<BR>[Address Reference Count : 1]<UL><LI> startup_stm32f407xx.o(RESET)
</UL>
<P><STRONG><a name="[5b]"></a>I2C3_EV_IRQHandler</STRONG> (Thumb, 0 bytes, Stack size 0 bytes, startup_stm32f407xx.o(.text))
<BR>[Address Reference Count : 1]<UL><LI> startup_stm32f407xx.o(RESET)
</UL>
<P><STRONG><a name="[56]"></a>OTG_FS_IRQHandler</STRONG> (Thumb, 0 bytes, Stack size 0 bytes, startup_stm32f407xx.o(.text))
<BR>[Address Reference Count : 1]<UL><LI> startup_stm32f407xx.o(RESET)
</UL>
<P><STRONG><a name="[3d]"></a>OTG_FS_WKUP_IRQHandler</STRONG> (Thumb, 0 bytes, Stack size 0 bytes, startup_stm32f407xx.o(.text))
<BR>[Address Reference Count : 1]<UL><LI> startup_stm32f407xx.o(RESET)
</UL>
<P><STRONG><a name="[5e]"></a>OTG_HS_EP1_IN_IRQHandler</STRONG> (Thumb, 0 bytes, Stack size 0 bytes, startup_stm32f407xx.o(.text))
<BR>[Address Reference Count : 1]<UL><LI> startup_stm32f407xx.o(RESET)
</UL>
<P><STRONG><a name="[5d]"></a>OTG_HS_EP1_OUT_IRQHandler</STRONG> (Thumb, 0 bytes, Stack size 0 bytes, startup_stm32f407xx.o(.text))
<BR>[Address Reference Count : 1]<UL><LI> startup_stm32f407xx.o(RESET)
</UL>
<P><STRONG><a name="[60]"></a>OTG_HS_IRQHandler</STRONG> (Thumb, 0 bytes, Stack size 0 bytes, startup_stm32f407xx.o(.text))
<BR>[Address Reference Count : 1]<UL><LI> startup_stm32f407xx.o(RESET)
</UL>
<P><STRONG><a name="[5f]"></a>OTG_HS_WKUP_IRQHandler</STRONG> (Thumb, 0 bytes, Stack size 0 bytes, startup_stm32f407xx.o(.text))
<BR>[Address Reference Count : 1]<UL><LI> startup_stm32f407xx.o(RESET)
</UL>
<P><STRONG><a name="[14]"></a>PVD_IRQHandler</STRONG> (Thumb, 0 bytes, Stack size 0 bytes, startup_stm32f407xx.o(.text))
<BR>[Address Reference Count : 1]<UL><LI> startup_stm32f407xx.o(RESET)
</UL>
<P><STRONG><a name="[18]"></a>RCC_IRQHandler</STRONG> (Thumb, 0 bytes, Stack size 0 bytes, startup_stm32f407xx.o(.text))
<BR>[Address Reference Count : 1]<UL><LI> startup_stm32f407xx.o(RESET)
</UL>
<P><STRONG><a name="[3c]"></a>RTC_Alarm_IRQHandler</STRONG> (Thumb, 0 bytes, Stack size 0 bytes, startup_stm32f407xx.o(.text))
<BR>[Address Reference Count : 1]<UL><LI> startup_stm32f407xx.o(RESET)
</UL>
<P><STRONG><a name="[16]"></a>RTC_WKUP_IRQHandler</STRONG> (Thumb, 0 bytes, Stack size 0 bytes, startup_stm32f407xx.o(.text))
<BR>[Address Reference Count : 1]<UL><LI> startup_stm32f407xx.o(RESET)
</UL>
<P><STRONG><a name="[44]"></a>SDIO_IRQHandler</STRONG> (Thumb, 0 bytes, Stack size 0 bytes, startup_stm32f407xx.o(.text))
<BR>[Address Reference Count : 1]<UL><LI> startup_stm32f407xx.o(RESET)
</UL>
<P><STRONG><a name="[36]"></a>SPI1_IRQHandler</STRONG> (Thumb, 0 bytes, Stack size 0 bytes, startup_stm32f407xx.o(.text))
<BR>[Address Reference Count : 1]<UL><LI> startup_stm32f407xx.o(RESET)
</UL>
<P><STRONG><a name="[37]"></a>SPI2_IRQHandler</STRONG> (Thumb, 0 bytes, Stack size 0 bytes, startup_stm32f407xx.o(.text))
<BR>[Address Reference Count : 1]<UL><LI> startup_stm32f407xx.o(RESET)
</UL>
<P><STRONG><a name="[46]"></a>SPI3_IRQHandler</STRONG> (Thumb, 0 bytes, Stack size 0 bytes, startup_stm32f407xx.o(.text))
<BR>[Address Reference Count : 1]<UL><LI> startup_stm32f407xx.o(RESET)
</UL>
<P><STRONG><a name="[15]"></a>TAMP_STAMP_IRQHandler</STRONG> (Thumb, 0 bytes, Stack size 0 bytes, startup_stm32f407xx.o(.text))
<BR>[Address Reference Count : 1]<UL><LI> startup_stm32f407xx.o(RESET)
</UL>
<P><STRONG><a name="[2b]"></a>TIM1_BRK_TIM9_IRQHandler</STRONG> (Thumb, 0 bytes, Stack size 0 bytes, startup_stm32f407xx.o(.text))
<BR>[Address Reference Count : 1]<UL><LI> startup_stm32f407xx.o(RESET)
</UL>
<P><STRONG><a name="[2e]"></a>TIM1_CC_IRQHandler</STRONG> (Thumb, 0 bytes, Stack size 0 bytes, startup_stm32f407xx.o(.text))
<BR>[Address Reference Count : 1]<UL><LI> startup_stm32f407xx.o(RESET)
</UL>
<P><STRONG><a name="[2d]"></a>TIM1_TRG_COM_TIM11_IRQHandler</STRONG> (Thumb, 0 bytes, Stack size 0 bytes, startup_stm32f407xx.o(.text))
<BR>[Address Reference Count : 1]<UL><LI> startup_stm32f407xx.o(RESET)
</UL>
<P><STRONG><a name="[2c]"></a>TIM1_UP_TIM10_IRQHandler</STRONG> (Thumb, 0 bytes, Stack size 0 bytes, startup_stm32f407xx.o(.text))
<BR>[Address Reference Count : 1]<UL><LI> startup_stm32f407xx.o(RESET)
</UL>
<P><STRONG><a name="[2f]"></a>TIM2_IRQHandler</STRONG> (Thumb, 0 bytes, Stack size 0 bytes, startup_stm32f407xx.o(.text))
<BR>[Address Reference Count : 1]<UL><LI> startup_stm32f407xx.o(RESET)
</UL>
<P><STRONG><a name="[30]"></a>TIM3_IRQHandler</STRONG> (Thumb, 0 bytes, Stack size 0 bytes, startup_stm32f407xx.o(.text))
<BR>[Address Reference Count : 1]<UL><LI> startup_stm32f407xx.o(RESET)
</UL>
<P><STRONG><a name="[31]"></a>TIM4_IRQHandler</STRONG> (Thumb, 0 bytes, Stack size 0 bytes, startup_stm32f407xx.o(.text))
<BR>[Address Reference Count : 1]<UL><LI> startup_stm32f407xx.o(RESET)
</UL>
<P><STRONG><a name="[45]"></a>TIM5_IRQHandler</STRONG> (Thumb, 0 bytes, Stack size 0 bytes, startup_stm32f407xx.o(.text))
<BR>[Address Reference Count : 1]<UL><LI> startup_stm32f407xx.o(RESET)
</UL>
<P><STRONG><a name="[49]"></a>TIM6_DAC_IRQHandler</STRONG> (Thumb, 0 bytes, Stack size 0 bytes, startup_stm32f407xx.o(.text))
<BR>[Address Reference Count : 1]<UL><LI> startup_stm32f407xx.o(RESET)
</UL>
<P><STRONG><a name="[4a]"></a>TIM7_IRQHandler</STRONG> (Thumb, 0 bytes, Stack size 0 bytes, startup_stm32f407xx.o(.text))
<BR>[Address Reference Count : 1]<UL><LI> startup_stm32f407xx.o(RESET)
</UL>
<P><STRONG><a name="[3e]"></a>TIM8_BRK_TIM12_IRQHandler</STRONG> (Thumb, 0 bytes, Stack size 0 bytes, startup_stm32f407xx.o(.text))
<BR>[Address Reference Count : 1]<UL><LI> startup_stm32f407xx.o(RESET)
</UL>
<P><STRONG><a name="[41]"></a>TIM8_CC_IRQHandler</STRONG> (Thumb, 0 bytes, Stack size 0 bytes, startup_stm32f407xx.o(.text))
<BR>[Address Reference Count : 1]<UL><LI> startup_stm32f407xx.o(RESET)
</UL>
<P><STRONG><a name="[40]"></a>TIM8_TRG_COM_TIM14_IRQHandler</STRONG> (Thumb, 0 bytes, Stack size 0 bytes, startup_stm32f407xx.o(.text))
<BR>[Address Reference Count : 1]<UL><LI> startup_stm32f407xx.o(RESET)
</UL>
<P><STRONG><a name="[3f]"></a>TIM8_UP_TIM13_IRQHandler</STRONG> (Thumb, 0 bytes, Stack size 0 bytes, startup_stm32f407xx.o(.text))
<BR>[Address Reference Count : 1]<UL><LI> startup_stm32f407xx.o(RESET)
</UL>
<P><STRONG><a name="[47]"></a>UART4_IRQHandler</STRONG> (Thumb, 0 bytes, Stack size 0 bytes, startup_stm32f407xx.o(.text))
<BR>[Address Reference Count : 1]<UL><LI> startup_stm32f407xx.o(RESET)
</UL>
<P><STRONG><a name="[48]"></a>UART5_IRQHandler</STRONG> (Thumb, 0 bytes, Stack size 0 bytes, startup_stm32f407xx.o(.text))
<BR>[Address Reference Count : 1]<UL><LI> startup_stm32f407xx.o(RESET)
</UL>
<P><STRONG><a name="[39]"></a>USART2_IRQHandler</STRONG> (Thumb, 0 bytes, Stack size 0 bytes, startup_stm32f407xx.o(.text))
<BR>[Address Reference Count : 1]<UL><LI> startup_stm32f407xx.o(RESET)
</UL>
<P><STRONG><a name="[3a]"></a>USART3_IRQHandler</STRONG> (Thumb, 0 bytes, Stack size 0 bytes, startup_stm32f407xx.o(.text))
<BR>[Address Reference Count : 1]<UL><LI> startup_stm32f407xx.o(RESET)
</UL>
<P><STRONG><a name="[5a]"></a>USART6_IRQHandler</STRONG> (Thumb, 0 bytes, Stack size 0 bytes, startup_stm32f407xx.o(.text))
<BR>[Address Reference Count : 1]<UL><LI> startup_stm32f407xx.o(RESET)
</UL>
<P><STRONG><a name="[13]"></a>WWDG_IRQHandler</STRONG> (Thumb, 0 bytes, Stack size 0 bytes, startup_stm32f407xx.o(.text))
<BR>[Address Reference Count : 1]<UL><LI> startup_stm32f407xx.o(RESET)
</UL>
<P><STRONG><a name="[e6]"></a>__user_initial_stackheap</STRONG> (Thumb, 0 bytes, Stack size unknown bytes, startup_stm32f407xx.o(.text))
<BR><BR>[Called By]<UL><LI><a href="#[c7]">&gt;&gt;</a>&nbsp;&nbsp;&nbsp;__user_setup_stackheap
</UL>

<P><STRONG><a name="[27b]"></a>__semihosting$guard</STRONG> (Thumb, 0 bytes, Stack size 0 bytes, use_no_semi.o(.text), UNUSED)

<P><STRONG><a name="[27c]"></a>__use_no_semihosting_swi</STRONG> (Thumb, 2 bytes, Stack size 0 bytes, use_no_semi.o(.text), UNUSED)

<P><STRONG><a name="[d2]"></a>__rt_ctype_table</STRONG> (Thumb, 16 bytes, Stack size 8 bytes, rt_ctype_table.o(.text))
<BR><BR>[Stack]<UL><LI>Max Depth = 8<LI>Call Chain = __rt_ctype_table
</UL>
<BR>[Calls]<UL><LI><a href="#[c4]">&gt;&gt;</a>&nbsp;&nbsp;&nbsp;__rt_locale
</UL>
<BR>[Called By]<UL><LI><a href="#[17a]">&gt;&gt;</a>&nbsp;&nbsp;&nbsp;msh_isint
<LI><a href="#[db]">&gt;&gt;</a>&nbsp;&nbsp;&nbsp;strtol
<LI><a href="#[d3]">&gt;&gt;</a>&nbsp;&nbsp;&nbsp;toupper
</UL>

<P><STRONG><a name="[108]"></a>__aeabi_uldivmod</STRONG> (Thumb, 0 bytes, Stack size 48 bytes, lludivv7m.o(.text))
<BR><BR>[Stack]<UL><LI>Max Depth = 48<LI>Call Chain = __aeabi_uldivmod
</UL>
<BR>[Called By]<UL><LI><a href="#[1b1]">&gt;&gt;</a>&nbsp;&nbsp;&nbsp;drv_pwm_set_pulse
<LI><a href="#[1b0]">&gt;&gt;</a>&nbsp;&nbsp;&nbsp;drv_pwm_set_period
<LI><a href="#[1af]">&gt;&gt;</a>&nbsp;&nbsp;&nbsp;drv_pwm_set
<LI><a href="#[1b2]">&gt;&gt;</a>&nbsp;&nbsp;&nbsp;drv_pwm_get
<LI><a href="#[13d]">&gt;&gt;</a>&nbsp;&nbsp;&nbsp;UART_SetConfig
<LI><a href="#[104]">&gt;&gt;</a>&nbsp;&nbsp;&nbsp;HAL_RCC_GetSysClockFreq
</UL>

<P><STRONG><a name="[27d]"></a>_ll_udiv</STRONG> (Thumb, 238 bytes, Stack size 48 bytes, lludivv7m.o(.text), UNUSED)

<P><STRONG><a name="[d3]"></a>toupper</STRONG> (Thumb, 30 bytes, Stack size 8 bytes, toupper.o(.text))
<BR><BR>[Stack]<UL><LI>Max Depth = 16<LI>Call Chain = toupper &rArr; __rt_ctype_table
</UL>
<BR>[Calls]<UL><LI><a href="#[d2]">&gt;&gt;</a>&nbsp;&nbsp;&nbsp;__rt_ctype_table
</UL>
<BR>[Called By]<UL><LI><a href="#[176]">&gt;&gt;</a>&nbsp;&nbsp;&nbsp;_pin_cmd_conv
</UL>

<P><STRONG><a name="[d4]"></a>__2sprintf</STRONG> (Thumb, 34 bytes, Stack size 32 bytes, noretval__2sprintf.o(.text))
<BR><BR>[Stack]<UL><LI>Max Depth = 120 + Unknown Stack Size
<LI>Call Chain = __2sprintf &rArr; _printf_char_common &rArr; __printf
</UL>
<BR>[Calls]<UL><LI><a href="#[67]">&gt;&gt;</a>&nbsp;&nbsp;&nbsp;_sputc
<LI><a href="#[d5]">&gt;&gt;</a>&nbsp;&nbsp;&nbsp;_printf_char_common
</UL>
<BR>[Called By]<UL><LI><a href="#[88]">&gt;&gt;</a>&nbsp;&nbsp;&nbsp;screen_entry
</UL>

<P><STRONG><a name="[d6]"></a>__printf</STRONG> (Thumb, 104 bytes, Stack size 24 bytes, __printf.o(.text))
<BR><BR>[Stack]<UL><LI>Max Depth = 24 + Unknown Stack Size
<LI>Call Chain = __printf
</UL>
<BR>[Calls]<UL><LI><a href="#[d7]">&gt;&gt;</a>&nbsp;&nbsp;&nbsp;_printf_percent
</UL>
<BR>[Called By]<UL><LI><a href="#[d5]">&gt;&gt;</a>&nbsp;&nbsp;&nbsp;_printf_char_common
</UL>

<P><STRONG><a name="[df]"></a>_printf_str</STRONG> (Thumb, 82 bytes, Stack size 16 bytes, _printf_str.o(.text))
<BR><BR>[Stack]<UL><LI>Max Depth = 16<LI>Call Chain = _printf_str
</UL>
<BR>[Called By]<UL><LI><a href="#[de]">&gt;&gt;</a>&nbsp;&nbsp;&nbsp;_printf_cs_common
</UL>

<P><STRONG><a name="[be]"></a>_printf_int_dec</STRONG> (Thumb, 104 bytes, Stack size 24 bytes, _printf_dec.o(.text))
<BR><BR>[Stack]<UL><LI>Max Depth = 56<LI>Call Chain = _printf_int_dec &rArr; _printf_int_common
</UL>
<BR>[Calls]<UL><LI><a href="#[d8]">&gt;&gt;</a>&nbsp;&nbsp;&nbsp;_printf_int_common
</UL>
<BR>[Called By]<UL><LI><a href="#[bd]">&gt;&gt;</a>&nbsp;&nbsp;&nbsp;_printf_d
</UL>

<P><STRONG><a name="[d9]"></a>atoi</STRONG> (Thumb, 26 bytes, Stack size 16 bytes, atoi.o(.text))
<BR><BR>[Stack]<UL><LI>Max Depth = 88<LI>Call Chain = atoi &rArr; strtol &rArr; _strtoul
</UL>
<BR>[Calls]<UL><LI><a href="#[db]">&gt;&gt;</a>&nbsp;&nbsp;&nbsp;strtol
<LI><a href="#[da]">&gt;&gt;</a>&nbsp;&nbsp;&nbsp;__aeabi_errno_addr
</UL>
<BR>[Called By]<UL><LI><a href="#[a7]">&gt;&gt;</a>&nbsp;&nbsp;&nbsp;date
<LI><a href="#[a6]">&gt;&gt;</a>&nbsp;&nbsp;&nbsp;pwm
<LI><a href="#[175]">&gt;&gt;</a>&nbsp;&nbsp;&nbsp;_pin_cmd_write
<LI><a href="#[174]">&gt;&gt;</a>&nbsp;&nbsp;&nbsp;_pin_cmd_read
<LI><a href="#[173]">&gt;&gt;</a>&nbsp;&nbsp;&nbsp;_pin_cmd_mode
<LI><a href="#[a8]">&gt;&gt;</a>&nbsp;&nbsp;&nbsp;lcd_fill_test
</UL>

<P><STRONG><a name="[178]"></a>strncat</STRONG> (Thumb, 36 bytes, Stack size 8 bytes, strncat.o(.text))
<BR><BR>[Stack]<UL><LI>Max Depth = 8<LI>Call Chain = strncat
</UL>
<BR>[Called By]<UL><LI><a href="#[176]">&gt;&gt;</a>&nbsp;&nbsp;&nbsp;_pin_cmd_conv
</UL>

<P><STRONG><a name="[248]"></a>memcmp</STRONG> (Thumb, 88 bytes, Stack size 8 bytes, memcmp.o(.text))
<BR><BR>[Stack]<UL><LI>Max Depth = 8<LI>Call Chain = memcmp
</UL>
<BR>[Called By]<UL><LI><a href="#[1ca]">&gt;&gt;</a>&nbsp;&nbsp;&nbsp;shell_push_history
</UL>

<P><STRONG><a name="[1b5]"></a>strcpy</STRONG> (Thumb, 72 bytes, Stack size 12 bytes, strcpy.o(.text))
<BR><BR>[Stack]<UL><LI>Max Depth = 12<LI>Call Chain = strcpy
</UL>
<BR>[Called By]<UL><LI><a href="#[1b4]">&gt;&gt;</a>&nbsp;&nbsp;&nbsp;finsh_get_prompt
</UL>

<P><STRONG><a name="[1c6]"></a>strlen</STRONG> (Thumb, 62 bytes, Stack size 8 bytes, strlen.o(.text))
<BR><BR>[Stack]<UL><LI>Max Depth = 8<LI>Call Chain = strlen
</UL>
<BR>[Called By]<UL><LI><a href="#[74]">&gt;&gt;</a>&nbsp;&nbsp;&nbsp;finsh_thread_entry
<LI><a href="#[1ec]">&gt;&gt;</a>&nbsp;&nbsp;&nbsp;msh_auto_complete
</UL>

<P><STRONG><a name="[1ed]"></a>strncmp</STRONG> (Thumb, 150 bytes, Stack size 16 bytes, strncmp.o(.text))
<BR><BR>[Stack]<UL><LI>Max Depth = 16<LI>Call Chain = strncmp
</UL>
<BR>[Called By]<UL><LI><a href="#[1ec]">&gt;&gt;</a>&nbsp;&nbsp;&nbsp;msh_auto_complete
<LI><a href="#[16d]">&gt;&gt;</a>&nbsp;&nbsp;&nbsp;msh_get_cmd
</UL>

<P><STRONG><a name="[1b6]"></a>strcat</STRONG> (Thumb, 24 bytes, Stack size 0 bytes, strcat.o(.text))
<BR><BR>[Called By]<UL><LI><a href="#[1b4]">&gt;&gt;</a>&nbsp;&nbsp;&nbsp;finsh_get_prompt
</UL>

<P><STRONG><a name="[f5]"></a>__aeabi_memclr4</STRONG> (Thumb, 0 bytes, Stack size 4 bytes, rt_memclr_w.o(.text))
<BR><BR>[Stack]<UL><LI>Max Depth = 4<LI>Call Chain = __aeabi_memclr4
</UL>
<BR>[Called By]<UL><LI><a href="#[13c]">&gt;&gt;</a>&nbsp;&nbsp;&nbsp;HAL_UART_MspInit
<LI><a href="#[125]">&gt;&gt;</a>&nbsp;&nbsp;&nbsp;HAL_TIM_MspPostInit
<LI><a href="#[f4]">&gt;&gt;</a>&nbsp;&nbsp;&nbsp;HAL_FSMC_MspInit
<LI><a href="#[a7]">&gt;&gt;</a>&nbsp;&nbsp;&nbsp;date
<LI><a href="#[90]">&gt;&gt;</a>&nbsp;&nbsp;&nbsp;stm32_rtc_init
<LI><a href="#[95]">&gt;&gt;</a>&nbsp;&nbsp;&nbsp;stm32_rtc_get_timeval
<LI><a href="#[246]">&gt;&gt;</a>&nbsp;&nbsp;&nbsp;set_rtc_time_stamp
<LI><a href="#[24b]">&gt;&gt;</a>&nbsp;&nbsp;&nbsp;stm32_hw_pwm_init
<LI><a href="#[1f0]">&gt;&gt;</a>&nbsp;&nbsp;&nbsp;pclkx_doubler_get
<LI><a href="#[71]">&gt;&gt;</a>&nbsp;&nbsp;&nbsp;drv_lcd_init
<LI><a href="#[9e]">&gt;&gt;</a>&nbsp;&nbsp;&nbsp;drv_lcd_hw_init
<LI><a href="#[156]">&gt;&gt;</a>&nbsp;&nbsp;&nbsp;SystemClock_Config
<LI><a href="#[1dd]">&gt;&gt;</a>&nbsp;&nbsp;&nbsp;lcd_show_string
</UL>

<P><STRONG><a name="[27e]"></a>__aeabi_memclr8</STRONG> (Thumb, 0 bytes, Stack size 4 bytes, rt_memclr_w.o(.text), UNUSED)

<P><STRONG><a name="[27f]"></a>__rt_memclr_w</STRONG> (Thumb, 78 bytes, Stack size 4 bytes, rt_memclr_w.o(.text), UNUSED)

<P><STRONG><a name="[e3]"></a>_memset_w</STRONG> (Thumb, 0 bytes, Stack size unknown bytes, rt_memclr_w.o(.text), UNUSED)
<BR><BR>[Called By]<UL><LI><a href="#[e2]">&gt;&gt;</a>&nbsp;&nbsp;&nbsp;__rt_memclr
</UL>

<P><STRONG><a name="[dc]"></a>strncpy</STRONG> (Thumb, 86 bytes, Stack size 8 bytes, strncpy.o(.text))
<BR><BR>[Stack]<UL><LI>Max Depth = 8<LI>Call Chain = strncpy
</UL>
<BR>[Calls]<UL><LI><a href="#[dd]">&gt;&gt;</a>&nbsp;&nbsp;&nbsp;__aeabi_memclr
</UL>
<BR>[Called By]<UL><LI><a href="#[1b4]">&gt;&gt;</a>&nbsp;&nbsp;&nbsp;finsh_get_prompt
</UL>

<P><STRONG><a name="[1a2]"></a>strcmp</STRONG> (Thumb, 128 bytes, Stack size 0 bytes, strcmpv7m.o(.text))
<BR><BR>[Called By]<UL><LI><a href="#[a6]">&gt;&gt;</a>&nbsp;&nbsp;&nbsp;pwm
<LI><a href="#[b8]">&gt;&gt;</a>&nbsp;&nbsp;&nbsp;cmd_list
<LI><a href="#[66]">&gt;&gt;</a>&nbsp;&nbsp;&nbsp;_get_lc_ctype
</UL>

<P><STRONG><a name="[280]"></a>__use_two_region_memory</STRONG> (Thumb, 2 bytes, Stack size 0 bytes, heapauxi.o(.text), UNUSED)

<P><STRONG><a name="[281]"></a>__rt_heap_escrow$2region</STRONG> (Thumb, 2 bytes, Stack size 0 bytes, heapauxi.o(.text), UNUSED)

<P><STRONG><a name="[282]"></a>__rt_heap_expand$2region</STRONG> (Thumb, 2 bytes, Stack size 0 bytes, heapauxi.o(.text), UNUSED)

<P><STRONG><a name="[c4]"></a>__rt_locale</STRONG> (Thumb, 8 bytes, Stack size 0 bytes, rt_locale_intlibspace.o(.text))
<BR><BR>[Called By]<UL><LI><a href="#[c3]">&gt;&gt;</a>&nbsp;&nbsp;&nbsp;__rt_lib_init_lc_common
<LI><a href="#[d2]">&gt;&gt;</a>&nbsp;&nbsp;&nbsp;__rt_ctype_table
</UL>

<P><STRONG><a name="[da]"></a>__aeabi_errno_addr</STRONG> (Thumb, 8 bytes, Stack size 0 bytes, rt_errno_addr_intlibspace.o(.text))
<BR><BR>[Called By]<UL><LI><a href="#[e1]">&gt;&gt;</a>&nbsp;&nbsp;&nbsp;_strtoul
<LI><a href="#[db]">&gt;&gt;</a>&nbsp;&nbsp;&nbsp;strtol
<LI><a href="#[d9]">&gt;&gt;</a>&nbsp;&nbsp;&nbsp;atoi
</UL>

<P><STRONG><a name="[283]"></a>__errno$intlibspace</STRONG> (Thumb, 0 bytes, Stack size 0 bytes, rt_errno_addr_intlibspace.o(.text), UNUSED)

<P><STRONG><a name="[284]"></a>__rt_errno_addr$intlibspace</STRONG> (Thumb, 0 bytes, Stack size 0 bytes, rt_errno_addr_intlibspace.o(.text), UNUSED)

<P><STRONG><a name="[d8]"></a>_printf_int_common</STRONG> (Thumb, 178 bytes, Stack size 32 bytes, _printf_intcommon.o(.text))
<BR><BR>[Stack]<UL><LI>Max Depth = 32<LI>Call Chain = _printf_int_common
</UL>
<BR>[Called By]<UL><LI><a href="#[be]">&gt;&gt;</a>&nbsp;&nbsp;&nbsp;_printf_int_dec
</UL>

<P><STRONG><a name="[d5]"></a>_printf_char_common</STRONG> (Thumb, 32 bytes, Stack size 64 bytes, _printf_char_common.o(.text))
<BR><BR>[Stack]<UL><LI>Max Depth = 88 + Unknown Stack Size
<LI>Call Chain = _printf_char_common &rArr; __printf
</UL>
<BR>[Calls]<UL><LI><a href="#[d6]">&gt;&gt;</a>&nbsp;&nbsp;&nbsp;__printf
</UL>
<BR>[Called By]<UL><LI><a href="#[d4]">&gt;&gt;</a>&nbsp;&nbsp;&nbsp;__2sprintf
</UL>

<P><STRONG><a name="[67]"></a>_sputc</STRONG> (Thumb, 10 bytes, Stack size 0 bytes, _sputc.o(.text))
<BR><BR>[Called By]<UL><LI><a href="#[d4]">&gt;&gt;</a>&nbsp;&nbsp;&nbsp;__2sprintf
</UL>
<BR>[Address Reference Count : 1]<UL><LI> noretval__2sprintf.o(.text)
</UL>
<P><STRONG><a name="[de]"></a>_printf_cs_common</STRONG> (Thumb, 20 bytes, Stack size 8 bytes, _printf_char.o(.text))
<BR><BR>[Stack]<UL><LI>Max Depth = 24<LI>Call Chain = _printf_cs_common &rArr; _printf_str
</UL>
<BR>[Calls]<UL><LI><a href="#[df]">&gt;&gt;</a>&nbsp;&nbsp;&nbsp;_printf_str
</UL>
<BR>[Called By]<UL><LI><a href="#[c0]">&gt;&gt;</a>&nbsp;&nbsp;&nbsp;_printf_string
<LI><a href="#[e0]">&gt;&gt;</a>&nbsp;&nbsp;&nbsp;_printf_char
</UL>

<P><STRONG><a name="[e0]"></a>_printf_char</STRONG> (Thumb, 16 bytes, Stack size 0 bytes, _printf_char.o(.text), UNUSED)
<BR><BR>[Calls]<UL><LI><a href="#[de]">&gt;&gt;</a>&nbsp;&nbsp;&nbsp;_printf_cs_common
</UL>

<P><STRONG><a name="[c0]"></a>_printf_string</STRONG> (Thumb, 8 bytes, Stack size 0 bytes, _printf_char.o(.text))
<BR><BR>[Stack]<UL><LI>Max Depth = 24<LI>Call Chain = _printf_string &rArr; _printf_cs_common &rArr; _printf_str
</UL>
<BR>[Calls]<UL><LI><a href="#[de]">&gt;&gt;</a>&nbsp;&nbsp;&nbsp;_printf_cs_common
</UL>
<BR>[Called By]<UL><LI><a href="#[bf]">&gt;&gt;</a>&nbsp;&nbsp;&nbsp;_printf_s
</UL>

<P><STRONG><a name="[db]"></a>strtol</STRONG> (Thumb, 112 bytes, Stack size 32 bytes, strtol.o(.text))
<BR><BR>[Stack]<UL><LI>Max Depth = 72<LI>Call Chain = strtol &rArr; _strtoul
</UL>
<BR>[Calls]<UL><LI><a href="#[e1]">&gt;&gt;</a>&nbsp;&nbsp;&nbsp;_strtoul
<LI><a href="#[da]">&gt;&gt;</a>&nbsp;&nbsp;&nbsp;__aeabi_errno_addr
<LI><a href="#[d2]">&gt;&gt;</a>&nbsp;&nbsp;&nbsp;__rt_ctype_table
</UL>
<BR>[Called By]<UL><LI><a href="#[d9]">&gt;&gt;</a>&nbsp;&nbsp;&nbsp;atoi
</UL>

<P><STRONG><a name="[dd]"></a>__aeabi_memclr</STRONG> (Thumb, 0 bytes, Stack size 0 bytes, rt_memclr.o(.text))
<BR><BR>[Called By]<UL><LI><a href="#[dc]">&gt;&gt;</a>&nbsp;&nbsp;&nbsp;strncpy
</UL>

<P><STRONG><a name="[e2]"></a>__rt_memclr</STRONG> (Thumb, 68 bytes, Stack size 0 bytes, rt_memclr.o(.text), UNUSED)
<BR><BR>[Calls]<UL><LI><a href="#[e3]">&gt;&gt;</a>&nbsp;&nbsp;&nbsp;_memset_w
</UL>

<P><STRONG><a name="[285]"></a>_memset</STRONG> (Thumb, 0 bytes, Stack size unknown bytes, rt_memclr.o(.text), UNUSED)

<P><STRONG><a name="[286]"></a>__user_libspace</STRONG> (Thumb, 8 bytes, Stack size 0 bytes, libspace.o(.text), UNUSED)

<P><STRONG><a name="[e5]"></a>__user_perproc_libspace</STRONG> (Thumb, 0 bytes, Stack size 0 bytes, libspace.o(.text))
<BR><BR>[Called By]<UL><LI><a href="#[c7]">&gt;&gt;</a>&nbsp;&nbsp;&nbsp;__user_setup_stackheap
</UL>

<P><STRONG><a name="[287]"></a>__user_perthread_libspace</STRONG> (Thumb, 0 bytes, Stack size 0 bytes, libspace.o(.text), UNUSED)

<P><STRONG><a name="[e1]"></a>_strtoul</STRONG> (Thumb, 158 bytes, Stack size 40 bytes, _strtoul.o(.text))
<BR><BR>[Stack]<UL><LI>Max Depth = 40<LI>Call Chain = _strtoul
</UL>
<BR>[Calls]<UL><LI><a href="#[e4]">&gt;&gt;</a>&nbsp;&nbsp;&nbsp;_chval
<LI><a href="#[da]">&gt;&gt;</a>&nbsp;&nbsp;&nbsp;__aeabi_errno_addr
</UL>
<BR>[Called By]<UL><LI><a href="#[db]">&gt;&gt;</a>&nbsp;&nbsp;&nbsp;strtol
</UL>

<P><STRONG><a name="[c7]"></a>__user_setup_stackheap</STRONG> (Thumb, 74 bytes, Stack size 8 bytes, sys_stackheap_outer.o(.text))
<BR><BR>[Stack]<UL><LI>Max Depth = 8 + Unknown Stack Size
<LI>Call Chain = __user_setup_stackheap
</UL>
<BR>[Calls]<UL><LI><a href="#[e6]">&gt;&gt;</a>&nbsp;&nbsp;&nbsp;__user_initial_stackheap
<LI><a href="#[e5]">&gt;&gt;</a>&nbsp;&nbsp;&nbsp;__user_perproc_libspace
</UL>
<BR>[Called By]<UL><LI><a href="#[c6]">&gt;&gt;</a>&nbsp;&nbsp;&nbsp;__rt_entry_sh
</UL>

<P><STRONG><a name="[e4]"></a>_chval</STRONG> (Thumb, 28 bytes, Stack size 0 bytes, _chval.o(.text))
<BR><BR>[Called By]<UL><LI><a href="#[e1]">&gt;&gt;</a>&nbsp;&nbsp;&nbsp;_strtoul
</UL>

<P><STRONG><a name="[cc]"></a>exit</STRONG> (Thumb, 18 bytes, Stack size 8 bytes, exit.o(.text))
<BR><BR>[Stack]<UL><LI>Max Depth = 8 + Unknown Stack Size
<LI>Call Chain = exit
</UL>
<BR>[Calls]<UL><LI><a href="#[e7]">&gt;&gt;</a>&nbsp;&nbsp;&nbsp;__rt_exit
</UL>
<BR>[Called By]<UL><LI><a href="#[ca]">&gt;&gt;</a>&nbsp;&nbsp;&nbsp;__rt_entry_main
</UL>

<P><STRONG><a name="[cb]"></a>main</STRONG> (Thumb, 10 bytes, Stack size 8 bytes, components.o(i.$Sub$$main))
<BR><BR>[Stack]<UL><LI>Max Depth = 444<LI>Call Chain = main &rArr; rtthread_startup &rArr; rt_thread_idle_init &rArr; rt_thread_init &rArr; _thread_init &rArr; rt_timer_init &rArr; rt_object_init &rArr; rt_exit_critical &rArr; rt_schedule &rArr; _scheduler_stack_check &rArr; rt_kprintf &rArr; rt_vsnprintf &rArr; print_number
</UL>
<BR>[Calls]<UL><LI><a href="#[e8]">&gt;&gt;</a>&nbsp;&nbsp;&nbsp;rtthread_startup
</UL>
<BR>[Called By]<UL><LI><a href="#[ca]">&gt;&gt;</a>&nbsp;&nbsp;&nbsp;__rt_entry_main
</UL>

<P><STRONG><a name="[19]"></a>EXTI0_IRQHandler</STRONG> (Thumb, 18 bytes, Stack size 8 bytes, drv_gpio.o(i.EXTI0_IRQHandler))
<BR><BR>[Stack]<UL><LI>Max Depth = 32<LI>Call Chain = EXTI0_IRQHandler &rArr; HAL_GPIO_EXTI_IRQHandler &rArr; HAL_GPIO_EXTI_Callback
</UL>
<BR>[Calls]<UL><LI><a href="#[ea]">&gt;&gt;</a>&nbsp;&nbsp;&nbsp;HAL_GPIO_EXTI_IRQHandler
<LI><a href="#[eb]">&gt;&gt;</a>&nbsp;&nbsp;&nbsp;rt_interrupt_leave
<LI><a href="#[e9]">&gt;&gt;</a>&nbsp;&nbsp;&nbsp;rt_interrupt_enter
</UL>
<BR>[Address Reference Count : 1]<UL><LI> startup_stm32f407xx.o(RESET)
</UL>
<P><STRONG><a name="[3b]"></a>EXTI15_10_IRQHandler</STRONG> (Thumb, 60 bytes, Stack size 8 bytes, drv_gpio.o(i.EXTI15_10_IRQHandler))
<BR><BR>[Stack]<UL><LI>Max Depth = 32<LI>Call Chain = EXTI15_10_IRQHandler &rArr; HAL_GPIO_EXTI_IRQHandler &rArr; HAL_GPIO_EXTI_Callback
</UL>
<BR>[Calls]<UL><LI><a href="#[ea]">&gt;&gt;</a>&nbsp;&nbsp;&nbsp;HAL_GPIO_EXTI_IRQHandler
<LI><a href="#[eb]">&gt;&gt;</a>&nbsp;&nbsp;&nbsp;rt_interrupt_leave
<LI><a href="#[e9]">&gt;&gt;</a>&nbsp;&nbsp;&nbsp;rt_interrupt_enter
</UL>
<BR>[Address Reference Count : 1]<UL><LI> startup_stm32f407xx.o(RESET)
</UL>
<P><STRONG><a name="[1a]"></a>EXTI1_IRQHandler</STRONG> (Thumb, 18 bytes, Stack size 8 bytes, drv_gpio.o(i.EXTI1_IRQHandler))
<BR><BR>[Stack]<UL><LI>Max Depth = 32<LI>Call Chain = EXTI1_IRQHandler &rArr; HAL_GPIO_EXTI_IRQHandler &rArr; HAL_GPIO_EXTI_Callback
</UL>
<BR>[Calls]<UL><LI><a href="#[ea]">&gt;&gt;</a>&nbsp;&nbsp;&nbsp;HAL_GPIO_EXTI_IRQHandler
<LI><a href="#[eb]">&gt;&gt;</a>&nbsp;&nbsp;&nbsp;rt_interrupt_leave
<LI><a href="#[e9]">&gt;&gt;</a>&nbsp;&nbsp;&nbsp;rt_interrupt_enter
</UL>
<BR>[Address Reference Count : 1]<UL><LI> startup_stm32f407xx.o(RESET)
</UL>
<P><STRONG><a name="[1b]"></a>EXTI2_IRQHandler</STRONG> (Thumb, 18 bytes, Stack size 8 bytes, drv_gpio.o(i.EXTI2_IRQHandler))
<BR><BR>[Stack]<UL><LI>Max Depth = 32<LI>Call Chain = EXTI2_IRQHandler &rArr; HAL_GPIO_EXTI_IRQHandler &rArr; HAL_GPIO_EXTI_Callback
</UL>
[...]
<BR><BR>[Called By]<UL><LI><a href="#[167]">&gt;&gt;</a>&nbsp;&nbsp;&nbsp;_ipc_list_suspend
</UL>

<P><STRONG><a name="[225]"></a>rt_list_isempty</STRONG> (Thumb, 16 bytes, Stack size 0 bytes, ipc.o(i.rt_list_isempty))
<BR><BR>[Called By]<UL><LI><a href="#[1ba]">&gt;&gt;</a>&nbsp;&nbsp;&nbsp;rt_sem_release
<LI><a href="#[164]">&gt;&gt;</a>&nbsp;&nbsp;&nbsp;rt_mutex_release
</UL>

<P><STRONG><a name="[161]"></a>_heap_lock</STRONG> (Thumb, 24 bytes, Stack size 8 bytes, kservice.o(i._heap_lock))
<BR><BR>[Stack]<UL><LI>Max Depth = 300<LI>Call Chain = _heap_lock &rArr; rt_mutex_take &rArr; rt_thread_control &rArr; rt_thread_startup &rArr; rt_schedule &rArr; _scheduler_stack_check &rArr; rt_kprintf &rArr; rt_vsnprintf &rArr; print_number
</UL>
<BR>[Calls]<UL><LI><a href="#[15c]">&gt;&gt;</a>&nbsp;&nbsp;&nbsp;rt_thread_self
<LI><a href="#[162]">&gt;&gt;</a>&nbsp;&nbsp;&nbsp;rt_mutex_take
</UL>
<BR>[Called By]<UL><LI><a href="#[1da]">&gt;&gt;</a>&nbsp;&nbsp;&nbsp;rt_malloc
<LI><a href="#[1dc]">&gt;&gt;</a>&nbsp;&nbsp;&nbsp;rt_free
<LI><a href="#[1a1]">&gt;&gt;</a>&nbsp;&nbsp;&nbsp;rt_memory_info
</UL>

<P><STRONG><a name="[163]"></a>_heap_unlock</STRONG> (Thumb, 32 bytes, Stack size 8 bytes, kservice.o(i._heap_unlock))
<BR><BR>[Stack]<UL><LI>Max Depth = 292<LI>Call Chain = _heap_unlock &rArr; rt_mutex_release &rArr; rt_thread_control &rArr; rt_thread_startup &rArr; rt_schedule &rArr; _scheduler_stack_check &rArr; rt_kprintf &rArr; rt_vsnprintf &rArr; print_number
</UL>
<BR>[Calls]<UL><LI><a href="#[15c]">&gt;&gt;</a>&nbsp;&nbsp;&nbsp;rt_thread_self
<LI><a href="#[164]">&gt;&gt;</a>&nbsp;&nbsp;&nbsp;rt_mutex_release
<LI><a href="#[133]">&gt;&gt;</a>&nbsp;&nbsp;&nbsp;rt_assert_handler
</UL>
<BR>[Called By]<UL><LI><a href="#[1da]">&gt;&gt;</a>&nbsp;&nbsp;&nbsp;rt_malloc
<LI><a href="#[1dc]">&gt;&gt;</a>&nbsp;&nbsp;&nbsp;rt_free
<LI><a href="#[1a1]">&gt;&gt;</a>&nbsp;&nbsp;&nbsp;rt_memory_info
</UL>

<P><STRONG><a name="[241]"></a>print_number</STRONG> (Thumb, 400 bytes, Stack size 60 bytes, kservice.o(i.print_number))
<BR><BR>[Stack]<UL><LI>Max Depth = 60<LI>Call Chain = print_number
</UL>
<BR>[Called By]<UL><LI><a href="#[1de]">&gt;&gt;</a>&nbsp;&nbsp;&nbsp;rt_vsnprintf
</UL>

<P><STRONG><a name="[240]"></a>skip_atoi</STRONG> (Thumb, 38 bytes, Stack size 0 bytes, kservice.o(i.skip_atoi))
<BR><BR>[Called By]<UL><LI><a href="#[1de]">&gt;&gt;</a>&nbsp;&nbsp;&nbsp;rt_vsnprintf
</UL>

<P><STRONG><a name="[1f2]"></a>plug_holes</STRONG> (Thumb, 142 bytes, Stack size 24 bytes, mem.o(i.plug_holes))
<BR><BR>[Stack]<UL><LI>Max Depth = 48<LI>Call Chain = plug_holes &rArr; rt_assert_handler &rArr;  rt_kprintf (Cycle)
</UL>
<BR>[Calls]<UL><LI><a href="#[133]">&gt;&gt;</a>&nbsp;&nbsp;&nbsp;rt_assert_handler
</UL>
<BR>[Called By]<UL><LI><a href="#[219]">&gt;&gt;</a>&nbsp;&nbsp;&nbsp;rt_smem_free
</UL>

<P><STRONG><a name="[227]"></a>rt_list_insert_after</STRONG> (Thumb, 14 bytes, Stack size 0 bytes, object.o(i.rt_list_insert_after))
<BR><BR>[Called By]<UL><LI><a href="#[226]">&gt;&gt;</a>&nbsp;&nbsp;&nbsp;rt_object_allocate
<LI><a href="#[216]">&gt;&gt;</a>&nbsp;&nbsp;&nbsp;rt_object_init
</UL>

<P><STRONG><a name="[228]"></a>rt_list_remove</STRONG> (Thumb, 18 bytes, Stack size 0 bytes, object.o(i.rt_list_remove))
<BR><BR>[Called By]<UL><LI><a href="#[212]">&gt;&gt;</a>&nbsp;&nbsp;&nbsp;rt_object_delete
<LI><a href="#[211]">&gt;&gt;</a>&nbsp;&nbsp;&nbsp;rt_object_detach
</UL>

<P><STRONG><a name="[17e]"></a>_scheduler_get_highest_priority_thread</STRONG> (Thumb, 30 bytes, Stack size 16 bytes, scheduler.o(i._scheduler_get_highest_priority_thread))
<BR><BR>[Stack]<UL><LI>Max Depth = 16<LI>Call Chain = _scheduler_get_highest_priority_thread
</UL>
<BR>[Calls]<UL><LI><a href="#[17f]">&gt;&gt;</a>&nbsp;&nbsp;&nbsp;__rt_ffs
</UL>
<BR>[Called By]<UL><LI><a href="#[192]">&gt;&gt;</a>&nbsp;&nbsp;&nbsp;rt_schedule
<LI><a href="#[233]">&gt;&gt;</a>&nbsp;&nbsp;&nbsp;rt_system_scheduler_start
</UL>

<P><STRONG><a name="[180]"></a>_scheduler_stack_check</STRONG> (Thumb, 86 bytes, Stack size 16 bytes, scheduler.o(i._scheduler_stack_check))
<BR><BR>[Stack]<UL><LI>Max Depth = 196<LI>Call Chain = _scheduler_stack_check &rArr; rt_kprintf &rArr; rt_vsnprintf &rArr; print_number
</UL>
<BR>[Calls]<UL><LI><a href="#[14c]">&gt;&gt;</a>&nbsp;&nbsp;&nbsp;rt_kprintf
<LI><a href="#[133]">&gt;&gt;</a>&nbsp;&nbsp;&nbsp;rt_assert_handler
<LI><a href="#[15e]">&gt;&gt;</a>&nbsp;&nbsp;&nbsp;rt_hw_interrupt_disable
</UL>
<BR>[Called By]<UL><LI><a href="#[192]">&gt;&gt;</a>&nbsp;&nbsp;&nbsp;rt_schedule
</UL>

<P><STRONG><a name="[6f]"></a>_thread_exit</STRONG> (Thumb, 52 bytes, Stack size 16 bytes, thread.o(i._thread_exit))
<BR><BR>[Stack]<UL><LI>Max Depth = 236<LI>Call Chain = _thread_exit &rArr; rt_schedule &rArr; _scheduler_stack_check &rArr; rt_kprintf &rArr; rt_vsnprintf &rArr; print_number
</UL>
<BR>[Calls]<UL><LI><a href="#[190]">&gt;&gt;</a>&nbsp;&nbsp;&nbsp;rt_timer_detach
<LI><a href="#[15c]">&gt;&gt;</a>&nbsp;&nbsp;&nbsp;rt_thread_self
<LI><a href="#[192]">&gt;&gt;</a>&nbsp;&nbsp;&nbsp;rt_schedule
<LI><a href="#[15f]">&gt;&gt;</a>&nbsp;&nbsp;&nbsp;rt_hw_interrupt_enable
<LI><a href="#[15e]">&gt;&gt;</a>&nbsp;&nbsp;&nbsp;rt_hw_interrupt_disable
<LI><a href="#[18f]">&gt;&gt;</a>&nbsp;&nbsp;&nbsp;rt_schedule_remove_thread
<LI><a href="#[191]">&gt;&gt;</a>&nbsp;&nbsp;&nbsp;rt_thread_defunct_enqueue
</UL>
<BR>[Address Reference Count : 1]<UL><LI> thread.o(i._thread_init)
</UL>
<P><STRONG><a name="[193]"></a>_thread_init</STRONG> (Thumb, 158 bytes, Stack size 48 bytes, thread.o(i._thread_init))
<BR><BR>[Stack]<UL><LI>Max Depth = 340<LI>Call Chain = _thread_init &rArr; rt_timer_init &rArr; rt_object_init &rArr; rt_exit_critical &rArr; rt_schedule &rArr; _scheduler_stack_check &rArr; rt_kprintf &rArr; rt_vsnprintf &rArr; print_number
</UL>
<BR>[Calls]<UL><LI><a href="#[195]">&gt;&gt;</a>&nbsp;&nbsp;&nbsp;rt_timer_init
<LI><a href="#[16e]">&gt;&gt;</a>&nbsp;&nbsp;&nbsp;rt_memset
<LI><a href="#[194]">&gt;&gt;</a>&nbsp;&nbsp;&nbsp;rt_hw_stack_init
<LI><a href="#[133]">&gt;&gt;</a>&nbsp;&nbsp;&nbsp;rt_assert_handler
</UL>
<BR>[Called By]<UL><LI><a href="#[1c2]">&gt;&gt;</a>&nbsp;&nbsp;&nbsp;rt_thread_create
<LI><a href="#[239]">&gt;&gt;</a>&nbsp;&nbsp;&nbsp;rt_thread_init
</UL>

<P><STRONG><a name="[70]"></a>_thread_timeout</STRONG> (Thumb, 98 bytes, Stack size 16 bytes, thread.o(i._thread_timeout))
<BR><BR>[Stack]<UL><LI>Max Depth = 236<LI>Call Chain = _thread_timeout &rArr; rt_schedule &rArr; _scheduler_stack_check &rArr; rt_kprintf &rArr; rt_vsnprintf &rArr; print_number
</UL>
<BR>[Calls]<UL><LI><a href="#[192]">&gt;&gt;</a>&nbsp;&nbsp;&nbsp;rt_schedule
<LI><a href="#[133]">&gt;&gt;</a>&nbsp;&nbsp;&nbsp;rt_assert_handler
<LI><a href="#[15f]">&gt;&gt;</a>&nbsp;&nbsp;&nbsp;rt_hw_interrupt_enable
<LI><a href="#[15e]">&gt;&gt;</a>&nbsp;&nbsp;&nbsp;rt_hw_interrupt_disable
<LI><a href="#[197]">&gt;&gt;</a>&nbsp;&nbsp;&nbsp;rt_list_remove
<LI><a href="#[198]">&gt;&gt;</a>&nbsp;&nbsp;&nbsp;rt_schedule_insert_thread
<LI><a href="#[196]">&gt;&gt;</a>&nbsp;&nbsp;&nbsp;rt_object_get_type
</UL>
<BR>[Address Reference Count : 1]<UL><LI> thread.o(i._thread_init)
</UL>
<P><STRONG><a name="[197]"></a>rt_list_remove</STRONG> (Thumb, 18 bytes, Stack size 0 bytes, thread.o(i.rt_list_remove))
<BR><BR>[Called By]<UL><LI><a href="#[166]">&gt;&gt;</a>&nbsp;&nbsp;&nbsp;rt_thread_resume
<LI><a href="#[70]">&gt;&gt;</a>&nbsp;&nbsp;&nbsp;_thread_timeout
</UL>

<P><STRONG><a name="[199]"></a>_timer_init</STRONG> (Thumb, 66 bytes, Stack size 32 bytes, timer.o(i._timer_init))
<BR><BR>[Stack]<UL><LI>Max Depth = 32<LI>Call Chain = _timer_init
</UL>
<BR>[Calls]<UL><LI><a href="#[19a]">&gt;&gt;</a>&nbsp;&nbsp;&nbsp;rt_list_init
</UL>
<BR>[Called By]<UL><LI><a href="#[195]">&gt;&gt;</a>&nbsp;&nbsp;&nbsp;rt_timer_init
</UL>

<P><STRONG><a name="[19b]"></a>_timer_remove</STRONG> (Thumb, 28 bytes, Stack size 16 bytes, timer.o(i._timer_remove))
<BR><BR>[Stack]<UL><LI>Max Depth = 16<LI>Call Chain = _timer_remove
</UL>
<BR>[Calls]<UL><LI><a href="#[19c]">&gt;&gt;</a>&nbsp;&nbsp;&nbsp;rt_list_remove
</UL>
<BR>[Called By]<UL><LI><a href="#[23c]">&gt;&gt;</a>&nbsp;&nbsp;&nbsp;rt_timer_stop
<LI><a href="#[190]">&gt;&gt;</a>&nbsp;&nbsp;&nbsp;rt_timer_detach
<LI><a href="#[201]">&gt;&gt;</a>&nbsp;&nbsp;&nbsp;rt_timer_start
<LI><a href="#[23d]">&gt;&gt;</a>&nbsp;&nbsp;&nbsp;rt_timer_check
</UL>

<P><STRONG><a name="[19a]"></a>rt_list_init</STRONG> (Thumb, 6 bytes, Stack size 0 bytes, timer.o(i.rt_list_init))
<BR><BR>[Called By]<UL><LI><a href="#[199]">&gt;&gt;</a>&nbsp;&nbsp;&nbsp;_timer_init
<LI><a href="#[235]">&gt;&gt;</a>&nbsp;&nbsp;&nbsp;rt_system_timer_init
<LI><a href="#[23d]">&gt;&gt;</a>&nbsp;&nbsp;&nbsp;rt_timer_check
</UL>

<P><STRONG><a name="[23e]"></a>rt_list_insert_after</STRONG> (Thumb, 14 bytes, Stack size 0 bytes, timer.o(i.rt_list_insert_after))
<BR><BR>[Called By]<UL><LI><a href="#[201]">&gt;&gt;</a>&nbsp;&nbsp;&nbsp;rt_timer_start
<LI><a href="#[23d]">&gt;&gt;</a>&nbsp;&nbsp;&nbsp;rt_timer_check
</UL>

<P><STRONG><a name="[23f]"></a>rt_list_isempty</STRONG> (Thumb, 16 bytes, Stack size 0 bytes, timer.o(i.rt_list_isempty))
<BR><BR>[Called By]<UL><LI><a href="#[23d]">&gt;&gt;</a>&nbsp;&nbsp;&nbsp;rt_timer_check
</UL>

<P><STRONG><a name="[19c]"></a>rt_list_remove</STRONG> (Thumb, 18 bytes, Stack size 0 bytes, timer.o(i.rt_list_remove))
<BR><BR>[Called By]<UL><LI><a href="#[19b]">&gt;&gt;</a>&nbsp;&nbsp;&nbsp;_timer_remove
<LI><a href="#[23d]">&gt;&gt;</a>&nbsp;&nbsp;&nbsp;rt_timer_check
</UL>

<P><STRONG><a name="[69]"></a>UART_DMAAbortOnError</STRONG> (Thumb, 20 bytes, Stack size 16 bytes, stm32f4xx_hal_uart.o(i.UART_DMAAbortOnError))
<BR><BR>[Stack]<UL><LI>Max Depth = 56<LI>Call Chain = UART_DMAAbortOnError &rArr; HAL_UART_ErrorCallback &rArr; rt_assert_handler &rArr;  rt_kprintf (Cycle)
</UL>
<BR>[Calls]<UL><LI><a href="#[132]">&gt;&gt;</a>&nbsp;&nbsp;&nbsp;HAL_UART_ErrorCallback
</UL>
<BR>[Address Reference Count : 1]<UL><LI> stm32f4xx_hal_uart.o(i.HAL_UART_IRQHandler)
</UL>
<P><STRONG><a name="[6c]"></a>UART_DMAError</STRONG> (Thumb, 80 bytes, Stack size 16 bytes, stm32f4xx_hal_uart.o(i.UART_DMAError))
<BR><BR>[Stack]<UL><LI>Max Depth = 56<LI>Call Chain = UART_DMAError &rArr; HAL_UART_ErrorCallback &rArr; rt_assert_handler &rArr;  rt_kprintf (Cycle)
</UL>
<BR>[Calls]<UL><LI><a href="#[158]">&gt;&gt;</a>&nbsp;&nbsp;&nbsp;UART_EndTxTransfer
<LI><a href="#[136]">&gt;&gt;</a>&nbsp;&nbsp;&nbsp;UART_EndRxTransfer
<LI><a href="#[132]">&gt;&gt;</a>&nbsp;&nbsp;&nbsp;HAL_UART_ErrorCallback
</UL>
<BR>[Address Reference Count : 2]<UL><LI> stm32f4xx_hal_uart.o(i.HAL_UART_Transmit_DMA)
<LI> stm32f4xx_hal_uart.o(i.UART_Start_Receive_DMA)
</UL>
<P><STRONG><a name="[6d]"></a>UART_DMAReceiveCplt</STRONG> (Thumb, 176 bytes, Stack size 16 bytes, stm32f4xx_hal_uart.o(i.UART_DMAReceiveCplt))
<BR><BR>[Stack]<UL><LI>Max Depth = 404<LI>Call Chain = UART_DMAReceiveCplt &rArr; HAL_UART_RxCpltCallback &rArr; dma_isr &rArr; rt_hw_serial_isr &rArr; rt_data_queue_pop &rArr; rt_timer_start &rArr; rt_schedule &rArr; _scheduler_stack_check &rArr; rt_kprintf &rArr; rt_vsnprintf &rArr; print_number
</UL>
<BR>[Calls]<UL><LI><a href="#[138]">&gt;&gt;</a>&nbsp;&nbsp;&nbsp;HAL_UARTEx_RxEventCallback
<LI><a href="#[143]">&gt;&gt;</a>&nbsp;&nbsp;&nbsp;HAL_UART_RxCpltCallback
</UL>
<BR>[Address Reference Count : 1]<UL><LI> stm32f4xx_hal_uart.o(i.UART_Start_Receive_DMA)
</UL>
<P><STRONG><a name="[6e]"></a>UART_DMARxHalfCplt</STRONG> (Thumb, 32 bytes, Stack size 16 bytes, stm32f4xx_hal_uart.o(i.UART_DMARxHalfCplt))
<BR><BR>[Stack]<UL><LI>Max Depth = 404<LI>Call Chain = UART_DMARxHalfCplt &rArr; HAL_UART_RxHalfCpltCallback &rArr; dma_isr &rArr; rt_hw_serial_isr &rArr; rt_data_queue_pop &rArr; rt_timer_start &rArr; rt_schedule &rArr; _scheduler_stack_check &rArr; rt_kprintf &rArr; rt_vsnprintf &rArr; print_number
</UL>
<BR>[Calls]<UL><LI><a href="#[138]">&gt;&gt;</a>&nbsp;&nbsp;&nbsp;HAL_UARTEx_RxEventCallback
<LI><a href="#[145]">&gt;&gt;</a>&nbsp;&nbsp;&nbsp;HAL_UART_RxHalfCpltCallback
</UL>
<BR>[Address Reference Count : 1]<UL><LI> stm32f4xx_hal_uart.o(i.UART_Start_Receive_DMA)
</UL>
<P><STRONG><a name="[6a]"></a>UART_DMATransmitCplt</STRONG> (Thumb, 88 bytes, Stack size 16 bytes, stm32f4xx_hal_uart.o(i.UART_DMATransmitCplt))
<BR><BR>[Stack]<UL><LI>Max Depth = 404<LI>Call Chain = UART_DMATransmitCplt &rArr; HAL_UART_TxCpltCallback &rArr; _dma_tx_complete &rArr; rt_hw_serial_isr &rArr; rt_data_queue_pop &rArr; rt_timer_start &rArr; rt_schedule &rArr; _scheduler_stack_check &rArr; rt_kprintf &rArr; rt_vsnprintf &rArr; print_number
</UL>
<BR>[Calls]<UL><LI><a href="#[147]">&gt;&gt;</a>&nbsp;&nbsp;&nbsp;HAL_UART_TxCpltCallback
</UL>
<BR>[Address Reference Count : 1]<UL><LI> stm32f4xx_hal_uart.o(i.HAL_UART_Transmit_DMA)
</UL>
<P><STRONG><a name="[6b]"></a>UART_DMATxHalfCplt</STRONG> (Thumb, 14 bytes, Stack size 16 bytes, stm32f4xx_hal_uart.o(i.UART_DMATxHalfCplt))
<BR><BR>[Stack]<UL><LI>Max Depth = 16<LI>Call Chain = UART_DMATxHalfCplt
</UL>
<BR>[Calls]<UL><LI><a href="#[159]">&gt;&gt;</a>&nbsp;&nbsp;&nbsp;HAL_UART_TxHalfCpltCallback
</UL>
<BR>[Address Reference Count : 1]<UL><LI> stm32f4xx_hal_uart.o(i.HAL_UART_Transmit_DMA)
</UL>
<P><STRONG><a name="[136]"></a>UART_EndRxTransfer</STRONG> (Thumb, 108 bytes, Stack size 0 bytes, stm32f4xx_hal_uart.o(i.UART_EndRxTransfer))
<BR><BR>[Called By]<UL><LI><a href="#[6c]">&gt;&gt;</a>&nbsp;&nbsp;&nbsp;UART_DMAError
<LI><a href="#[134]">&gt;&gt;</a>&nbsp;&nbsp;&nbsp;HAL_UART_IRQHandler
</UL>

<P><STRONG><a name="[13a]"></a>UART_EndTransmit_IT</STRONG> (Thumb, 32 bytes, Stack size 8 bytes, stm32f4xx_hal_uart.o(i.UART_EndTransmit_IT))
<BR><BR>[Stack]<UL><LI>Max Depth = 396<LI>Call Chain = UART_EndTransmit_IT &rArr; HAL_UART_TxCpltCallback &rArr; _dma_tx_complete &rArr; rt_hw_serial_isr &rArr; rt_data_queue_pop &rArr; rt_timer_start &rArr; rt_schedule &rArr; _scheduler_stack_check &rArr; rt_kprintf &rArr; rt_vsnprintf &rArr; print_number
</UL>
<BR>[Calls]<UL><LI><a href="#[147]">&gt;&gt;</a>&nbsp;&nbsp;&nbsp;HAL_UART_TxCpltCallback
</UL>
<BR>[Called By]<UL><LI><a href="#[134]">&gt;&gt;</a>&nbsp;&nbsp;&nbsp;HAL_UART_IRQHandler
</UL>

<P><STRONG><a name="[158]"></a>UART_EndTxTransfer</STRONG> (Thumb, 38 bytes, Stack size 0 bytes, stm32f4xx_hal_uart.o(i.UART_EndTxTransfer))
<BR><BR>[Called By]<UL><LI><a href="#[6c]">&gt;&gt;</a>&nbsp;&nbsp;&nbsp;UART_DMAError
</UL>

<P><STRONG><a name="[135]"></a>UART_Receive_IT</STRONG> (Thumb, 248 bytes, Stack size 24 bytes, stm32f4xx_hal_uart.o(i.UART_Receive_IT))
<BR><BR>[Stack]<UL><LI>Max Depth = 412<LI>Call Chain = UART_Receive_IT &rArr; HAL_UART_RxCpltCallback &rArr; dma_isr &rArr; rt_hw_serial_isr &rArr; rt_data_queue_pop &rArr; rt_timer_start &rArr; rt_schedule &rArr; _scheduler_stack_check &rArr; rt_kprintf &rArr; rt_vsnprintf &rArr; print_number
</UL>
<BR>[Calls]<UL><LI><a href="#[138]">&gt;&gt;</a>&nbsp;&nbsp;&nbsp;HAL_UARTEx_RxEventCallback
<LI><a href="#[143]">&gt;&gt;</a>&nbsp;&nbsp;&nbsp;HAL_UART_RxCpltCallback
</UL>
<BR>[Called By]<UL><LI><a href="#[134]">&gt;&gt;</a>&nbsp;&nbsp;&nbsp;HAL_UART_IRQHandler
</UL>

<P><STRONG><a name="[13d]"></a>UART_SetConfig</STRONG> (Thumb, 546 bytes, Stack size 40 bytes, stm32f4xx_hal_uart.o(i.UART_SetConfig))
<BR><BR>[Stack]<UL><LI>Max Depth = 88<LI>Call Chain = UART_SetConfig &rArr; __aeabi_uldivmod
</UL>
<BR>[Calls]<UL><LI><a href="#[107]">&gt;&gt;</a>&nbsp;&nbsp;&nbsp;HAL_RCC_GetPCLK2Freq
<LI><a href="#[105]">&gt;&gt;</a>&nbsp;&nbsp;&nbsp;HAL_RCC_GetPCLK1Freq
<LI><a href="#[108]">&gt;&gt;</a>&nbsp;&nbsp;&nbsp;__aeabi_uldivmod
</UL>
<BR>[Called By]<UL><LI><a href="#[13b]">&gt;&gt;</a>&nbsp;&nbsp;&nbsp;HAL_UART_Init
</UL>

<P><STRONG><a name="[139]"></a>UART_Transmit_IT</STRONG> (Thumb, 96 bytes, Stack size 0 bytes, stm32f4xx_hal_uart.o(i.UART_Transmit_IT))
<BR><BR>[Called By]<UL><LI><a href="#[134]">&gt;&gt;</a>&nbsp;&nbsp;&nbsp;HAL_UART_IRQHandler
</UL>

<P><STRONG><a name="[ef]"></a>DMA_CalcBaseAndBitshift</STRONG> (Thumb, 46 bytes, Stack size 0 bytes, stm32f4xx_hal_dma.o(i.DMA_CalcBaseAndBitshift))
<BR><BR>[Called By]<UL><LI><a href="#[f0]">&gt;&gt;</a>&nbsp;&nbsp;&nbsp;HAL_DMA_Init
<LI><a href="#[ee]">&gt;&gt;</a>&nbsp;&nbsp;&nbsp;HAL_DMA_DeInit
</UL>

<P><STRONG><a name="[f1]"></a>DMA_CheckFifoParam</STRONG> (Thumb, 170 bytes, Stack size 0 bytes, stm32f4xx_hal_dma.o(i.DMA_CheckFifoParam))
<BR><BR>[Called By]<UL><LI><a href="#[f0]">&gt;&gt;</a>&nbsp;&nbsp;&nbsp;HAL_DMA_Init
</UL>

<P><STRONG><a name="[f3]"></a>DMA_SetConfig</STRONG> (Thumb, 44 bytes, Stack size 12 bytes, stm32f4xx_hal_dma.o(i.DMA_SetConfig))
<BR><BR>[Stack]<UL><LI>Max Depth = 12<LI>Call Chain = DMA_SetConfig
</UL>
<BR>[Called By]<UL><LI><a href="#[f2]">&gt;&gt;</a>&nbsp;&nbsp;&nbsp;HAL_DMA_Start_IT
</UL>

<P><STRONG><a name="[123]"></a>TIM_ITRx_SetConfig</STRONG> (Thumb, 18 bytes, Stack size 0 bytes, stm32f4xx_hal_tim.o(i.TIM_ITRx_SetConfig))
<BR><BR>[Called By]<UL><LI><a href="#[120]">&gt;&gt;</a>&nbsp;&nbsp;&nbsp;HAL_TIM_ConfigClockSource
</UL>

<P><STRONG><a name="[127]"></a>TIM_OC1_SetConfig</STRONG> (Thumb, 104 bytes, Stack size 12 bytes, stm32f4xx_hal_tim.o(i.TIM_OC1_SetConfig))
<BR><BR>[Stack]<UL><LI>Max Depth = 12<LI>Call Chain = TIM_OC1_SetConfig
</UL>
<BR>[Called By]<UL><LI><a href="#[126]">&gt;&gt;</a>&nbsp;&nbsp;&nbsp;HAL_TIM_PWM_ConfigChannel
</UL>

<P><STRONG><a name="[129]"></a>TIM_OC3_SetConfig</STRONG> (Thumb, 112 bytes, Stack size 12 bytes, stm32f4xx_hal_tim.o(i.TIM_OC3_SetConfig))
<BR><BR>[Stack]<UL><LI>Max Depth = 12<LI>Call Chain = TIM_OC3_SetConfig
</UL>
<BR>[Called By]<UL><LI><a href="#[126]">&gt;&gt;</a>&nbsp;&nbsp;&nbsp;HAL_TIM_PWM_ConfigChannel
</UL>

<P><STRONG><a name="[12a]"></a>TIM_OC4_SetConfig</STRONG> (Thumb, 74 bytes, Stack size 12 bytes, stm32f4xx_hal_tim.o(i.TIM_OC4_SetConfig))
<BR><BR>[Stack]<UL><LI>Max Depth = 12<LI>Call Chain = TIM_OC4_SetConfig
</UL>
<BR>[Called By]<UL><LI><a href="#[126]">&gt;&gt;</a>&nbsp;&nbsp;&nbsp;HAL_TIM_PWM_ConfigChannel
</UL>

<P><STRONG><a name="[122]"></a>TIM_TI1_ConfigInputStage</STRONG> (Thumb, 38 bytes, Stack size 12 bytes, stm32f4xx_hal_tim.o(i.TIM_TI1_ConfigInputStage))
<BR><BR>[Stack]<UL><LI>Max Depth = 12<LI>Call Chain = TIM_TI1_ConfigInputStage
</UL>
<BR>[Called By]<UL><LI><a href="#[120]">&gt;&gt;</a>&nbsp;&nbsp;&nbsp;HAL_TIM_ConfigClockSource
</UL>

<P><STRONG><a name="[124]"></a>TIM_TI2_ConfigInputStage</STRONG> (Thumb, 40 bytes, Stack size 12 bytes, stm32f4xx_hal_tim.o(i.TIM_TI2_ConfigInputStage))
<BR><BR>[Stack]<UL><LI>Max Depth = 12<LI>Call Chain = TIM_TI2_ConfigInputStage
</UL>
<BR>[Called By]<UL><LI><a href="#[120]">&gt;&gt;</a>&nbsp;&nbsp;&nbsp;HAL_TIM_ConfigClockSource
</UL>

<P><STRONG><a name="[11b]"></a>TIM_CCxNChannelCmd</STRONG> (Thumb, 34 bytes, Stack size 12 bytes, stm32f4xx_hal_tim_ex.o(i.TIM_CCxNChannelCmd))
<BR><BR>[Stack]<UL><LI>Max Depth = 12<LI>Call Chain = TIM_CCxNChannelCmd
</UL>
<BR>[Called By]<UL><LI><a href="#[11c]">&gt;&gt;</a>&nbsp;&nbsp;&nbsp;HAL_TIMEx_PWMN_Stop
<LI><a href="#[11a]">&gt;&gt;</a>&nbsp;&nbsp;&nbsp;HAL_TIMEx_PWMN_Start
</UL>

<P><STRONG><a name="[100]"></a>__NVIC_GetPriorityGrouping</STRONG> (Thumb, 10 bytes, Stack size 0 bytes, stm32f4xx_hal_cortex.o(i.__NVIC_GetPriorityGrouping))
<BR><BR>[Called By]<UL><LI><a href="#[ff]">&gt;&gt;</a>&nbsp;&nbsp;&nbsp;HAL_NVIC_SetPriority
</UL>

<P><STRONG><a name="[101]"></a>__NVIC_SetPriority</STRONG> (Thumb, 32 bytes, Stack size 8 bytes, stm32f4xx_hal_cortex.o(i.__NVIC_SetPriority))
<BR><BR>[Stack]<UL><LI>Max Depth = 8<LI>Call Chain = __NVIC_SetPriority
</UL>
<BR>[Called By]<UL><LI><a href="#[ff]">&gt;&gt;</a>&nbsp;&nbsp;&nbsp;HAL_NVIC_SetPriority
<LI><a href="#[119]">&gt;&gt;</a>&nbsp;&nbsp;&nbsp;HAL_SYSTICK_Config
</UL>

<P><STRONG><a name="[68]"></a>_printf_input_char</STRONG> (Thumb, 10 bytes, Stack size 0 bytes, _printf_char_common.o(.text))
<BR>[Address Reference Count : 1]<UL><LI> _printf_char_common.o(.text)
</UL><P>
<H3>
Undefined Global Symbols
</H3><HR></body></html>
